Archive member included to satisfy reference by file (symbol)

/sources/glibc/src/glibc-2.37/build/elf/rtld-libc.a(rtld-check_fds.os)
                              /sources/glibc/src/glibc-2.37/build/elf/dl-allobjs.os (__libc_check_standard_fds)
/sources/glibc/src/glibc-2.37/build/elf/rtld-libc.a(rtld-errno.os)
                              /sources/glibc/src/glibc-2.37/build/elf/dl-allobjs.os (rtld_errno)
/sources/glibc/src/glibc-2.37/build/elf/rtld-libc.a(rtld-closedir.os)
                              /sources/glibc/src/glibc-2.37/build/elf/dl-allobjs.os (__closedir)
/sources/glibc/src/glibc-2.37/build/elf/rtld-libc.a(rtld-rewinddir.os)
                              /sources/glibc/src/glibc-2.37/build/elf/dl-allobjs.os (__rewinddir)
/sources/glibc/src/glibc-2.37/build/elf/rtld-libc.a(rtld-readdir64.os)
                              /sources/glibc/src/glibc-2.37/build/elf/dl-allobjs.os (__readdir64)
/sources/glibc/src/glibc-2.37/build/elf/rtld-libc.a(rtld-fdopendir.os)
                              /sources/glibc/src/glibc-2.37/build/elf/dl-allobjs.os (__fdopendir)
/sources/glibc/src/glibc-2.37/build/elf/rtld-libc.a(rtld-getdents64.os)
                              /sources/glibc/src/glibc-2.37/build/elf/rtld-libc.a(rtld-readdir64.os) (__getdents64)
/sources/glibc/src/glibc-2.37/build/elf/rtld-libc.a(rtld-dl-addr-obj.os)
                              /sources/glibc/src/glibc-2.37/build/elf/dl-allobjs.os (_dl_addr_inside_object)
/sources/glibc/src/glibc-2.37/build/elf/rtld-libc.a(rtld-profil.os)
                              /sources/glibc/src/glibc-2.37/build/elf/dl-allobjs.os (__profil)
/sources/glibc/src/glibc-2.37/build/elf/rtld-libc.a(rtld-prof-freq.os)
                              /sources/glibc/src/glibc-2.37/build/elf/dl-allobjs.os (__profile_frequency)
/sources/glibc/src/glibc-2.37/build/elf/rtld-libc.a(rtld-stat64.os)
                              /sources/glibc/src/glibc-2.37/build/elf/dl-allobjs.os (__GI___stat64)
/sources/glibc/src/glibc-2.37/build/elf/rtld-libc.a(rtld-fstat64.os)
                              /sources/glibc/src/glibc-2.37/build/elf/dl-allobjs.os (__GI___fstat64)
/sources/glibc/src/glibc-2.37/build/elf/rtld-libc.a(rtld-lstat64.os)
                              /sources/glibc/src/glibc-2.37/build/elf/dl-allobjs.os (__GI___lstat64)
/sources/glibc/src/glibc-2.37/build/elf/rtld-libc.a(rtld-fstatat64.os)
                              /sources/glibc/src/glibc-2.37/build/elf/dl-allobjs.os (__GI___fstatat64)
/sources/glibc/src/glibc-2.37/build/elf/rtld-libc.a(rtld-openat64.os)
                              /sources/glibc/src/glibc-2.37/build/elf/dl-allobjs.os (__openat64)
/sources/glibc/src/glibc-2.37/build/elf/rtld-libc.a(rtld-lseek64.os)
                              /sources/glibc/src/glibc-2.37/build/elf/dl-allobjs.os (__lseek)
/sources/glibc/src/glibc-2.37/build/elf/rtld-libc.a(rtld-access.os)
                              /sources/glibc/src/glibc-2.37/build/elf/dl-allobjs.os (__access)
/sources/glibc/src/glibc-2.37/build/elf/rtld-libc.a(rtld-close_nocancel.os)
                              /sources/glibc/src/glibc-2.37/build/elf/dl-allobjs.os (__GI___close_nocancel)
/sources/glibc/src/glibc-2.37/build/elf/rtld-libc.a(rtld-fcntl_nocancel.os)
                              /sources/glibc/src/glibc-2.37/build/elf/dl-allobjs.os (__GI___fcntl64_nocancel)
/sources/glibc/src/glibc-2.37/build/elf/rtld-libc.a(rtld-open64_nocancel.os)
                              /sources/glibc/src/glibc-2.37/build/elf/dl-allobjs.os (__GI___open64_nocancel)
/sources/glibc/src/glibc-2.37/build/elf/rtld-libc.a(rtld-read_nocancel.os)
                              /sources/glibc/src/glibc-2.37/build/elf/dl-allobjs.os (__GI___read_nocancel)
/sources/glibc/src/glibc-2.37/build/elf/rtld-libc.a(rtld-pread64_nocancel.os)
                              /sources/glibc/src/glibc-2.37/build/elf/dl-allobjs.os (__GI___pread64_nocancel)
/sources/glibc/src/glibc-2.37/build/elf/rtld-libc.a(rtld-write_nocancel.os)
                              /sources/glibc/src/glibc-2.37/build/elf/dl-allobjs.os (__GI___write_nocancel)
/sources/glibc/src/glibc-2.37/build/elf/rtld-libc.a(rtld-scratch_buffer_set_array_size.os)
                              /sources/glibc/src/glibc-2.37/build/elf/dl-allobjs.os (__libc_scratch_buffer_set_array_size)
/sources/glibc/src/glibc-2.37/build/elf/rtld-libc.a(rtld-mmap64.os)
                              /sources/glibc/src/glibc-2.37/build/elf/dl-allobjs.os (__mmap)
/sources/glibc/src/glibc-2.37/build/elf/rtld-libc.a(rtld-munmap.os)
                              /sources/glibc/src/glibc-2.37/build/elf/dl-allobjs.os (__munmap)
/sources/glibc/src/glibc-2.37/build/elf/rtld-libc.a(rtld-mprotect.os)
                              /sources/glibc/src/glibc-2.37/build/elf/dl-allobjs.os (__mprotect)
/sources/glibc/src/glibc-2.37/build/elf/rtld-libc.a(rtld-lowlevellock.os)
                              /sources/glibc/src/glibc-2.37/build/elf/dl-allobjs.os (__lll_lock_wait_private)
[...]
Memory Configuration

Name             Origin             Length             Attributes
*default*        0x0000000000000000 0xffffffffffffffff

Linker script and memory map

START GROUP
LOAD /sources/glibc/src/glibc-2.37/build/elf/dl-allobjs.os
LOAD /sources/glibc/src/glibc-2.37/build/elf/rtld-libc.a
LOAD /usr/lib/gcc/x86_64-lfs-linux-gnu/12.2.0/libgcc.a
END GROUP

.interp
 *(.interp)

.note.gnu.property
                0x0000000000000000       0x30
 .note.gnu.property
                0x0000000000000000       0x30 /sources/glibc/src/glibc-2.37/build/elf/dl-allobjs.os

.note.gnu.build-id
 *(.note.gnu.build-id)

.hash
 *(.hash)

.gnu.hash
 *(.gnu.hash)

.dynsym
 *(.dynsym)

.dynstr
 *(.dynstr)

.gnu.version
 *(.gnu.version)

.gnu.version_d
 *(.gnu.version_d)

.gnu.version_r
 *(.gnu.version_r)

.rela.init
 *(.rela.init)

.rela.text
 *(.rela.text)

.rela.fini
 *(.rela.fini)

.rela.rodata
 *(.rela.rodata)

.rela.data.rel.ro
 *(.rela.data.rel.ro)

.rela.data
 *(.rela.data)

.rela.tdata
 *(.rela.tdata)

.rela.tbss
 *(.rela.tbss)

.rela.ctors
 *(.rela.ctors)

.rela.dtors
 *(.rela.dtors)

.rela.got
 *(.rela.got)

.rela.bss
 *(.rela.bss)

.rela.ldata
 *(.rela.ldata)

.rela.lbss
 *(.rela.lbss)

.rela.lrodata
 *(.rela.lrodata)

.rela.ifunc
 *(.rela.ifunc)

.rela.plt
 *(.rela.plt)

.relr.dyn
 *(.relr.dyn)

.init
 *(SORT_NONE(.init))

.plt
 *(.plt)

.plt.got
 *(.plt.got)

.plt.sec
 *(.plt.sec)

.text           0x0000000000000000    0x23cf3
 *(.text .stub)
 .text          0x0000000000000000    0x1e88d /sources/glibc/src/glibc-2.37/build/elf/dl-allobjs.os
                0x0000000000000000                _dl_call_libc_early_init
                0x0000000000000080                _dl_call_fini
                0x00000000000001b0                _dl_signal_exception
                0x00000000000001b0                __GI__dl_signal_exception
                0x0000000000000210                __GI__dl_signal_error
                0x0000000000000210                _dl_signal_error
                0x0000000000000280                _dl_signal_cexception
                0x0000000000000300                _dl_signal_cerror
                0x0000000000000380                _dl_receive_error
                0x0000000000000410                _dl_catch_exception
                0x0000000000000410                __GI__dl_catch_exception
                0x0000000000000590                _dl_catch_error
                0x00000000000006f0                _dl_close_worker
                0x0000000000001460                _dl_close
                0x00000000000014d0                _dl_debug_state
                0x00000000000014d0                __GI__dl_debug_state
                0x00000000000014e0                _dl_debug_update
                0x0000000000001530                _dl_debug_initialize
                0x00000000000016e0                _dl_map_object_deps
                0x00000000000026b0                _dl_error_free
                0x00000000000026d0                _dl_exception_create
                0x00000000000026d0                __GI__dl_exception_create
                0x00000000000027a0                __GI__dl_exception_create_format
                0x00000000000027a0                _dl_exception_create_format
                0x0000000000002c10                _dl_exception_free
                0x0000000000002c10                __GI__dl_exception_free
                0x0000000000002c30                _dl_make_stacks_executable
                0x0000000000002da0                __GI___nptl_change_stack_perm
                0x0000000000002da0                __nptl_change_stack_perm
                0x0000000000002fe0                __GI__dl_find_object
                0x0000000000002fe0                _dl_find_object
                0x0000000000003320                _dlfo_sort_mappings
                0x00000000000033c0                _dl_find_object_init
                0x0000000000003570                _dl_find_object_update
                0x0000000000003a60                _dl_find_object_dlclose
                0x0000000000003b30                _dl_find_object_freeres
                0x0000000000003ba0                _dl_fini
                0x0000000000003f50                _dl_init
                0x0000000000004de0                _dl_dst_count
                0x0000000000004e80                _dl_dst_substitute
                0x00000000000055e0                _dl_init_paths
                0x0000000000005910                _dl_process_pt_gnu_property
                0x0000000000007250                _dl_map_object
                0x0000000000007d60                _dl_rtld_di_serinfo
                0x0000000000008cd0                _dl_lookup_symbol_x
                0x00000000000098a0                _dl_lookup_direct
                0x0000000000009a40                __minimal_malloc
                0x0000000000009b60                __minimal_calloc
                0x0000000000009ba0                __minimal_free
                0x0000000000009be0                __minimal_realloc
                0x0000000000009c70                _dl_sysdep_read_whole_file
                0x0000000000009d00                _dl_name_match_p
                0x0000000000009d60                _dl_higher_prime_number
                0x0000000000009db0                _dl_strtoul
                0x0000000000009f10                _dl_add_to_namespace_list
                0x0000000000009fb0                _dl_new_object
                0x000000000000a7f0                __GI__dl_find_dso_for_object
                0x000000000000a7f0                _dl_find_dso_for_object
                0x000000000000a8c0                _dl_open
                0x000000000000abb0                _dl_show_scope
                0x000000000000b730                _dl_get_origin
                0x000000000000bf50                _dl_debug_printf
                0x000000000000c000                _dl_debug_printf_c
                0x000000000000c0b0                _dl_dprintf
                0x000000000000c150                _dl_printf
                0x000000000000c1f0                _dl_error_printf
                0x000000000000c290                _dl_fatal_printf
                0x000000000000c290                __GI__dl_fatal_printf
                0x000000000000c330                _dl_start_profile
                0x000000000000ca80                __GI__dl_mcount
                0x000000000000ca80                _dl_mcount
                0x000000000000cc60                _dl_try_allocate_static_tls
                0x000000000000cd80                _dl_allocate_static_tls
                0x000000000000cdb0                _dl_protect_relro
                0x000000000000ce10                _dl_reloc_bad_type
                0x000000000000cee0                _dl_relocate_object
                0x000000000000f0d0                _dl_fixup
                0x000000000000f370                _dl_profile_fixup
                0x000000000000f6a0                _dl_scope_free
                0x000000000000f770                _dl_setup_hash
                0x000000000000f910                _dl_sort_maps_init
                0x000000000000f940                _dl_sort_maps
                0x000000000000fda0                __thread_gscope_wait
                0x0000000000010230                _dl_tls_static_surplus_init
                0x00000000000102c0                _dl_assign_tls_modid
                0x00000000000103d0                _dl_count_modids
                0x0000000000010440                _dl_determine_tlsoffset
                0x0000000000010600                _dl_get_tls_static_info
                0x0000000000010620                _dl_allocate_tls_storage
                0x00000000000106c0                __GI__dl_allocate_tls_init
                0x00000000000106c0                _dl_allocate_tls_init
                0x0000000000010960                __GI__dl_allocate_tls
                0x0000000000010960                _dl_allocate_tls
                0x00000000000109a0                _dl_deallocate_tls
                0x00000000000109a0                __GI__dl_deallocate_tls
                0x0000000000010a20                _dl_update_slotinfo
                0x0000000000010c80                __GI___tls_get_addr
                0x0000000000010c80                ___tls_get_addr
                0x0000000000010cc0                _dl_tls_get_addr_soft
                0x0000000000010d40                _dl_add_to_slotinfo
                0x0000000000010e60                _dl_init_static_tls
                0x0000000000010f90                __tls_get_addr_slow
                0x0000000000010fd0                __tls_pre_init_tp
                0x0000000000011030                __tls_init_tp
                0x0000000000011160                _dl_runtime_profile_sse
                0x00000000000112f0                _dl_runtime_resolve_fxsave
                0x0000000000011370                _dl_runtime_resolve_xsave
                0x0000000000011440                _dl_runtime_resolve_xsavec
                0x0000000000011500                _dl_check_map_versions
                0x0000000000011de0                _dl_check_all_versions
                0x0000000000011e50                _dl_write
                0x0000000000011e60                _dl_cache_libcmp
                0x0000000000012670                _dl_load_cache_lookup
                0x00000000000129b0                _dl_unload_cache
                0x0000000000012b00                __GI___tunable_set_val
                0x0000000000012b20                __GI___tunables_init
                0x00000000000130f0                __GI___tunables_print
                0x0000000000013200                __tunable_get_val
                0x0000000000013200                __GI___tunable_get_val
                0x0000000000013270                _dl_make_tlsdesc_dynamic
                0x0000000000013520                _dl_unmap
                0x00000000000135a0                _dl_tlsdesc_return
                0x00000000000135b0                _dl_tlsdesc_undefweak
                0x00000000000135c0                _dl_tlsdesc_dynamic
                0x0000000000013660                __tls_get_addr
                0x00000000000157a0                __x86_cpu_features
                0x00000000000157c0                _dl_x86_init_cpu_features
                0x00000000000157e0                _dl_x86_get_cpu_features
                0x00000000000157f0                _dl_audit_activity_map
                0x0000000000015890                _dl_audit_activity_nsid
                0x00000000000158d0                _dl_audit_objsearch
                0x00000000000159a0                _dl_audit_objopen
                0x0000000000015a70                _dl_audit_objclose
                0x0000000000015b20                _dl_audit_preinit
                0x0000000000015bb0                _dl_audit_symbind_alt
                0x0000000000015bb0                __GI__dl_audit_symbind_alt
                0x0000000000015d90                _dl_audit_symbind
                0x0000000000016050                _dl_audit_pltenter
                0x0000000000016290                _dl_audit_pltexit
                0x0000000000016490                _dl_diagnostics_print_string
                0x0000000000016510                _dl_diagnostics_print_labeled_string
                0x0000000000016550                _dl_diagnostics_print_labeled_value
                0x0000000000016570                _dl_print_diagnostics
                0x0000000000016970                _dl_diagnostics_cpu
                0x0000000000017070                _dl_diagnostics_kernel
                0x0000000000017110                _dl_next_ld_env_entry
                0x0000000000017160                unsetenv
                0x0000000000017280                _dl_important_hwcaps
                0x0000000000017610                _dl_hwcaps_subdirs_active
                0x00000000000176f0                _dl_hwcaps_split
                0x0000000000017790                _dl_hwcaps_contains
                0x0000000000017840                _dl_hwcaps_split_masked
                0x0000000000017880                __rtld_libc_freeres
                0x0000000000017890                __rtld_malloc_init_stubs
                0x00000000000178d0                __sigjmp_save
                0x00000000000178e0                __strerror_r
                0x00000000000179d0                __GI___libc_fatal
                0x00000000000179d0                __libc_fatal
                0x00000000000179f0                __GI___chk_fail
                0x00000000000179f0                __chk_fail
                0x0000000000017a00                __GI___assert_fail
                0x0000000000017a00                __assert_fail
                0x0000000000017a30                __rtld_malloc_is_complete
                0x0000000000017b40                __rtld_malloc_init_real
                0x0000000000017c30                __GI___assert_perror_fail
                0x0000000000017c30                __assert_perror_fail
                0x0000000000017c90                _itoa
                0x0000000000017cf0                __strsep
                0x0000000000017cf0                strsep
                0x0000000000017cf0                __strsep_g
                0x0000000000017d80                __rtld_mutex_init
                0x0000000000018000                _dl_tunable_set_hwcaps
                0x00000000000189e0                _dl_sysdep_start
                0x0000000000018aa0                _dl_sysdep_start_cleanup
                0x0000000000018ab0                _dl_show_auxv
                0x0000000000018d00                _dl_usage
                0x0000000000018d50                _dl_version
                0x0000000000018d70                _dl_help
                0x0000000000019020                _start
                0x0000000000019028                _dl_start_user
                0x000000000001a350                handle_preload_list
                0x000000000001e030                __brk
                0x000000000001e030                brk
                0x000000000001e060                sbrk
                0x000000000001e060                __sbrk
                0x000000000001e0e0                __getcwd
                0x000000000001e0e0                getcwd
                0x000000000001e6d0                openat64
                0x000000000001e730                __alloc_dir
                0x000000000001e800                __opendir
                0x000000000001e800                opendir
 *fill*         0x000000000001e88d        0x3 
 .text          0x000000000001e890       0xd2 /sources/glibc/src/glibc-2.37/build/elf/rtld-libc.a(rtld-check_fds.os)
                0x000000000001e930                __libc_check_standard_fds
 .text          0x000000000001e962        0x0 /sources/glibc/src/glibc-2.37/build/elf/rtld-libc.a(rtld-errno.os)
 *fill*         0x000000000001e962        0xe 
 .text          0x000000000001e970       0x26 /sources/glibc/src/glibc-2.37/build/elf/rtld-libc.a(rtld-closedir.os)
                0x000000000001e970                __closedir
                0x000000000001e970                closedir
 *fill*         0x000000000001e996        0xa 
 .text          0x000000000001e9a0       0x28 /sources/glibc/src/glibc-2.37/build/elf/rtld-libc.a(rtld-rewinddir.os)
                0x000000000001e9a0                rewinddir
                0x000000000001e9a0                __rewinddir
 *fill*         0x000000000001e9c8        0x8 
 .text          0x000000000001e9d0       0x8a /sources/glibc/src/glibc-2.37/build/elf/rtld-libc.a(rtld-readdir64.os)
                0x000000000001e9d0                readdir
                0x000000000001e9d0                __readdir64
                0x000000000001e9d0                __readdir
                0x000000000001e9d0                readdir64
 *fill*         0x000000000001ea5a        0x6 
 .text          0x000000000001ea60       0x7e /sources/glibc/src/glibc-2.37/build/elf/rtld-libc.a(rtld-fdopendir.os)
                0x000000000001ea60                fdopendir
                0x000000000001ea60                __fdopendir
 *fill*         0x000000000001eade        0x2 
 .text          0x000000000001eae0       0x30 /sources/glibc/src/glibc-2.37/build/elf/rtld-libc.a(rtld-getdents64.os)
                0x000000000001eae0                __getdents
                0x000000000001eae0                getdents64
                0x000000000001eae0                __getdents64
 .text          0x000000000001eb10       0x7b /sources/glibc/src/glibc-2.37/build/elf/rtld-libc.a(rtld-dl-addr-obj.os)
                0x000000000001eb10                _dl_addr_inside_object
 *fill*         0x000000000001eb8b        0x5 
 .text          0x000000000001eb90       0xf7 /sources/glibc/src/glibc-2.37/build/elf/rtld-libc.a(rtld-profil.os)
                0x000000000001ebe0                __profil
                0x000000000001ebe0                profil
 *fill*         0x000000000001ec87        0x9 
 .text          0x000000000001ec90        0x7 /sources/glibc/src/glibc-2.37/build/elf/rtld-libc.a(rtld-prof-freq.os)
                0x000000000001ec90                __profile_frequency
 *fill*         0x000000000001ec97        0x9 
 .text          0x000000000001eca0       0x12 /sources/glibc/src/glibc-2.37/build/elf/rtld-libc.a(rtld-stat64.os)
                0x000000000001eca0                stat64
                0x000000000001eca0                __stat
                0x000000000001eca0                __stat64
                0x000000000001eca0                stat
                0x000000000001eca0                __GI___stat64
 *fill*         0x000000000001ecb2        0xe 
 .text          0x000000000001ecc0       0x30 /sources/glibc/src/glibc-2.37/build/elf/rtld-libc.a(rtld-fstat64.os)
                0x000000000001ecc0                __GI___fstat64
                0x000000000001ecc0                fstat64
                0x000000000001ecc0                fstat
                0x000000000001ecc0                __fstat64
                0x000000000001ecc0                __fstat
 .text          0x000000000001ecf0       0x15 /sources/glibc/src/glibc-2.37/build/elf/rtld-libc.a(rtld-lstat64.os)
                0x000000000001ecf0                __lstat64
                0x000000000001ecf0                lstat
                0x000000000001ecf0                lstat64
                0x000000000001ecf0                __GI___lstat64
                0x000000000001ecf0                __lstat
 *fill*         0x000000000001ed05        0xb 
 .text          0x000000000001ed10       0x26 /sources/glibc/src/glibc-2.37/build/elf/rtld-libc.a(rtld-fstatat64.os)
                0x000000000001ed10                fstatat
                0x000000000001ed10                __fstatat
                0x000000000001ed10                fstatat64
                0x000000000001ed10                __fstatat64
                0x000000000001ed10                __GI___fstatat
                0x000000000001ed10                __GI___fstatat64
 *fill*         0x000000000001ed36        0xa 
 .text          0x000000000001ed40       0x66 /sources/glibc/src/glibc-2.37/build/elf/rtld-libc.a(rtld-openat64.os)
                0x000000000001ed40                __openat64
                0x000000000001ed40                __libc_openat64
                0x000000000001ed40                __openat
                0x000000000001ed40                openat
 *fill*         0x000000000001eda6        0xa 
 .text          0x000000000001edb0       0x20 /sources/glibc/src/glibc-2.37/build/elf/rtld-libc.a(rtld-lseek64.os)
                0x000000000001edb0                __lseek64
                0x000000000001edb0                lseek
                0x000000000001edb0                __libc_lseek64
                0x000000000001edb0                __lseek
                0x000000000001edb0                __libc_lseek
                0x000000000001edb0                lseek64
 .text          0x000000000001edd0       0x1e /sources/glibc/src/glibc-2.37/build/elf/rtld-libc.a(rtld-access.os)
                0x000000000001edd0                access
                0x000000000001edd0                __access
 *fill*         0x000000000001edee        0x2 
 .text          0x000000000001edf0       0x1e /sources/glibc/src/glibc-2.37/build/elf/rtld-libc.a(rtld-close_nocancel.os)
                0x000000000001edf0                __GI___close_nocancel
 *fill*         0x000000000001ee0e        0x2 
 .text          0x000000000001ee10       0xce /sources/glibc/src/glibc-2.37/build/elf/rtld-libc.a(rtld-fcntl_nocancel.os)
                0x000000000001ee10                __fcntl64_nocancel
                0x000000000001ee10                __GI___fcntl64_nocancel
                0x000000000001ee90                __fcntl64_nocancel_adjusted
 *fill*         0x000000000001eede        0x2 
 .text          0x000000000001eee0       0x76 /sources/glibc/src/glibc-2.37/build/elf/rtld-libc.a(rtld-open64_nocancel.os)
                0x000000000001eee0                __GI___open_nocancel
                0x000000000001eee0                __open_nocancel
                0x000000000001eee0                __GI___open64_nocancel
                0x000000000001eee0                __open64_nocancel
 *fill*         0x000000000001ef56        0xa 
 .text          0x000000000001ef60       0x20 /sources/glibc/src/glibc-2.37/build/elf/rtld-libc.a(rtld-read_nocancel.os)
                0x000000000001ef60                __read_nocancel
                0x000000000001ef60                __GI___read_nocancel
 .text          0x000000000001ef80       0x28 /sources/glibc/src/glibc-2.37/build/elf/rtld-libc.a(rtld-pread64_nocancel.os)
                0x000000000001ef80                __GI___pread64_nocancel
                0x000000000001ef80                __pread64_nocancel
 *fill*         0x000000000001efa8        0x8 
 .text          0x000000000001efb0       0x20 /sources/glibc/src/glibc-2.37/build/elf/rtld-libc.a(rtld-write_nocancel.os)
                0x000000000001efb0                __GI___write_nocancel
                0x000000000001efb0                __write_nocancel
 .text          0x000000000001efd0       0xaf /sources/glibc/src/glibc-2.37/build/elf/rtld-libc.a(rtld-scratch_buffer_set_array_size.os)
                0x000000000001efd0                __libc_scratch_buffer_set_array_size
 *fill*         0x000000000001f07f        0x1 
 .text          0x000000000001f080       0x48 /sources/glibc/src/glibc-2.37/build/elf/rtld-libc.a(rtld-mmap64.os)
                0x000000000001f080                __mmap
                0x000000000001f080                mmap
                0x000000000001f080                __mmap64
                0x000000000001f080                mmap64
 *fill*         0x000000000001f0c8        0x8 
 .text          0x000000000001f0d0       0x20 /sources/glibc/src/glibc-2.37/build/elf/rtld-libc.a(rtld-munmap.os)
                0x000000000001f0d0                munmap
                0x000000000001f0d0                __GI___munmap
                0x000000000001f0d0                __GI_munmap
                0x000000000001f0d0                __munmap
 .text          0x000000000001f0f0       0x20 /sources/glibc/src/glibc-2.37/build/elf/rtld-libc.a(rtld-mprotect.os)
                0x000000000001f0f0                __mprotect
                0x000000000001f0f0                __GI___mprotect
                0x000000000001f0f0                __GI_mprotect
                0x000000000001f0f0                mprotect
 .text          0x000000000001f110       0xe4 /sources/glibc/src/glibc-2.37/build/elf/rtld-libc.a(rtld-lowlevellock.os)
                0x000000000001f110                __lll_lock_wait_private
                0x000000000001f160                __lll_lock_wait
                0x000000000001f1c0                __lll_lock_wake_private
                0x000000000001f1e0                __lll_lock_wake
 *fill*         0x000000000001f1f4        0xc 
 .text          0x000000000001f200       0x20 /sources/glibc/src/glibc-2.37/build/elf/rtld-libc.a(rtld-uname.os)
                0x000000000001f200                uname
                0x000000000001f200                __GI_uname
                0x000000000001f200                __uname
                0x000000000001f200                __GI___uname
 .text          0x000000000001f220       0x27 /sources/glibc/src/glibc-2.37/build/elf/rtld-libc.a(rtld-_exit.os)
                0x000000000001f220                _Exit
                0x000000000001f220                __GI__exit
                0x000000000001f220                _exit
 *fill*         0x000000000001f247        0x9 
 .text          0x000000000001f250        0x8 /sources/glibc/src/glibc-2.37/build/elf/rtld-libc.a(rtld-getpid.os)
                0x000000000001f250                __getpid
                0x000000000001f250                getpid
                0x000000000001f250                __GI_getpid
                0x000000000001f250                __GI___getpid
 .text          0x000000000001f258        0x0 /sources/glibc/src/glibc-2.37/build/elf/rtld-libc.a(rtld-environ.os)
 *fill*         0x000000000001f258        0x8 
 .text          0x000000000001f260       0x4f /sources/glibc/src/glibc-2.37/build/elf/rtld-libc.a(rtld-setjmp.os)
                0x000000000001f260                __sigsetjmp
                0x000000000001f260                __GI___sigsetjmp
 *fill*         0x000000000001f2af        0x1 
 .text          0x000000000001f2b0       0x4a /sources/glibc/src/glibc-2.37/build/elf/rtld-libc.a(rtld-__longjmp.os)
                0x000000000001f2b0                __longjmp
 *fill*         0x000000000001f2fa        0x6 
 .text          0x000000000001f300       0x28 /sources/glibc/src/glibc-2.37/build/elf/rtld-libc.a(rtld-sigaction.os)
                0x000000000001f300                sigaction
                0x000000000001f300                __sigaction
 *fill*         0x000000000001f328        0x8 
 .text          0x000000000001f330      0x1a7 /sources/glibc/src/glibc-2.37/build/elf/rtld-libc.a(rtld-libc_sigaction.os)
                0x000000000001f350                __libc_sigaction
 *fill*         0x000000000001f4d7        0x9 
 .text          0x000000000001f4e0      0x323 /sources/glibc/src/glibc-2.37/build/elf/rtld-libc.a(rtld-memchr.os)
                0x000000000001f4e0                memchr
                0x000000000001f4e0                __memchr
 *fill*         0x000000000001f803       0x1d 
 .text          0x000000000001f820      0x2d0 /sources/glibc/src/glibc-2.37/build/elf/rtld-libc.a(rtld-memcmp.os)
                0x000000000001f820                bcmp
                0x000000000001f820                memcmp
 .text          0x000000000001faf0      0x1e1 /sources/glibc/src/glibc-2.37/build/elf/rtld-libc.a(rtld-memmove.os)
                0x000000000001faf0                mempcpy
                0x000000000001faf0                __mempcpy
                0x000000000001fb00                memmove
                0x000000000001fb00                memcpy
 *fill*         0x000000000001fcd1        0xf 
 .text          0x000000000001fce0       0xc9 /sources/glibc/src/glibc-2.37/build/elf/rtld-libc.a(rtld-memset.os)
                0x000000000001fce0                memset
 *fill*         0x000000000001fda9        0x7 
 .text          0x000000000001fdb0      0x1f9 /sources/glibc/src/glibc-2.37/build/elf/rtld-libc.a(rtld-rawmemchr.os)
                0x000000000001fdb0                __rawmemchr
                0x000000000001fdb0                rawmemchr
 *fill*         0x000000000001ffa9        0x7 
 .text          0x000000000001ffb0      0x6b0 /sources/glibc/src/glibc-2.37/build/elf/rtld-libc.a(rtld-stpcpy.os)
                0x000000000001ffb0                stpcpy
                0x000000000001ffb0                __stpcpy
 .text          0x0000000000020660      0x21a /sources/glibc/src/glibc-2.37/build/elf/rtld-libc.a(rtld-strchr.os)
                0x0000000000020660                index
                0x0000000000020660                strchr
 *fill*         0x000000000002087a        0x6 
 .text          0x0000000000020880     0x1439 /sources/glibc/src/glibc-2.37/build/elf/rtld-libc.a(rtld-strcmp.os)
                0x0000000000020880                strcmp
 *fill*         0x0000000000021cb9        0x7 
 .text          0x0000000000021cc0      0x157 /sources/glibc/src/glibc-2.37/build/elf/rtld-libc.a(rtld-strcspn.os)
                0x0000000000021cc0                strcspn
 *fill*         0x0000000000021e17        0x9 
 .text          0x0000000000021e20       0x41 /sources/glibc/src/glibc-2.37/build/elf/rtld-libc.a(rtld-strdup.os)
                0x0000000000021e20                __strdup
                0x0000000000021e20                strdup
 *fill*         0x0000000000021e61        0xf 
 .text          0x0000000000021e70        0x5 /sources/glibc/src/glibc-2.37/build/elf/rtld-libc.a(rtld-strerrorname_np.os)
                0x0000000000021e70                strerrorname_np
 *fill*         0x0000000000021e75        0xb 
 .text          0x0000000000021e80      0x19c /sources/glibc/src/glibc-2.37/build/elf/rtld-libc.a(rtld-strlen.os)
                0x0000000000021e80                strlen
 *fill*         0x000000000002201c        0x4 
 .text          0x0000000000022020     0x1849 /sources/glibc/src/glibc-2.37/build/elf/rtld-libc.a(rtld-strncmp.os)
                0x0000000000022020                strncmp
 *fill*         0x0000000000023869        0x7 
 .text          0x0000000000023870      0x218 /sources/glibc/src/glibc-2.37/build/elf/rtld-libc.a(rtld-strnlen.os)
                0x0000000000023870                __strnlen
                0x0000000000023870                strnlen
 *fill*         0x0000000000023a88        0x8 
 .text          0x0000000000023a90      0x20a /sources/glibc/src/glibc-2.37/build/elf/rtld-libc.a(rtld-strchrnul.os)
                0x0000000000023a90                __strchrnul
                0x0000000000023a90                strchrnul
 *fill*         0x0000000000023c9a        0x6 
 .text          0x0000000000023ca0       0x1e /sources/glibc/src/glibc-2.37/build/elf/rtld-libc.a(rtld-setitimer.os)
                0x0000000000023ca0                setitimer
                0x0000000000023ca0                __setitimer
 *fill*         0x0000000000023cbe        0x2 
 .text          0x0000000000023cc0       0x33 /sources/glibc/src/glibc-2.37/build/elf/rtld-libc.a(rtld-errname.os)
                0x0000000000023cc0                __get_errname
 *(.gnu.warning)

.text.evex512   0x0000000000000000      0x3f9
 .text.evex512  0x0000000000000000      0x3f9 /sources/glibc/src/glibc-2.37/build/elf/dl-allobjs.os
                0x0000000000000000                _dl_runtime_profile_avx512

.text.avx       0x0000000000000000      0x3eb
 .text.avx      0x0000000000000000      0x3eb /sources/glibc/src/glibc-2.37/build/elf/dl-allobjs.os
                0x0000000000000000                _dl_runtime_profile_avx

.text.compat    0x0000000000000000        0x1
 .text.compat   0x0000000000000000        0x1 /sources/glibc/src/glibc-2.37/build/elf/dl-allobjs.os
                0x0000000000000000                __rtld_version_placeholder_1
                0x0000000000000000                __rtld_version_placeholder@GLIBC_2.34

.fini
 *(SORT_NONE(.fini))

.rodata         0x0000000000000000     0x1755
 *(.rodata)
 .rodata        0x0000000000000000     0x10d2 /sources/glibc/src/glibc-2.37/build/elf/dl-allobjs.os
 .rodata        0x00000000000010d2       0x80 /sources/glibc/src/glibc-2.37/build/elf/rtld-libc.a(rtld-stpcpy.os)
 *fill*         0x0000000000001152        0x6 
 .rodata        0x0000000000001158       0x40 /sources/glibc/src/glibc-2.37/build/elf/rtld-libc.a(rtld-strcmp.os)
 .rodata        0x0000000000001198       0x40 /sources/glibc/src/glibc-2.37/build/elf/rtld-libc.a(rtld-strncmp.os)
 *fill*         0x00000000000011d8        0x8 
 .rodata        0x00000000000011e0      0x575 /sources/glibc/src/glibc-2.37/build/elf/rtld-libc.a(rtld-errname.os)

.rodata.str1.1  0x0000000000000000     0x17bf
 .rodata.str1.1
                0x0000000000000000     0x17aa /sources/glibc/src/glibc-2.37/build/elf/dl-allobjs.os
 .rodata.str1.1
                0x00000000000017aa       0x14 /sources/glibc/src/glibc-2.37/build/elf/rtld-libc.a(rtld-check_fds.os)
 .rodata.str1.1
                0x00000000000017be        0x1 /sources/glibc/src/glibc-2.37/build/elf/rtld-libc.a(rtld-fstat64.os)

.rodata.str1.16
                0x0000000000000000      0x525
 .rodata.str1.16
                0x0000000000000000      0x525 /sources/glibc/src/glibc-2.37/build/elf/dl-allobjs.os
                0x0000000000000390                _dl_hwcaps_subdirs
                0x00000000000003f0                __GI__itoa_lower_digits
                0x00000000000003f0                _itoa_lower_digits

.rodata.str1.8  0x0000000000000000     0x2dd7
 .rodata.str1.8
                0x0000000000000000     0x2d99 /sources/glibc/src/glibc-2.37/build/elf/dl-allobjs.os
 *fill*         0x0000000000002d99        0x7 
 .rodata.str1.8
                0x0000000000002da0       0x37 /sources/glibc/src/glibc-2.37/build/elf/rtld-libc.a(rtld-lowlevellock.os)

.rodata.str1.32
                0x0000000000000000       0x5b
 .rodata.str1.32
                0x0000000000000000       0x5b /sources/glibc/src/glibc-2.37/build/elf/dl-allobjs.os

.rodata.cst4    0x0000000000000000        0x8
 .rodata.cst4   0x0000000000000000        0x8 /sources/glibc/src/glibc-2.37/build/elf/dl-allobjs.os
                0x0000000000000004                __rseq_flags

.rodata.cst2    0x0000000000000000        0x4
 .rodata.cst2   0x0000000000000000        0x4 /sources/glibc/src/glibc-2.37/build/elf/dl-allobjs.os

.rodata.cst16   0x0000000000000000       0x30
 .rodata.cst16  0x0000000000000000       0x30 /sources/glibc/src/glibc-2.37/build/elf/dl-allobjs.os

.rodata.cst8    0x0000000000000000        0x8
 .rodata.cst8   0x0000000000000000        0x8 /sources/glibc/src/glibc-2.37/build/elf/dl-allobjs.os

.rodata1
 *(.rodata1)

.eh_frame_hdr
 *(.eh_frame_hdr)

.eh_frame       0x0000000000000000     0x3dac
 *(.eh_frame)
 .eh_frame      0x0000000000000000     0x3218 /sources/glibc/src/glibc-2.37/build/elf/dl-allobjs.os
                                       0x329c (size before relaxing)
 *fill*         0x0000000000003218        0x0 
 .eh_frame      0x0000000000003218       0x68 /sources/glibc/src/glibc-2.37/build/elf/rtld-libc.a(rtld-check_fds.os)
 .eh_frame      0x0000000000003280       0x38 /sources/glibc/src/glibc-2.37/build/elf/rtld-libc.a(rtld-closedir.os)
 .eh_frame      0x00000000000032b8       0x38 /sources/glibc/src/glibc-2.37/build/elf/rtld-libc.a(rtld-rewinddir.os)
 .eh_frame      0x00000000000032f0       0x48 /sources/glibc/src/glibc-2.37/build/elf/rtld-libc.a(rtld-readdir64.os)
 .eh_frame      0x0000000000003338       0x48 /sources/glibc/src/glibc-2.37/build/elf/rtld-libc.a(rtld-fdopendir.os)
 .eh_frame      0x0000000000003380       0x30 /sources/glibc/src/glibc-2.37/build/elf/rtld-libc.a(rtld-getdents64.os)
 .eh_frame      0x00000000000033b0       0x30 /sources/glibc/src/glibc-2.37/build/elf/rtld-libc.a(rtld-dl-addr-obj.os)
 .eh_frame      0x00000000000033e0       0x48 /sources/glibc/src/glibc-2.37/build/elf/rtld-libc.a(rtld-profil.os)
 .eh_frame      0x0000000000003428       0x30 /sources/glibc/src/glibc-2.37/build/elf/rtld-libc.a(rtld-prof-freq.os)
 .eh_frame      0x0000000000003458       0x30 /sources/glibc/src/glibc-2.37/build/elf/rtld-libc.a(rtld-stat64.os)
 .eh_frame      0x0000000000003488       0x30 /sources/glibc/src/glibc-2.37/build/elf/rtld-libc.a(rtld-fstat64.os)
 .eh_frame      0x00000000000034b8       0x30 /sources/glibc/src/glibc-2.37/build/elf/rtld-libc.a(rtld-lstat64.os)
 .eh_frame      0x00000000000034e8       0x30 /sources/glibc/src/glibc-2.37/build/elf/rtld-libc.a(rtld-fstatat64.os)
 .eh_frame      0x0000000000003518       0x30 /sources/glibc/src/glibc-2.37/build/elf/rtld-libc.a(rtld-openat64.os)
 .eh_frame      0x0000000000003548       0x30 /sources/glibc/src/glibc-2.37/build/elf/rtld-libc.a(rtld-lseek64.os)
 .eh_frame      0x0000000000003578       0x30 /sources/glibc/src/glibc-2.37/build/elf/rtld-libc.a(rtld-access.os)
 .eh_frame      0x00000000000035a8       0x30 /sources/glibc/src/glibc-2.37/build/elf/rtld-libc.a(rtld-close_nocancel.os)
 .eh_frame      0x00000000000035d8       0x40 /sources/glibc/src/glibc-2.37/build/elf/rtld-libc.a(rtld-fcntl_nocancel.os)
 .eh_frame      0x0000000000003618       0x30 /sources/glibc/src/glibc-2.37/build/elf/rtld-libc.a(rtld-open64_nocancel.os)
 .eh_frame      0x0000000000003648       0x30 /sources/glibc/src/glibc-2.37/build/elf/rtld-libc.a(rtld-read_nocancel.os)
 .eh_frame      0x0000000000003678       0x30 /sources/glibc/src/glibc-2.37/build/elf/rtld-libc.a(rtld-pread64_nocancel.os)
 .eh_frame      0x00000000000036a8       0x30 /sources/glibc/src/glibc-2.37/build/elf/rtld-libc.a(rtld-write_nocancel.os)
 .eh_frame      0x00000000000036d8       0x58 /sources/glibc/src/glibc-2.37/build/elf/rtld-libc.a(rtld-scratch_buffer_set_array_size.os)
 .eh_frame      0x0000000000003730       0x30 /sources/glibc/src/glibc-2.37/build/elf/rtld-libc.a(rtld-mmap64.os)
 .eh_frame      0x0000000000003760       0x30 /sources/glibc/src/glibc-2.37/build/elf/rtld-libc.a(rtld-munmap.os)
 .eh_frame      0x0000000000003790       0x30 /sources/glibc/src/glibc-2.37/build/elf/rtld-libc.a(rtld-mprotect.os)
 .eh_frame      0x00000000000037c0       0x70 /sources/glibc/src/glibc-2.37/build/elf/rtld-libc.a(rtld-lowlevellock.os)
 .eh_frame      0x0000000000003830       0x30 /sources/glibc/src/glibc-2.37/build/elf/rtld-libc.a(rtld-uname.os)
 .eh_frame      0x0000000000003860       0x30 /sources/glibc/src/glibc-2.37/build/elf/rtld-libc.a(rtld-_exit.os)
 .eh_frame      0x0000000000003890       0x30 /sources/glibc/src/glibc-2.37/build/elf/rtld-libc.a(rtld-getpid.os)
 .eh_frame      0x00000000000038c0       0x30 /sources/glibc/src/glibc-2.37/build/elf/rtld-libc.a(rtld-setjmp.os)
 .eh_frame      0x00000000000038f0       0x48 /sources/glibc/src/glibc-2.37/build/elf/rtld-libc.a(rtld-__longjmp.os)
 .eh_frame      0x0000000000003938       0x30 /sources/glibc/src/glibc-2.37/build/elf/rtld-libc.a(rtld-sigaction.os)
 .eh_frame      0x0000000000003968       0xc8 /sources/glibc/src/glibc-2.37/build/elf/rtld-libc.a(rtld-libc_sigaction.os)
                                         0xd0 (size before relaxing)
 .eh_frame      0x0000000000003a30       0x30 /sources/glibc/src/glibc-2.37/build/elf/rtld-libc.a(rtld-memchr.os)
 .eh_frame      0x0000000000003a60       0x30 /sources/glibc/src/glibc-2.37/build/elf/rtld-libc.a(rtld-memcmp.os)
 .eh_frame      0x0000000000003a90       0x40 /sources/glibc/src/glibc-2.37/build/elf/rtld-libc.a(rtld-memmove.os)
 .eh_frame      0x0000000000003ad0       0x30 /sources/glibc/src/glibc-2.37/build/elf/rtld-libc.a(rtld-memset.os)
 .eh_frame      0x0000000000003b00       0x30 /sources/glibc/src/glibc-2.37/build/elf/rtld-libc.a(rtld-rawmemchr.os)
 .eh_frame      0x0000000000003b30       0x30 /sources/glibc/src/glibc-2.37/build/elf/rtld-libc.a(rtld-stpcpy.os)
 .eh_frame      0x0000000000003b60       0x30 /sources/glibc/src/glibc-2.37/build/elf/rtld-libc.a(rtld-strchr.os)
 .eh_frame      0x0000000000003b90       0x30 /sources/glibc/src/glibc-2.37/build/elf/rtld-libc.a(rtld-strcmp.os)
 .eh_frame      0x0000000000003bc0       0x50 /sources/glibc/src/glibc-2.37/build/elf/rtld-libc.a(rtld-strcspn.os)
 .eh_frame      0x0000000000003c10       0x50 /sources/glibc/src/glibc-2.37/build/elf/rtld-libc.a(rtld-strdup.os)
 .eh_frame      0x0000000000003c60       0x30 /sources/glibc/src/glibc-2.37/build/elf/rtld-libc.a(rtld-strerrorname_np.os)
 .eh_frame      0x0000000000003c90       0x30 /sources/glibc/src/glibc-2.37/build/elf/rtld-libc.a(rtld-strlen.os)
 .eh_frame      0x0000000000003cc0       0x30 /sources/glibc/src/glibc-2.37/build/elf/rtld-libc.a(rtld-strncmp.os)
 .eh_frame      0x0000000000003cf0       0x30 /sources/glibc/src/glibc-2.37/build/elf/rtld-libc.a(rtld-strnlen.os)
 .eh_frame      0x0000000000003d20       0x30 /sources/glibc/src/glibc-2.37/build/elf/rtld-libc.a(rtld-strchrnul.os)
 .eh_frame      0x0000000000003d50       0x30 /sources/glibc/src/glibc-2.37/build/elf/rtld-libc.a(rtld-setitimer.os)
 .eh_frame      0x0000000000003d80       0x2c /sources/glibc/src/glibc-2.37/build/elf/rtld-libc.a(rtld-errname.os)
                                         0x30 (size before relaxing)

.sframe
 *(.sframe)

.gcc_except_table
 *(.gcc_except_table)

.gnu_extab
 *(.gnu_extab*)

.exception_ranges
 *(.exception_ranges)

.eh_frame
 *(.eh_frame)

.sframe
 *(.sframe)

.gnu_extab
 *(.gnu_extab)

.gcc_except_table
 *(.gcc_except_table)

.exception_ranges
 *(.exception_ranges)

.tdata
 *(.tdata)

.tbss
 *(.tbss)

.jcr
 *(.jcr)

.dynamic
 *(.dynamic)

.got
 *(.got)

.got.plt
 *(.got.plt)

.data           0x0000000000000000     0x10e8
 *(.data)
 .data          0x0000000000000000     0x10e8 /sources/glibc/src/glibc-2.37/build/elf/dl-allobjs.os
                0x0000000000000000                _rtld_global
                0x0000000000000000                _rtld_local
 .data          0x00000000000010e8        0x0 /sources/glibc/src/glibc-2.37/build/elf/rtld-libc.a(rtld-check_fds.os)
 .data          0x00000000000010e8        0x0 /sources/glibc/src/glibc-2.37/build/elf/rtld-libc.a(rtld-errno.os)
 .data          0x00000000000010e8        0x0 /sources/glibc/src/glibc-2.37/build/elf/rtld-libc.a(rtld-closedir.os)
 .data          0x00000000000010e8        0x0 /sources/glibc/src/glibc-2.37/build/elf/rtld-libc.a(rtld-rewinddir.os)
 .data          0x00000000000010e8        0x0 /sources/glibc/src/glibc-2.37/build/elf/rtld-libc.a(rtld-readdir64.os)
 .data          0x00000000000010e8        0x0 /sources/glibc/src/glibc-2.37/build/elf/rtld-libc.a(rtld-fdopendir.os)
 .data          0x00000000000010e8        0x0 /sources/glibc/src/glibc-2.37/build/elf/rtld-libc.a(rtld-getdents64.os)
 .data          0x00000000000010e8        0x0 /sources/glibc/src/glibc-2.37/build/elf/rtld-libc.a(rtld-dl-addr-obj.os)
 .data          0x00000000000010e8        0x0 /sources/glibc/src/glibc-2.37/build/elf/rtld-libc.a(rtld-profil.os)
 .data          0x00000000000010e8        0x0 /sources/glibc/src/glibc-2.37/build/elf/rtld-libc.a(rtld-prof-freq.os)
 .data          0x00000000000010e8        0x0 /sources/glibc/src/glibc-2.37/build/elf/rtld-libc.a(rtld-stat64.os)
 .data          0x00000000000010e8        0x0 /sources/glibc/src/glibc-2.37/build/elf/rtld-libc.a(rtld-fstat64.os)
 .data          0x00000000000010e8        0x0 /sources/glibc/src/glibc-2.37/build/elf/rtld-libc.a(rtld-lstat64.os)
 .data          0x00000000000010e8        0x0 /sources/glibc/src/glibc-2.37/build/elf/rtld-libc.a(rtld-fstatat64.os)
 .data          0x00000000000010e8        0x0 /sources/glibc/src/glibc-2.37/build/elf/rtld-libc.a(rtld-openat64.os)
 .data          0x00000000000010e8        0x0 /sources/glibc/src/glibc-2.37/build/elf/rtld-libc.a(rtld-lseek64.os)
 .data          0x00000000000010e8        0x0 /sources/glibc/src/glibc-2.37/build/elf/rtld-libc.a(rtld-access.os)
 .data          0x00000000000010e8        0x0 /sources/glibc/src/glibc-2.37/build/elf/rtld-libc.a(rtld-close_nocancel.os)
 .data          0x00000000000010e8        0x0 /sources/glibc/src/glibc-2.37/build/elf/rtld-libc.a(rtld-fcntl_nocancel.os)
 .data          0x00000000000010e8        0x0 /sources/glibc/src/glibc-2.37/build/elf/rtld-libc.a(rtld-open64_nocancel.os)
 .data          0x00000000000010e8        0x0 /sources/glibc/src/glibc-2.37/build/elf/rtld-libc.a(rtld-read_nocancel.os)
 .data          0x00000000000010e8        0x0 /sources/glibc/src/glibc-2.37/build/elf/rtld-libc.a(rtld-pread64_nocancel.os)
 .data          0x00000000000010e8        0x0 /sources/glibc/src/glibc-2.37/build/elf/rtld-libc.a(rtld-write_nocancel.os)
 .data          0x00000000000010e8        0x0 /sources/glibc/src/glibc-2.37/build/elf/rtld-libc.a(rtld-scratch_buffer_set_array_size.os)
 .data          0x00000000000010e8        0x0 /sources/glibc/src/glibc-2.37/build/elf/rtld-libc.a(rtld-mmap64.os)
 .data          0x00000000000010e8        0x0 /sources/glibc/src/glibc-2.37/build/elf/rtld-libc.a(rtld-munmap.os)
 .data          0x00000000000010e8        0x0 /sources/glibc/src/glibc-2.37/build/elf/rtld-libc.a(rtld-mprotect.os)
 .data          0x00000000000010e8        0x0 /sources/glibc/src/glibc-2.37/build/elf/rtld-libc.a(rtld-lowlevellock.os)
 .data          0x00000000000010e8        0x0 /sources/glibc/src/glibc-2.37/build/elf/rtld-libc.a(rtld-uname.os)
 .data          0x00000000000010e8        0x0 /sources/glibc/src/glibc-2.37/build/elf/rtld-libc.a(rtld-_exit.os)
 .data          0x00000000000010e8        0x0 /sources/glibc/src/glibc-2.37/build/elf/rtld-libc.a(rtld-getpid.os)
 .data          0x00000000000010e8        0x0 /sources/glibc/src/glibc-2.37/build/elf/rtld-libc.a(rtld-environ.os)
 .data          0x00000000000010e8        0x0 /sources/glibc/src/glibc-2.37/build/elf/rtld-libc.a(rtld-setjmp.os)
 .data          0x00000000000010e8        0x0 /sources/glibc/src/glibc-2.37/build/elf/rtld-libc.a(rtld-__longjmp.os)
 .data          0x00000000000010e8        0x0 /sources/glibc/src/glibc-2.37/build/elf/rtld-libc.a(rtld-sigaction.os)
 .data          0x00000000000010e8        0x0 /sources/glibc/src/glibc-2.37/build/elf/rtld-libc.a(rtld-libc_sigaction.os)
 .data          0x00000000000010e8        0x0 /sources/glibc/src/glibc-2.37/build/elf/rtld-libc.a(rtld-memchr.os)
 .data          0x00000000000010e8        0x0 /sources/glibc/src/glibc-2.37/build/elf/rtld-libc.a(rtld-memcmp.os)
 .data          0x00000000000010e8        0x0 /sources/glibc/src/glibc-2.37/build/elf/rtld-libc.a(rtld-memmove.os)
 .data          0x00000000000010e8        0x0 /sources/glibc/src/glibc-2.37/build/elf/rtld-libc.a(rtld-memset.os)
 .data          0x00000000000010e8        0x0 /sources/glibc/src/glibc-2.37/build/elf/rtld-libc.a(rtld-rawmemchr.os)
 .data          0x00000000000010e8        0x0 /sources/glibc/src/glibc-2.37/build/elf/rtld-libc.a(rtld-stpcpy.os)
 .data          0x00000000000010e8        0x0 /sources/glibc/src/glibc-2.37/build/elf/rtld-libc.a(rtld-strchr.os)
 .data          0x00000000000010e8        0x0 /sources/glibc/src/glibc-2.37/build/elf/rtld-libc.a(rtld-strcmp.os)
 .data          0x00000000000010e8        0x0 /sources/glibc/src/glibc-2.37/build/elf/rtld-libc.a(rtld-strcspn.os)
 .data          0x00000000000010e8        0x0 /sources/glibc/src/glibc-2.37/build/elf/rtld-libc.a(rtld-strdup.os)
 .data          0x00000000000010e8        0x0 /sources/glibc/src/glibc-2.37/build/elf/rtld-libc.a(rtld-strerrorname_np.os)
 .data          0x00000000000010e8        0x0 /sources/glibc/src/glibc-2.37/build/elf/rtld-libc.a(rtld-strlen.os)
 .data          0x00000000000010e8        0x0 /sources/glibc/src/glibc-2.37/build/elf/rtld-libc.a(rtld-strncmp.os)
 .data          0x00000000000010e8        0x0 /sources/glibc/src/glibc-2.37/build/elf/rtld-libc.a(rtld-strnlen.os)
 .data          0x00000000000010e8        0x0 /sources/glibc/src/glibc-2.37/build/elf/rtld-libc.a(rtld-strchrnul.os)
 .data          0x00000000000010e8        0x0 /sources/glibc/src/glibc-2.37/build/elf/rtld-libc.a(rtld-setitimer.os)
 .data          0x00000000000010e8        0x0 /sources/glibc/src/glibc-2.37/build/elf/rtld-libc.a(rtld-errname.os)

.data.rel.ro    0x0000000000000000     0x1400
 .data.rel.ro   0x0000000000000000     0x1400 /sources/glibc/src/glibc-2.37/build/elf/dl-allobjs.os
                0x0000000000000040                __rtld_search_dirs
                0x0000000000000070                __rtld_env_path_list
                0x0000000000000080                __stack_prot
                0x0000000000000088                __rseq_offset
                0x0000000000000090                __rseq_size
                0x0000000000000ff0                __rtld_realloc
                0x0000000000000ff8                __rtld_malloc
                0x0000000000001000                __rtld_free
                0x0000000000001008                __rtld_calloc
                0x0000000000001010                ___rtld_mutex_unlock
                0x0000000000001018                ___rtld_mutex_lock
                0x0000000000001020                _dl_random
                0x0000000000001028                __libc_stack_end
                0x0000000000001028                __GI___libc_stack_end
                0x0000000000001030                __GI___libc_enable_secure
                0x0000000000001030                __libc_enable_secure
                0x0000000000001050                __pointer_chk_guard_local
                0x0000000000001058                __GI__dl_argv
                0x0000000000001058                _dl_argv
                0x0000000000001060                _dl_argc
                0x0000000000001080                _rtld_global_ro
                0x0000000000001080                _rtld_local_ro

.data.rel.ro.local
                0x0000000000000000       0x28
 .data.rel.ro.local
                0x0000000000000000       0x28 /sources/glibc/src/glibc-2.37/build/elf/dl-allobjs.os
                0x0000000000000000                __x86_cpu_features_p

.data1
 *(.data1)

.bss            0x0000000000000000      0x1c8
 *(.bss)
 .bss           0x0000000000000000      0x190 /sources/glibc/src/glibc-2.37/build/elf/dl-allobjs.os
                0x0000000000000018                _r_debug_extended
                0x0000000000000018                _r_debug
                0x00000000000000d8                __nptl_initial_report_events
                0x00000000000000d8                __GI___nptl_initial_report_events
                0x0000000000000110                _dl_hwcaps_priorities_length
                0x0000000000000118                _dl_hwcaps_priorities
                0x0000000000000120                __rtld_tls_init_tp_called
                0x0000000000000188                __curbrk
 .bss           0x0000000000000190        0x0 /sources/glibc/src/glibc-2.37/build/elf/rtld-libc.a(rtld-check_fds.os)
 .bss           0x0000000000000190        0x4 /sources/glibc/src/glibc-2.37/build/elf/rtld-libc.a(rtld-errno.os)
                0x0000000000000190                rtld_errno
 .bss           0x0000000000000194        0x0 /sources/glibc/src/glibc-2.37/build/elf/rtld-libc.a(rtld-closedir.os)
 .bss           0x0000000000000194        0x0 /sources/glibc/src/glibc-2.37/build/elf/rtld-libc.a(rtld-rewinddir.os)
 .bss           0x0000000000000194        0x0 /sources/glibc/src/glibc-2.37/build/elf/rtld-libc.a(rtld-readdir64.os)
 .bss           0x0000000000000194        0x0 /sources/glibc/src/glibc-2.37/build/elf/rtld-libc.a(rtld-fdopendir.os)
 .bss           0x0000000000000194        0x0 /sources/glibc/src/glibc-2.37/build/elf/rtld-libc.a(rtld-getdents64.os)
 .bss           0x0000000000000194        0x0 /sources/glibc/src/glibc-2.37/build/elf/rtld-libc.a(rtld-dl-addr-obj.os)
 *fill*         0x0000000000000194        0x4 
 .bss           0x0000000000000198       0x20 /sources/glibc/src/glibc-2.37/build/elf/rtld-libc.a(rtld-profil.os)
 .bss           0x00000000000001b8        0x0 /sources/glibc/src/glibc-2.37/build/elf/rtld-libc.a(rtld-prof-freq.os)
 .bss           0x00000000000001b8        0x0 /sources/glibc/src/glibc-2.37/build/elf/rtld-libc.a(rtld-stat64.os)
 .bss           0x00000000000001b8        0x0 /sources/glibc/src/glibc-2.37/build/elf/rtld-libc.a(rtld-fstat64.os)
 .bss           0x00000000000001b8        0x0 /sources/glibc/src/glibc-2.37/build/elf/rtld-libc.a(rtld-lstat64.os)
 .bss           0x00000000000001b8        0x0 /sources/glibc/src/glibc-2.37/build/elf/rtld-libc.a(rtld-fstatat64.os)
 .bss           0x00000000000001b8        0x0 /sources/glibc/src/glibc-2.37/build/elf/rtld-libc.a(rtld-openat64.os)
 .bss           0x00000000000001b8        0x0 /sources/glibc/src/glibc-2.37/build/elf/rtld-libc.a(rtld-lseek64.os)
 .bss           0x00000000000001b8        0x0 /sources/glibc/src/glibc-2.37/build/elf/rtld-libc.a(rtld-access.os)
 .bss           0x00000000000001b8        0x0 /sources/glibc/src/glibc-2.37/build/elf/rtld-libc.a(rtld-close_nocancel.os)
 .bss           0x00000000000001b8        0x0 /sources/glibc/src/glibc-2.37/build/elf/rtld-libc.a(rtld-fcntl_nocancel.os)
 .bss           0x00000000000001b8        0x0 /sources/glibc/src/glibc-2.37/build/elf/rtld-libc.a(rtld-open64_nocancel.os)
 .bss           0x00000000000001b8        0x0 /sources/glibc/src/glibc-2.37/build/elf/rtld-libc.a(rtld-read_nocancel.os)
 .bss           0x00000000000001b8        0x0 /sources/glibc/src/glibc-2.37/build/elf/rtld-libc.a(rtld-pread64_nocancel.os)
 .bss           0x00000000000001b8        0x0 /sources/glibc/src/glibc-2.37/build/elf/rtld-libc.a(rtld-write_nocancel.os)
 .bss           0x00000000000001b8        0x0 /sources/glibc/src/glibc-2.37/build/elf/rtld-libc.a(rtld-scratch_buffer_set_array_size.os)
 .bss           0x00000000000001b8        0x0 /sources/glibc/src/glibc-2.37/build/elf/rtld-libc.a(rtld-mmap64.os)
 .bss           0x00000000000001b8        0x0 /sources/glibc/src/glibc-2.37/build/elf/rtld-libc.a(rtld-munmap.os)
 .bss           0x00000000000001b8        0x0 /sources/glibc/src/glibc-2.37/build/elf/rtld-libc.a(rtld-mprotect.os)
 .bss           0x00000000000001b8        0x4 /sources/glibc/src/glibc-2.37/build/elf/rtld-libc.a(rtld-lowlevellock.os)
                0x00000000000001b8                __pthread_force_elision
 .bss           0x00000000000001bc        0x0 /sources/glibc/src/glibc-2.37/build/elf/rtld-libc.a(rtld-uname.os)
 .bss           0x00000000000001bc        0x0 /sources/glibc/src/glibc-2.37/build/elf/rtld-libc.a(rtld-_exit.os)
 .bss           0x00000000000001bc        0x0 /sources/glibc/src/glibc-2.37/build/elf/rtld-libc.a(rtld-getpid.os)
 *fill*         0x00000000000001bc        0x4 
 .bss           0x00000000000001c0        0x8 /sources/glibc/src/glibc-2.37/build/elf/rtld-libc.a(rtld-environ.os)
                0x00000000000001c0                _environ
                0x00000000000001c0                __environ
                0x00000000000001c0                environ
 .bss           0x00000000000001c8        0x0 /sources/glibc/src/glibc-2.37/build/elf/rtld-libc.a(rtld-setjmp.os)
 .bss           0x00000000000001c8        0x0 /sources/glibc/src/glibc-2.37/build/elf/rtld-libc.a(rtld-__longjmp.os)
 .bss           0x00000000000001c8        0x0 /sources/glibc/src/glibc-2.37/build/elf/rtld-libc.a(rtld-sigaction.os)
 .bss           0x00000000000001c8        0x0 /sources/glibc/src/glibc-2.37/build/elf/rtld-libc.a(rtld-libc_sigaction.os)
 .bss           0x00000000000001c8        0x0 /sources/glibc/src/glibc-2.37/build/elf/rtld-libc.a(rtld-memchr.os)
 .bss           0x00000000000001c8        0x0 /sources/glibc/src/glibc-2.37/build/elf/rtld-libc.a(rtld-memcmp.os)
 .bss           0x00000000000001c8        0x0 /sources/glibc/src/glibc-2.37/build/elf/rtld-libc.a(rtld-memmove.os)
 .bss           0x00000000000001c8        0x0 /sources/glibc/src/glibc-2.37/build/elf/rtld-libc.a(rtld-memset.os)
 .bss           0x00000000000001c8        0x0 /sources/glibc/src/glibc-2.37/build/elf/rtld-libc.a(rtld-rawmemchr.os)
 .bss           0x00000000000001c8        0x0 /sources/glibc/src/glibc-2.37/build/elf/rtld-libc.a(rtld-stpcpy.os)
 .bss           0x00000000000001c8        0x0 /sources/glibc/src/glibc-2.37/build/elf/rtld-libc.a(rtld-strchr.os)
 .bss           0x00000000000001c8        0x0 /sources/glibc/src/glibc-2.37/build/elf/rtld-libc.a(rtld-strcmp.os)
 .bss           0x00000000000001c8        0x0 /sources/glibc/src/glibc-2.37/build/elf/rtld-libc.a(rtld-strcspn.os)
 .bss           0x00000000000001c8        0x0 /sources/glibc/src/glibc-2.37/build/elf/rtld-libc.a(rtld-strdup.os)
 .bss           0x00000000000001c8        0x0 /sources/glibc/src/glibc-2.37/build/elf/rtld-libc.a(rtld-strerrorname_np.os)
 .bss           0x00000000000001c8        0x0 /sources/glibc/src/glibc-2.37/build/elf/rtld-libc.a(rtld-strlen.os)
 .bss           0x00000000000001c8        0x0 /sources/glibc/src/glibc-2.37/build/elf/rtld-libc.a(rtld-strncmp.os)
 .bss           0x00000000000001c8        0x0 /sources/glibc/src/glibc-2.37/build/elf/rtld-libc.a(rtld-strnlen.os)
 .bss           0x00000000000001c8        0x0 /sources/glibc/src/glibc-2.37/build/elf/rtld-libc.a(rtld-strchrnul.os)
 .bss           0x00000000000001c8        0x0 /sources/glibc/src/glibc-2.37/build/elf/rtld-libc.a(rtld-setitimer.os)
 .bss           0x00000000000001c8        0x0 /sources/glibc/src/glibc-2.37/build/elf/rtld-libc.a(rtld-errname.os)

.lbss
 *(.lbss)

.lrodata
 *(.lrodata)

.ldata
 *(.ldata)

.stab
 *(.stab)

.stabstr
 *(.stabstr)

.stab.excl
 *(.stab.excl)

.stab.exclstr
 *(.stab.exclstr)

.stab.index
 *(.stab.index)

.stab.indexstr
 *(.stab.indexstr)

.comment        0x0000000000000000      0x6ae
 *(.comment)
 .comment       0x0000000000000000      0x415 /sources/glibc/src/glibc-2.37/build/elf/dl-allobjs.os
 .comment       0x0000000000000415       0x13 /sources/glibc/src/glibc-2.37/build/elf/rtld-libc.a(rtld-check_fds.os)
 .comment       0x0000000000000428       0x13 /sources/glibc/src/glibc-2.37/build/elf/rtld-libc.a(rtld-errno.os)
 .comment       0x000000000000043b       0x13 /sources/glibc/src/glibc-2.37/build/elf/rtld-libc.a(rtld-closedir.os)
 .comment       0x000000000000044e       0x13 /sources/glibc/src/glibc-2.37/build/elf/rtld-libc.a(rtld-rewinddir.os)
 .comment       0x0000000000000461       0x13 /sources/glibc/src/glibc-2.37/build/elf/rtld-libc.a(rtld-readdir64.os)
 .comment       0x0000000000000474       0x13 /sources/glibc/src/glibc-2.37/build/elf/rtld-libc.a(rtld-fdopendir.os)
 .comment       0x0000000000000487       0x13 /sources/glibc/src/glibc-2.37/build/elf/rtld-libc.a(rtld-getdents64.os)
 .comment       0x000000000000049a       0x13 /sources/glibc/src/glibc-2.37/build/elf/rtld-libc.a(rtld-dl-addr-obj.os)
 .comment       0x00000000000004ad       0x13 /sources/glibc/src/glibc-2.37/build/elf/rtld-libc.a(rtld-profil.os)
 .comment       0x00000000000004c0       0x13 /sources/glibc/src/glibc-2.37/build/elf/rtld-libc.a(rtld-prof-freq.os)
 .comment       0x00000000000004d3       0x13 /sources/glibc/src/glibc-2.37/build/elf/rtld-libc.a(rtld-stat64.os)
 .comment       0x00000000000004e6       0x13 /sources/glibc/src/glibc-2.37/build/elf/rtld-libc.a(rtld-fstat64.os)
 .comment       0x00000000000004f9       0x13 /sources/glibc/src/glibc-2.37/build/elf/rtld-libc.a(rtld-lstat64.os)
 .comment       0x000000000000050c       0x13 /sources/glibc/src/glibc-2.37/build/elf/rtld-libc.a(rtld-fstatat64.os)
 .comment       0x000000000000051f       0x13 /sources/glibc/src/glibc-2.37/build/elf/rtld-libc.a(rtld-openat64.os)
 .comment       0x0000000000000532       0x13 /sources/glibc/src/glibc-2.37/build/elf/rtld-libc.a(rtld-lseek64.os)
 .comment       0x0000000000000545       0x13 /sources/glibc/src/glibc-2.37/build/elf/rtld-libc.a(rtld-access.os)
 .comment       0x0000000000000558       0x13 /sources/glibc/src/glibc-2.37/build/elf/rtld-libc.a(rtld-close_nocancel.os)
 .comment       0x000000000000056b       0x13 /sources/glibc/src/glibc-2.37/build/elf/rtld-libc.a(rtld-fcntl_nocancel.os)
 .comment       0x000000000000057e       0x13 /sources/glibc/src/glibc-2.37/build/elf/rtld-libc.a(rtld-open64_nocancel.os)
 .comment       0x0000000000000591       0x13 /sources/glibc/src/glibc-2.37/build/elf/rtld-libc.a(rtld-read_nocancel.os)
 .comment       0x00000000000005a4       0x13 /sources/glibc/src/glibc-2.37/build/elf/rtld-libc.a(rtld-pread64_nocancel.os)
 .comment       0x00000000000005b7       0x13 /sources/glibc/src/glibc-2.37/build/elf/rtld-libc.a(rtld-write_nocancel.os)
 .comment       0x00000000000005ca       0x13 /sources/glibc/src/glibc-2.37/build/elf/rtld-libc.a(rtld-scratch_buffer_set_array_size.os)
 .comment       0x00000000000005dd       0x13 /sources/glibc/src/glibc-2.37/build/elf/rtld-libc.a(rtld-mmap64.os)
 .comment       0x00000000000005f0       0x13 /sources/glibc/src/glibc-2.37/build/elf/rtld-libc.a(rtld-lowlevellock.os)
 .comment       0x0000000000000603       0x13 /sources/glibc/src/glibc-2.37/build/elf/rtld-libc.a(rtld-_exit.os)
 .comment       0x0000000000000616       0x13 /sources/glibc/src/glibc-2.37/build/elf/rtld-libc.a(rtld-environ.os)
 .comment       0x0000000000000629       0x13 /sources/glibc/src/glibc-2.37/build/elf/rtld-libc.a(rtld-sigaction.os)
 .comment       0x000000000000063c       0x13 /sources/glibc/src/glibc-2.37/build/elf/rtld-libc.a(rtld-libc_sigaction.os)
 .comment       0x000000000000064f       0x13 /sources/glibc/src/glibc-2.37/build/elf/rtld-libc.a(rtld-strcspn.os)
 .comment       0x0000000000000662       0x13 /sources/glibc/src/glibc-2.37/build/elf/rtld-libc.a(rtld-strdup.os)
 .comment       0x0000000000000675       0x13 /sources/glibc/src/glibc-2.37/build/elf/rtld-libc.a(rtld-strerrorname_np.os)
 .comment       0x0000000000000688       0x13 /sources/glibc/src/glibc-2.37/build/elf/rtld-libc.a(rtld-setitimer.os)
 .comment       0x000000000000069b       0x13 /sources/glibc/src/glibc-2.37/build/elf/rtld-libc.a(rtld-errname.os)

.note.GNU-stack
                0x0000000000000000        0x0
 .note.GNU-stack
                0x0000000000000000        0x0 /sources/glibc/src/glibc-2.37/build/elf/dl-allobjs.os
 .note.GNU-stack
                0x0000000000000000        0x0 /sources/glibc/src/glibc-2.37/build/elf/rtld-libc.a(rtld-check_fds.os)
 .note.GNU-stack
                0x0000000000000000        0x0 /sources/glibc/src/glibc-2.37/build/elf/rtld-libc.a(rtld-errno.os)
 .note.GNU-stack
                0x0000000000000000        0x0 /sources/glibc/src/glibc-2.37/build/elf/rtld-libc.a(rtld-closedir.os)
 .note.GNU-stack
                0x0000000000000000        0x0 /sources/glibc/src/glibc-2.37/build/elf/rtld-libc.a(rtld-rewinddir.os)
 .note.GNU-stack
                0x0000000000000000        0x0 /sources/glibc/src/glibc-2.37/build/elf/rtld-libc.a(rtld-readdir64.os)
 .note.GNU-stack
                0x0000000000000000        0x0 /sources/glibc/src/glibc-2.37/build/elf/rtld-libc.a(rtld-fdopendir.os)
 .note.GNU-stack
                0x0000000000000000        0x0 /sources/glibc/src/glibc-2.37/build/elf/rtld-libc.a(rtld-getdents64.os)
 .note.GNU-stack
                0x0000000000000000        0x0 /sources/glibc/src/glibc-2.37/build/elf/rtld-libc.a(rtld-dl-addr-obj.os)
 .note.GNU-stack
                0x0000000000000000        0x0 /sources/glibc/src/glibc-2.37/build/elf/rtld-libc.a(rtld-profil.os)
 .note.GNU-stack
                0x0000000000000000        0x0 /sources/glibc/src/glibc-2.37/build/elf/rtld-libc.a(rtld-prof-freq.os)
 .note.GNU-stack
                0x0000000000000000        0x0 /sources/glibc/src/glibc-2.37/build/elf/rtld-libc.a(rtld-stat64.os)
 .note.GNU-stack
                0x0000000000000000        0x0 /sources/glibc/src/glibc-2.37/build/elf/rtld-libc.a(rtld-fstat64.os)
 .note.GNU-stack
                0x0000000000000000        0x0 /sources/glibc/src/glibc-2.37/build/elf/rtld-libc.a(rtld-lstat64.os)
 .note.GNU-stack
                0x0000000000000000        0x0 /sources/glibc/src/glibc-2.37/build/elf/rtld-libc.a(rtld-fstatat64.os)
 .note.GNU-stack
                0x0000000000000000        0x0 /sources/glibc/src/glibc-2.37/build/elf/rtld-libc.a(rtld-openat64.os)
 .note.GNU-stack
                0x0000000000000000        0x0 /sources/glibc/src/glibc-2.37/build/elf/rtld-libc.a(rtld-lseek64.os)
 .note.GNU-stack
                0x0000000000000000        0x0 /sources/glibc/src/glibc-2.37/build/elf/rtld-libc.a(rtld-access.os)
 .note.GNU-stack
                0x0000000000000000        0x0 /sources/glibc/src/glibc-2.37/build/elf/rtld-libc.a(rtld-close_nocancel.os)
 .note.GNU-stack
                0x0000000000000000        0x0 /sources/glibc/src/glibc-2.37/build/elf/rtld-libc.a(rtld-fcntl_nocancel.os)
 .note.GNU-stack
                0x0000000000000000        0x0 /sources/glibc/src/glibc-2.37/build/elf/rtld-libc.a(rtld-open64_nocancel.os)
 .note.GNU-stack
                0x0000000000000000        0x0 /sources/glibc/src/glibc-2.37/build/elf/rtld-libc.a(rtld-read_nocancel.os)
 .note.GNU-stack
                0x0000000000000000        0x0 /sources/glibc/src/glibc-2.37/build/elf/rtld-libc.a(rtld-pread64_nocancel.os)
 .note.GNU-stack
                0x0000000000000000        0x0 /sources/glibc/src/glibc-2.37/build/elf/rtld-libc.a(rtld-write_nocancel.os)
 .note.GNU-stack
                0x0000000000000000        0x0 /sources/glibc/src/glibc-2.37/build/elf/rtld-libc.a(rtld-scratch_buffer_set_array_size.os)
 .note.GNU-stack
                0x0000000000000000        0x0 /sources/glibc/src/glibc-2.37/build/elf/rtld-libc.a(rtld-mmap64.os)
 .note.GNU-stack
                0x0000000000000000        0x0 /sources/glibc/src/glibc-2.37/build/elf/rtld-libc.a(rtld-munmap.os)
 .note.GNU-stack
                0x0000000000000000        0x0 /sources/glibc/src/glibc-2.37/build/elf/rtld-libc.a(rtld-mprotect.os)
 .note.GNU-stack
                0x0000000000000000        0x0 /sources/glibc/src/glibc-2.37/build/elf/rtld-libc.a(rtld-lowlevellock.os)
 .note.GNU-stack
                0x0000000000000000        0x0 /sources/glibc/src/glibc-2.37/build/elf/rtld-libc.a(rtld-uname.os)
 .note.GNU-stack
                0x0000000000000000        0x0 /sources/glibc/src/glibc-2.37/build/elf/rtld-libc.a(rtld-_exit.os)
 .note.GNU-stack
                0x0000000000000000        0x0 /sources/glibc/src/glibc-2.37/build/elf/rtld-libc.a(rtld-getpid.os)
 .note.GNU-stack
                0x0000000000000000        0x0 /sources/glibc/src/glibc-2.37/build/elf/rtld-libc.a(rtld-environ.os)
 .note.GNU-stack
                0x0000000000000000        0x0 /sources/glibc/src/glibc-2.37/build/elf/rtld-libc.a(rtld-setjmp.os)
 .note.GNU-stack
                0x0000000000000000        0x0 /sources/glibc/src/glibc-2.37/build/elf/rtld-libc.a(rtld-__longjmp.os)
 .note.GNU-stack
                0x0000000000000000        0x0 /sources/glibc/src/glibc-2.37/build/elf/rtld-libc.a(rtld-sigaction.os)
 .note.GNU-stack
                0x0000000000000000        0x0 /sources/glibc/src/glibc-2.37/build/elf/rtld-libc.a(rtld-libc_sigaction.os)
 .note.GNU-stack
                0x0000000000000000        0x0 /sources/glibc/src/glibc-2.37/build/elf/rtld-libc.a(rtld-memchr.os)
 .note.GNU-stack
                0x0000000000000000        0x0 /sources/glibc/src/glibc-2.37/build/elf/rtld-libc.a(rtld-memcmp.os)
 .note.GNU-stack
                0x0000000000000000        0x0 /sources/glibc/src/glibc-2.37/build/elf/rtld-libc.a(rtld-memmove.os)
 .note.GNU-stack
                0x0000000000000000        0x0 /sources/glibc/src/glibc-2.37/build/elf/rtld-libc.a(rtld-memset.os)
 .note.GNU-stack
                0x0000000000000000        0x0 /sources/glibc/src/glibc-2.37/build/elf/rtld-libc.a(rtld-rawmemchr.os)
 .note.GNU-stack
                0x0000000000000000        0x0 /sources/glibc/src/glibc-2.37/build/elf/rtld-libc.a(rtld-stpcpy.os)
 .note.GNU-stack
                0x0000000000000000        0x0 /sources/glibc/src/glibc-2.37/build/elf/rtld-libc.a(rtld-strchr.os)
 .note.GNU-stack
                0x0000000000000000        0x0 /sources/glibc/src/glibc-2.37/build/elf/rtld-libc.a(rtld-strcmp.os)
 .note.GNU-stack
                0x0000000000000000        0x0 /sources/glibc/src/glibc-2.37/build/elf/rtld-libc.a(rtld-strcspn.os)
 .note.GNU-stack
                0x0000000000000000        0x0 /sources/glibc/src/glibc-2.37/build/elf/rtld-libc.a(rtld-strdup.os)
 .note.GNU-stack
                0x0000000000000000        0x0 /sources/glibc/src/glibc-2.37/build/elf/rtld-libc.a(rtld-strerrorname_np.os)
 .note.GNU-stack
                0x0000000000000000        0x0 /sources/glibc/src/glibc-2.37/build/elf/rtld-libc.a(rtld-strlen.os)
 .note.GNU-stack
                0x0000000000000000        0x0 /sources/glibc/src/glibc-2.37/build/elf/rtld-libc.a(rtld-strncmp.os)
 .note.GNU-stack
                0x0000000000000000        0x0 /sources/glibc/src/glibc-2.37/build/elf/rtld-libc.a(rtld-strnlen.os)
 .note.GNU-stack
                0x0000000000000000        0x0 /sources/glibc/src/glibc-2.37/build/elf/rtld-libc.a(rtld-strchrnul.os)
 .note.GNU-stack
                0x0000000000000000        0x0 /sources/glibc/src/glibc-2.37/build/elf/rtld-libc.a(rtld-setitimer.os)
 .note.GNU-stack
                0x0000000000000000        0x0 /sources/glibc/src/glibc-2.37/build/elf/rtld-libc.a(rtld-errname.os)

.gnu.build.attributes
 *(.gnu.build.attributes)

.debug
 *(.debug)

.line
 *(.line)

.debug_srcinfo
 *(.debug_srcinfo)

.debug_sfnames
 *(.debug_sfnames)

.debug_aranges  0x0000000000000000     0x14d0
 *(.debug_aranges)
 .debug_aranges
                0x0000000000000000      0xb00 /sources/glibc/src/glibc-2.37/build/elf/dl-allobjs.os
 .debug_aranges
                0x0000000000000b00       0x30 /sources/glibc/src/glibc-2.37/build/elf/rtld-libc.a(rtld-check_fds.os)
 .debug_aranges
                0x0000000000000b30       0x20 /sources/glibc/src/glibc-2.37/build/elf/rtld-libc.a(rtld-errno.os)
 .debug_aranges
                0x0000000000000b50       0x30 /sources/glibc/src/glibc-2.37/build/elf/rtld-libc.a(rtld-closedir.os)
 .debug_aranges
                0x0000000000000b80       0x30 /sources/glibc/src/glibc-2.37/build/elf/rtld-libc.a(rtld-rewinddir.os)
 .debug_aranges
                0x0000000000000bb0       0x30 /sources/glibc/src/glibc-2.37/build/elf/rtld-libc.a(rtld-readdir64.os)
 .debug_aranges
                0x0000000000000be0       0x30 /sources/glibc/src/glibc-2.37/build/elf/rtld-libc.a(rtld-fdopendir.os)
 .debug_aranges
                0x0000000000000c10       0x30 /sources/glibc/src/glibc-2.37/build/elf/rtld-libc.a(rtld-getdents64.os)
 .debug_aranges
                0x0000000000000c40       0x30 /sources/glibc/src/glibc-2.37/build/elf/rtld-libc.a(rtld-dl-addr-obj.os)
 .debug_aranges
                0x0000000000000c70       0x30 /sources/glibc/src/glibc-2.37/build/elf/rtld-libc.a(rtld-profil.os)
 .debug_aranges
                0x0000000000000ca0       0x30 /sources/glibc/src/glibc-2.37/build/elf/rtld-libc.a(rtld-prof-freq.os)
 .debug_aranges
                0x0000000000000cd0       0x30 /sources/glibc/src/glibc-2.37/build/elf/rtld-libc.a(rtld-stat64.os)
 .debug_aranges
                0x0000000000000d00       0x30 /sources/glibc/src/glibc-2.37/build/elf/rtld-libc.a(rtld-fstat64.os)
 .debug_aranges
                0x0000000000000d30       0x30 /sources/glibc/src/glibc-2.37/build/elf/rtld-libc.a(rtld-lstat64.os)
 .debug_aranges
                0x0000000000000d60       0x30 /sources/glibc/src/glibc-2.37/build/elf/rtld-libc.a(rtld-fstatat64.os)
 .debug_aranges
                0x0000000000000d90       0x30 /sources/glibc/src/glibc-2.37/build/elf/rtld-libc.a(rtld-openat64.os)
 .debug_aranges
                0x0000000000000dc0       0x30 /sources/glibc/src/glibc-2.37/build/elf/rtld-libc.a(rtld-lseek64.os)
 .debug_aranges
                0x0000000000000df0       0x30 /sources/glibc/src/glibc-2.37/build/elf/rtld-libc.a(rtld-access.os)
 .debug_aranges
                0x0000000000000e20       0x30 /sources/glibc/src/glibc-2.37/build/elf/rtld-libc.a(rtld-close_nocancel.os)
 .debug_aranges
                0x0000000000000e50       0x30 /sources/glibc/src/glibc-2.37/build/elf/rtld-libc.a(rtld-fcntl_nocancel.os)
 .debug_aranges
                0x0000000000000e80       0x30 /sources/glibc/src/glibc-2.37/build/elf/rtld-libc.a(rtld-open64_nocancel.os)
 .debug_aranges
                0x0000000000000eb0       0x30 /sources/glibc/src/glibc-2.37/build/elf/rtld-libc.a(rtld-read_nocancel.os)
 .debug_aranges
                0x0000000000000ee0       0x30 /sources/glibc/src/glibc-2.37/build/elf/rtld-libc.a(rtld-pread64_nocancel.os)
 .debug_aranges
                0x0000000000000f10       0x30 /sources/glibc/src/glibc-2.37/build/elf/rtld-libc.a(rtld-write_nocancel.os)
 .debug_aranges
                0x0000000000000f40       0x30 /sources/glibc/src/glibc-2.37/build/elf/rtld-libc.a(rtld-scratch_buffer_set_array_size.os)
 .debug_aranges
                0x0000000000000f70       0x30 /sources/glibc/src/glibc-2.37/build/elf/rtld-libc.a(rtld-mmap64.os)
 .debug_aranges
                0x0000000000000fa0       0x30 /sources/glibc/src/glibc-2.37/build/elf/rtld-libc.a(rtld-munmap.os)
 .debug_aranges
                0x0000000000000fd0       0x30 /sources/glibc/src/glibc-2.37/build/elf/rtld-libc.a(rtld-mprotect.os)
 .debug_aranges
                0x0000000000001000       0x30 /sources/glibc/src/glibc-2.37/build/elf/rtld-libc.a(rtld-lowlevellock.os)
 .debug_aranges
                0x0000000000001030       0x30 /sources/glibc/src/glibc-2.37/build/elf/rtld-libc.a(rtld-uname.os)
 .debug_aranges
                0x0000000000001060       0x30 /sources/glibc/src/glibc-2.37/build/elf/rtld-libc.a(rtld-_exit.os)
 .debug_aranges
                0x0000000000001090       0x30 /sources/glibc/src/glibc-2.37/build/elf/rtld-libc.a(rtld-getpid.os)
 .debug_aranges
                0x00000000000010c0       0x20 /sources/glibc/src/glibc-2.37/build/elf/rtld-libc.a(rtld-environ.os)
 .debug_aranges
                0x00000000000010e0       0x30 /sources/glibc/src/glibc-2.37/build/elf/rtld-libc.a(rtld-setjmp.os)
 .debug_aranges
                0x0000000000001110       0x30 /sources/glibc/src/glibc-2.37/build/elf/rtld-libc.a(rtld-__longjmp.os)
 .debug_aranges
                0x0000000000001140       0x30 /sources/glibc/src/glibc-2.37/build/elf/rtld-libc.a(rtld-sigaction.os)
 .debug_aranges
                0x0000000000001170       0x30 /sources/glibc/src/glibc-2.37/build/elf/rtld-libc.a(rtld-libc_sigaction.os)
 .debug_aranges
                0x00000000000011a0       0x30 /sources/glibc/src/glibc-2.37/build/elf/rtld-libc.a(rtld-memchr.os)
 .debug_aranges
                0x00000000000011d0       0x30 /sources/glibc/src/glibc-2.37/build/elf/rtld-libc.a(rtld-memcmp.os)
 .debug_aranges
                0x0000000000001200       0x30 /sources/glibc/src/glibc-2.37/build/elf/rtld-libc.a(rtld-memmove.os)
 .debug_aranges
                0x0000000000001230       0x30 /sources/glibc/src/glibc-2.37/build/elf/rtld-libc.a(rtld-memset.os)
 .debug_aranges
                0x0000000000001260       0x30 /sources/glibc/src/glibc-2.37/build/elf/rtld-libc.a(rtld-rawmemchr.os)
 .debug_aranges
                0x0000000000001290       0x30 /sources/glibc/src/glibc-2.37/build/elf/rtld-libc.a(rtld-stpcpy.os)
 .debug_aranges
                0x00000000000012c0       0x30 /sources/glibc/src/glibc-2.37/build/elf/rtld-libc.a(rtld-strchr.os)
 .debug_aranges
                0x00000000000012f0       0x30 /sources/glibc/src/glibc-2.37/build/elf/rtld-libc.a(rtld-strcmp.os)
 .debug_aranges
                0x0000000000001320       0x30 /sources/glibc/src/glibc-2.37/build/elf/rtld-libc.a(rtld-strcspn.os)
 .debug_aranges
                0x0000000000001350       0x30 /sources/glibc/src/glibc-2.37/build/elf/rtld-libc.a(rtld-strdup.os)
 .debug_aranges
                0x0000000000001380       0x30 /sources/glibc/src/glibc-2.37/build/elf/rtld-libc.a(rtld-strerrorname_np.os)
 .debug_aranges
                0x00000000000013b0       0x30 /sources/glibc/src/glibc-2.37/build/elf/rtld-libc.a(rtld-strlen.os)
 .debug_aranges
                0x00000000000013e0       0x30 /sources/glibc/src/glibc-2.37/build/elf/rtld-libc.a(rtld-strncmp.os)
 .debug_aranges
                0x0000000000001410       0x30 /sources/glibc/src/glibc-2.37/build/elf/rtld-libc.a(rtld-strnlen.os)
 .debug_aranges
                0x0000000000001440       0x30 /sources/glibc/src/glibc-2.37/build/elf/rtld-libc.a(rtld-strchrnul.os)
 .debug_aranges
                0x0000000000001470       0x30 /sources/glibc/src/glibc-2.37/build/elf/rtld-libc.a(rtld-setitimer.os)
 .debug_aranges
                0x00000000000014a0       0x30 /sources/glibc/src/glibc-2.37/build/elf/rtld-libc.a(rtld-errname.os)

.debug_pubnames
 *(.debug_pubnames)

.debug_info     0x0000000000000000    0x9d32c
 *(.debug_info)
 .debug_info    0x0000000000000000    0x8e863 /sources/glibc/src/glibc-2.37/build/elf/dl-allobjs.os
 .debug_info    0x000000000008e863      0x811 /sources/glibc/src/glibc-2.37/build/elf/rtld-libc.a(rtld-check_fds.os)
 .debug_info    0x000000000008f074      0x407 /sources/glibc/src/glibc-2.37/build/elf/rtld-libc.a(rtld-errno.os)
 .debug_info    0x000000000008f47b      0x592 /sources/glibc/src/glibc-2.37/build/elf/rtld-libc.a(rtld-closedir.os)
 .debug_info    0x000000000008fa0d      0x504 /sources/glibc/src/glibc-2.37/build/elf/rtld-libc.a(rtld-rewinddir.os)
 .debug_info    0x000000000008ff11      0x609 /sources/glibc/src/glibc-2.37/build/elf/rtld-libc.a(rtld-readdir64.os)
 .debug_info    0x000000000009051a      0x749 /sources/glibc/src/glibc-2.37/build/elf/rtld-libc.a(rtld-fdopendir.os)
 .debug_info    0x0000000000090c63      0x4ce /sources/glibc/src/glibc-2.37/build/elf/rtld-libc.a(rtld-getdents64.os)
 .debug_info    0x0000000000091131      0xe23 /sources/glibc/src/glibc-2.37/build/elf/rtld-libc.a(rtld-dl-addr-obj.os)
 .debug_info    0x0000000000091f54      0xb64 /sources/glibc/src/glibc-2.37/build/elf/rtld-libc.a(rtld-profil.os)
 .debug_info    0x0000000000092ab8     0x211a /sources/glibc/src/glibc-2.37/build/elf/rtld-libc.a(rtld-prof-freq.os)
 .debug_info    0x0000000000094bd2      0x298 /sources/glibc/src/glibc-2.37/build/elf/rtld-libc.a(rtld-stat64.os)
 .debug_info    0x0000000000094e6a      0x2a8 /sources/glibc/src/glibc-2.37/build/elf/rtld-libc.a(rtld-fstat64.os)
 .debug_info    0x0000000000095112      0x29a /sources/glibc/src/glibc-2.37/build/elf/rtld-libc.a(rtld-lstat64.os)
 .debug_info    0x00000000000953ac      0x75c /sources/glibc/src/glibc-2.37/build/elf/rtld-libc.a(rtld-fstatat64.os)
 .debug_info    0x0000000000095b08      0x61a /sources/glibc/src/glibc-2.37/build/elf/rtld-libc.a(rtld-openat64.os)
 .debug_info    0x0000000000096122      0x4ca /sources/glibc/src/glibc-2.37/build/elf/rtld-libc.a(rtld-lseek64.os)
 .debug_info    0x00000000000965ec      0x493 /sources/glibc/src/glibc-2.37/build/elf/rtld-libc.a(rtld-access.os)
 .debug_info    0x0000000000096a7f      0x469 /sources/glibc/src/glibc-2.37/build/elf/rtld-libc.a(rtld-close_nocancel.os)
 .debug_info    0x0000000000096ee8      0x8d6 /sources/glibc/src/glibc-2.37/build/elf/rtld-libc.a(rtld-fcntl_nocancel.os)
 .debug_info    0x00000000000977be      0x590 /sources/glibc/src/glibc-2.37/build/elf/rtld-libc.a(rtld-open64_nocancel.os)
 .debug_info    0x0000000000097d4e      0x4dc /sources/glibc/src/glibc-2.37/build/elf/rtld-libc.a(rtld-read_nocancel.os)
 .debug_info    0x000000000009822a      0x518 /sources/glibc/src/glibc-2.37/build/elf/rtld-libc.a(rtld-pread64_nocancel.os)
 .debug_info    0x0000000000098742      0x4e0 /sources/glibc/src/glibc-2.37/build/elf/rtld-libc.a(rtld-write_nocancel.os)
 .debug_info    0x0000000000098c22      0x3ba /sources/glibc/src/glibc-2.37/build/elf/rtld-libc.a(rtld-scratch_buffer_set_array_size.os)
 .debug_info    0x0000000000098fdc      0x633 /sources/glibc/src/glibc-2.37/build/elf/rtld-libc.a(rtld-mmap64.os)
 .debug_info    0x000000000009960f       0x6a /sources/glibc/src/glibc-2.37/build/elf/rtld-libc.a(rtld-munmap.os)
 .debug_info    0x0000000000099679       0x6a /sources/glibc/src/glibc-2.37/build/elf/rtld-libc.a(rtld-mprotect.os)
 .debug_info    0x00000000000996e3      0x965 /sources/glibc/src/glibc-2.37/build/elf/rtld-libc.a(rtld-lowlevellock.os)
 .debug_info    0x000000000009a048       0x6a /sources/glibc/src/glibc-2.37/build/elf/rtld-libc.a(rtld-uname.os)
 .debug_info    0x000000000009a0b2      0x45a /sources/glibc/src/glibc-2.37/build/elf/rtld-libc.a(rtld-_exit.os)
 .debug_info    0x000000000009a50c       0x6a /sources/glibc/src/glibc-2.37/build/elf/rtld-libc.a(rtld-getpid.os)
 .debug_info    0x000000000009a576       0xb2 /sources/glibc/src/glibc-2.37/build/elf/rtld-libc.a(rtld-environ.os)
 .debug_info    0x000000000009a628       0x48 /sources/glibc/src/glibc-2.37/build/elf/rtld-libc.a(rtld-setjmp.os)
 .debug_info    0x000000000009a670       0x39 /sources/glibc/src/glibc-2.37/build/elf/rtld-libc.a(rtld-__longjmp.os)
 .debug_info    0x000000000009a6a9      0x963 /sources/glibc/src/glibc-2.37/build/elf/rtld-libc.a(rtld-sigaction.os)
 .debug_info    0x000000000009b00c      0x945 /sources/glibc/src/glibc-2.37/build/elf/rtld-libc.a(rtld-libc_sigaction.os)
 .debug_info    0x000000000009b951       0x4d /sources/glibc/src/glibc-2.37/build/elf/rtld-libc.a(rtld-memchr.os)
 .debug_info    0x000000000009b99e       0x4d /sources/glibc/src/glibc-2.37/build/elf/rtld-libc.a(rtld-memcmp.os)
 .debug_info    0x000000000009b9eb       0x6d /sources/glibc/src/glibc-2.37/build/elf/rtld-libc.a(rtld-memmove.os)
 .debug_info    0x000000000009ba58       0x3b /sources/glibc/src/glibc-2.37/build/elf/rtld-libc.a(rtld-memset.os)
 .debug_info    0x000000000009ba93       0x4d /sources/glibc/src/glibc-2.37/build/elf/rtld-libc.a(rtld-rawmemchr.os)
 .debug_info    0x000000000009bae0       0x4d /sources/glibc/src/glibc-2.37/build/elf/rtld-libc.a(rtld-stpcpy.os)
 .debug_info    0x000000000009bb2d       0x4d /sources/glibc/src/glibc-2.37/build/elf/rtld-libc.a(rtld-strchr.os)
 .debug_info    0x000000000009bb7a       0x3b /sources/glibc/src/glibc-2.37/build/elf/rtld-libc.a(rtld-strcmp.os)
 .debug_info    0x000000000009bbb5      0x1f3 /sources/glibc/src/glibc-2.37/build/elf/rtld-libc.a(rtld-strcspn.os)
 .debug_info    0x000000000009bda8      0x1ec /sources/glibc/src/glibc-2.37/build/elf/rtld-libc.a(rtld-strdup.os)
 .debug_info    0x000000000009bf94       0xd7 /sources/glibc/src/glibc-2.37/build/elf/rtld-libc.a(rtld-strerrorname_np.os)
 .debug_info    0x000000000009c06b       0x3b /sources/glibc/src/glibc-2.37/build/elf/rtld-libc.a(rtld-strlen.os)
 .debug_info    0x000000000009c0a6       0x3b /sources/glibc/src/glibc-2.37/build/elf/rtld-libc.a(rtld-strncmp.os)
 .debug_info    0x000000000009c0e1       0x4d /sources/glibc/src/glibc-2.37/build/elf/rtld-libc.a(rtld-strnlen.os)
 .debug_info    0x000000000009c12e       0x4d /sources/glibc/src/glibc-2.37/build/elf/rtld-libc.a(rtld-strchrnul.os)
 .debug_info    0x000000000009c17b      0x568 /sources/glibc/src/glibc-2.37/build/elf/rtld-libc.a(rtld-setitimer.os)
 .debug_info    0x000000000009c6e3      0xc49 /sources/glibc/src/glibc-2.37/build/elf/rtld-libc.a(rtld-errname.os)

.debug_abbrev   0x0000000000000000    0x14865
 *(.debug_abbrev)
 .debug_abbrev  0x0000000000000000    0x10c8e /sources/glibc/src/glibc-2.37/build/elf/dl-allobjs.os
 .debug_abbrev  0x0000000000010c8e      0x20d /sources/glibc/src/glibc-2.37/build/elf/rtld-libc.a(rtld-check_fds.os)
 .debug_abbrev  0x0000000000010e9b      0x10d /sources/glibc/src/glibc-2.37/build/elf/rtld-libc.a(rtld-errno.os)
 .debug_abbrev  0x0000000000010fa8      0x20f /sources/glibc/src/glibc-2.37/build/elf/rtld-libc.a(rtld-closedir.os)
 .debug_abbrev  0x00000000000111b7      0x182 /sources/glibc/src/glibc-2.37/build/elf/rtld-libc.a(rtld-rewinddir.os)
 .debug_abbrev  0x0000000000011339      0x1e3 /sources/glibc/src/glibc-2.37/build/elf/rtld-libc.a(rtld-readdir64.os)
 .debug_abbrev  0x000000000001151c      0x1e6 /sources/glibc/src/glibc-2.37/build/elf/rtld-libc.a(rtld-fdopendir.os)
 .debug_abbrev  0x0000000000011702      0x15f /sources/glibc/src/glibc-2.37/build/elf/rtld-libc.a(rtld-getdents64.os)
 .debug_abbrev  0x0000000000011861      0x218 /sources/glibc/src/glibc-2.37/build/elf/rtld-libc.a(rtld-dl-addr-obj.os)
 .debug_abbrev  0x0000000000011a79      0x2df /sources/glibc/src/glibc-2.37/build/elf/rtld-libc.a(rtld-profil.os)
 .debug_abbrev  0x0000000000011d58      0x318 /sources/glibc/src/glibc-2.37/build/elf/rtld-libc.a(rtld-prof-freq.os)
 .debug_abbrev  0x0000000000012070       0xfa /sources/glibc/src/glibc-2.37/build/elf/rtld-libc.a(rtld-stat64.os)
 .debug_abbrev  0x000000000001216a       0xfb /sources/glibc/src/glibc-2.37/build/elf/rtld-libc.a(rtld-fstat64.os)
 .debug_abbrev  0x0000000000012265       0xfa /sources/glibc/src/glibc-2.37/build/elf/rtld-libc.a(rtld-lstat64.os)
 .debug_abbrev  0x000000000001235f      0x1ec /sources/glibc/src/glibc-2.37/build/elf/rtld-libc.a(rtld-fstatat64.os)
 .debug_abbrev  0x000000000001254b      0x1cd /sources/glibc/src/glibc-2.37/build/elf/rtld-libc.a(rtld-openat64.os)
 .debug_abbrev  0x0000000000012718      0x15e /sources/glibc/src/glibc-2.37/build/elf/rtld-libc.a(rtld-lseek64.os)
 .debug_abbrev  0x0000000000012876      0x14d /sources/glibc/src/glibc-2.37/build/elf/rtld-libc.a(rtld-access.os)
 .debug_abbrev  0x00000000000129c3      0x14a /sources/glibc/src/glibc-2.37/build/elf/rtld-libc.a(rtld-close_nocancel.os)
 .debug_abbrev  0x0000000000012b0d      0x266 /sources/glibc/src/glibc-2.37/build/elf/rtld-libc.a(rtld-fcntl_nocancel.os)
 .debug_abbrev  0x0000000000012d73      0x18e /sources/glibc/src/glibc-2.37/build/elf/rtld-libc.a(rtld-open64_nocancel.os)
 .debug_abbrev  0x0000000000012f01      0x167 /sources/glibc/src/glibc-2.37/build/elf/rtld-libc.a(rtld-read_nocancel.os)
 .debug_abbrev  0x0000000000013068      0x172 /sources/glibc/src/glibc-2.37/build/elf/rtld-libc.a(rtld-pread64_nocancel.os)
 .debug_abbrev  0x00000000000131da      0x165 /sources/glibc/src/glibc-2.37/build/elf/rtld-libc.a(rtld-write_nocancel.os)
 .debug_abbrev  0x000000000001333f      0x24c /sources/glibc/src/glibc-2.37/build/elf/rtld-libc.a(rtld-scratch_buffer_set_array_size.os)
 .debug_abbrev  0x000000000001358b      0x1ae /sources/glibc/src/glibc-2.37/build/elf/rtld-libc.a(rtld-mmap64.os)
 .debug_abbrev  0x0000000000013739       0x28 /sources/glibc/src/glibc-2.37/build/elf/rtld-libc.a(rtld-munmap.os)
 .debug_abbrev  0x0000000000013761       0x28 /sources/glibc/src/glibc-2.37/build/elf/rtld-libc.a(rtld-mprotect.os)
 .debug_abbrev  0x0000000000013789      0x294 /sources/glibc/src/glibc-2.37/build/elf/rtld-libc.a(rtld-lowlevellock.os)
 .debug_abbrev  0x0000000000013a1d       0x28 /sources/glibc/src/glibc-2.37/build/elf/rtld-libc.a(rtld-uname.os)
 .debug_abbrev  0x0000000000013a45      0x142 /sources/glibc/src/glibc-2.37/build/elf/rtld-libc.a(rtld-_exit.os)
 .debug_abbrev  0x0000000000013b87       0x28 /sources/glibc/src/glibc-2.37/build/elf/rtld-libc.a(rtld-getpid.os)
 .debug_abbrev  0x0000000000013baf       0x72 /sources/glibc/src/glibc-2.37/build/elf/rtld-libc.a(rtld-environ.os)
 .debug_abbrev  0x0000000000013c21       0x28 /sources/glibc/src/glibc-2.37/build/elf/rtld-libc.a(rtld-setjmp.os)
 .debug_abbrev  0x0000000000013c49       0x28 /sources/glibc/src/glibc-2.37/build/elf/rtld-libc.a(rtld-__longjmp.os)
 .debug_abbrev  0x0000000000013c71      0x1fb /sources/glibc/src/glibc-2.37/build/elf/rtld-libc.a(rtld-sigaction.os)
 .debug_abbrev  0x0000000000013e6c      0x209 /sources/glibc/src/glibc-2.37/build/elf/rtld-libc.a(rtld-libc_sigaction.os)
 .debug_abbrev  0x0000000000014075       0x28 /sources/glibc/src/glibc-2.37/build/elf/rtld-libc.a(rtld-memchr.os)
 .debug_abbrev  0x000000000001409d       0x28 /sources/glibc/src/glibc-2.37/build/elf/rtld-libc.a(rtld-memcmp.os)
 .debug_abbrev  0x00000000000140c5       0x28 /sources/glibc/src/glibc-2.37/build/elf/rtld-libc.a(rtld-memmove.os)
 .debug_abbrev  0x00000000000140ed       0x28 /sources/glibc/src/glibc-2.37/build/elf/rtld-libc.a(rtld-memset.os)
 .debug_abbrev  0x0000000000014115       0x28 /sources/glibc/src/glibc-2.37/build/elf/rtld-libc.a(rtld-rawmemchr.os)
 .debug_abbrev  0x000000000001413d       0x28 /sources/glibc/src/glibc-2.37/build/elf/rtld-libc.a(rtld-stpcpy.os)
 .debug_abbrev  0x0000000000014165       0x28 /sources/glibc/src/glibc-2.37/build/elf/rtld-libc.a(rtld-strchr.os)
 .debug_abbrev  0x000000000001418d       0x28 /sources/glibc/src/glibc-2.37/build/elf/rtld-libc.a(rtld-strcmp.os)
 .debug_abbrev  0x00000000000141b5      0x113 /sources/glibc/src/glibc-2.37/build/elf/rtld-libc.a(rtld-strcspn.os)
 .debug_abbrev  0x00000000000142c8      0x15c /sources/glibc/src/glibc-2.37/build/elf/rtld-libc.a(rtld-strdup.os)
 .debug_abbrev  0x0000000000014424       0x9c /sources/glibc/src/glibc-2.37/build/elf/rtld-libc.a(rtld-strerrorname_np.os)
 .debug_abbrev  0x00000000000144c0       0x28 /sources/glibc/src/glibc-2.37/build/elf/rtld-libc.a(rtld-strlen.os)
 .debug_abbrev  0x00000000000144e8       0x28 /sources/glibc/src/glibc-2.37/build/elf/rtld-libc.a(rtld-strncmp.os)
 .debug_abbrev  0x0000000000014510       0x28 /sources/glibc/src/glibc-2.37/build/elf/rtld-libc.a(rtld-strnlen.os)
 .debug_abbrev  0x0000000000014538       0x28 /sources/glibc/src/glibc-2.37/build/elf/rtld-libc.a(rtld-strchrnul.os)
 .debug_abbrev  0x0000000000014560      0x16c /sources/glibc/src/glibc-2.37/build/elf/rtld-libc.a(rtld-setitimer.os)
 .debug_abbrev  0x00000000000146cc      0x199 /sources/glibc/src/glibc-2.37/build/elf/rtld-libc.a(rtld-errname.os)

.debug_line     0x0000000000000000    0x2032b
 *(.debug_line)
 .debug_line    0x0000000000000000    0x1ccbe /sources/glibc/src/glibc-2.37/build/elf/dl-allobjs.os
 .debug_line    0x000000000001ccbe      0x136 /sources/glibc/src/glibc-2.37/build/elf/rtld-libc.a(rtld-check_fds.os)
 .debug_line    0x000000000001cdf4       0x71 /sources/glibc/src/glibc-2.37/build/elf/rtld-libc.a(rtld-errno.os)
 .debug_line    0x000000000001ce65       0xf8 /sources/glibc/src/glibc-2.37/build/elf/rtld-libc.a(rtld-closedir.os)
 .debug_line    0x000000000001cf5d       0xd6 /sources/glibc/src/glibc-2.37/build/elf/rtld-libc.a(rtld-rewinddir.os)
 .debug_line    0x000000000001d033      0x13e /sources/glibc/src/glibc-2.37/build/elf/rtld-libc.a(rtld-readdir64.os)
 .debug_line    0x000000000001d171      0x127 /sources/glibc/src/glibc-2.37/build/elf/rtld-libc.a(rtld-fdopendir.os)
 .debug_line    0x000000000001d298       0xce /sources/glibc/src/glibc-2.37/build/elf/rtld-libc.a(rtld-getdents64.os)
 .debug_line    0x000000000001d366      0x10a /sources/glibc/src/glibc-2.37/build/elf/rtld-libc.a(rtld-dl-addr-obj.os)
 .debug_line    0x000000000001d470      0x20c /sources/glibc/src/glibc-2.37/build/elf/rtld-libc.a(rtld-profil.os)
 .debug_line    0x000000000001d67c      0x122 /sources/glibc/src/glibc-2.37/build/elf/rtld-libc.a(rtld-prof-freq.os)
 .debug_line    0x000000000001d79e       0x7e /sources/glibc/src/glibc-2.37/build/elf/rtld-libc.a(rtld-stat64.os)
 .debug_line    0x000000000001d81c       0x98 /sources/glibc/src/glibc-2.37/build/elf/rtld-libc.a(rtld-fstat64.os)
 .debug_line    0x000000000001d8b4       0x7e /sources/glibc/src/glibc-2.37/build/elf/rtld-libc.a(rtld-lstat64.os)
 .debug_line    0x000000000001d932       0xe9 /sources/glibc/src/glibc-2.37/build/elf/rtld-libc.a(rtld-fstatat64.os)
 .debug_line    0x000000000001da1b      0x151 /sources/glibc/src/glibc-2.37/build/elf/rtld-libc.a(rtld-openat64.os)
 .debug_line    0x000000000001db6c       0xbf /sources/glibc/src/glibc-2.37/build/elf/rtld-libc.a(rtld-lseek64.os)
 .debug_line    0x000000000001dc2b       0xb2 /sources/glibc/src/glibc-2.37/build/elf/rtld-libc.a(rtld-access.os)
 .debug_line    0x000000000001dcdd       0xb0 /sources/glibc/src/glibc-2.37/build/elf/rtld-libc.a(rtld-close_nocancel.os)
 .debug_line    0x000000000001dd8d      0x16c /sources/glibc/src/glibc-2.37/build/elf/rtld-libc.a(rtld-fcntl_nocancel.os)
 .debug_line    0x000000000001def9       0xee /sources/glibc/src/glibc-2.37/build/elf/rtld-libc.a(rtld-open64_nocancel.os)
 .debug_line    0x000000000001dfe7       0xc6 /sources/glibc/src/glibc-2.37/build/elf/rtld-libc.a(rtld-read_nocancel.os)
 .debug_line    0x000000000001e0ad       0xcf /sources/glibc/src/glibc-2.37/build/elf/rtld-libc.a(rtld-pread64_nocancel.os)
 .debug_line    0x000000000001e17c       0xc6 /sources/glibc/src/glibc-2.37/build/elf/rtld-libc.a(rtld-write_nocancel.os)
 .debug_line    0x000000000001e242      0x189 /sources/glibc/src/glibc-2.37/build/elf/rtld-libc.a(rtld-scratch_buffer_set_array_size.os)
 .debug_line    0x000000000001e3cb       0xdf /sources/glibc/src/glibc-2.37/build/elf/rtld-libc.a(rtld-mmap64.os)
 .debug_line    0x000000000001e4aa       0x50 /sources/glibc/src/glibc-2.37/build/elf/rtld-libc.a(rtld-munmap.os)
 .debug_line    0x000000000001e4fa       0x50 /sources/glibc/src/glibc-2.37/build/elf/rtld-libc.a(rtld-mprotect.os)
 .debug_line    0x000000000001e54a      0x1c6 /sources/glibc/src/glibc-2.37/build/elf/rtld-libc.a(rtld-lowlevellock.os)
 .debug_line    0x000000000001e710       0x50 /sources/glibc/src/glibc-2.37/build/elf/rtld-libc.a(rtld-uname.os)
 .debug_line    0x000000000001e760       0xb4 /sources/glibc/src/glibc-2.37/build/elf/rtld-libc.a(rtld-_exit.os)
 .debug_line    0x000000000001e814       0x4f /sources/glibc/src/glibc-2.37/build/elf/rtld-libc.a(rtld-getpid.os)
 .debug_line    0x000000000001e863       0x3f /sources/glibc/src/glibc-2.37/build/elf/rtld-libc.a(rtld-environ.os)
 .debug_line    0x000000000001e8a2       0x60 /sources/glibc/src/glibc-2.37/build/elf/rtld-libc.a(rtld-setjmp.os)
 .debug_line    0x000000000001e902       0x5d /sources/glibc/src/glibc-2.37/build/elf/rtld-libc.a(rtld-__longjmp.os)
 .debug_line    0x000000000001e95f       0xeb /sources/glibc/src/glibc-2.37/build/elf/rtld-libc.a(rtld-sigaction.os)
 .debug_line    0x000000000001ea4a      0x1d2 /sources/glibc/src/glibc-2.37/build/elf/rtld-libc.a(rtld-libc_sigaction.os)
 .debug_line    0x000000000001ec1c      0x118 /sources/glibc/src/glibc-2.37/build/elf/rtld-libc.a(rtld-memchr.os)
 .debug_line    0x000000000001ed34      0x137 /sources/glibc/src/glibc-2.37/build/elf/rtld-libc.a(rtld-memcmp.os)
 .debug_line    0x000000000001ee6b       0xda /sources/glibc/src/glibc-2.37/build/elf/rtld-libc.a(rtld-memmove.os)
 .debug_line    0x000000000001ef45       0x96 /sources/glibc/src/glibc-2.37/build/elf/rtld-libc.a(rtld-memset.os)
 .debug_line    0x000000000001efdb       0xc2 /sources/glibc/src/glibc-2.37/build/elf/rtld-libc.a(rtld-rawmemchr.os)
 .debug_line    0x000000000001f09d      0x1c8 /sources/glibc/src/glibc-2.37/build/elf/rtld-libc.a(rtld-stpcpy.os)
 .debug_line    0x000000000001f265       0xd0 /sources/glibc/src/glibc-2.37/build/elf/rtld-libc.a(rtld-strchr.os)
 .debug_line    0x000000000001f335      0x48e /sources/glibc/src/glibc-2.37/build/elf/rtld-libc.a(rtld-strcmp.os)
 .debug_line    0x000000000001f7c3      0x1ce /sources/glibc/src/glibc-2.37/build/elf/rtld-libc.a(rtld-strcspn.os)
 .debug_line    0x000000000001f991       0xab /sources/glibc/src/glibc-2.37/build/elf/rtld-libc.a(rtld-strdup.os)
 .debug_line    0x000000000001fa3c       0x5a /sources/glibc/src/glibc-2.37/build/elf/rtld-libc.a(rtld-strerrorname_np.os)
 .debug_line    0x000000000001fa96       0x97 /sources/glibc/src/glibc-2.37/build/elf/rtld-libc.a(rtld-strlen.os)
 .debug_line    0x000000000001fb2d      0x524 /sources/glibc/src/glibc-2.37/build/elf/rtld-libc.a(rtld-strncmp.os)
 .debug_line    0x0000000000020051       0x9a /sources/glibc/src/glibc-2.37/build/elf/rtld-libc.a(rtld-strnlen.os)
 .debug_line    0x00000000000200eb       0xcb /sources/glibc/src/glibc-2.37/build/elf/rtld-libc.a(rtld-strchrnul.os)
 .debug_line    0x00000000000201b6       0xcc /sources/glibc/src/glibc-2.37/build/elf/rtld-libc.a(rtld-setitimer.os)