Archive member included to satisfy reference by file (symbol)

/sources/glibc/src/glibc-2.37/build/libc_pic.a(check_fds.os)
                              /sources/glibc/src/glibc-2.37/build/elf/dl-allobjs.os (__libc_check_standard_fds)
/sources/glibc/src/glibc-2.37/build/libc_pic.a(errno.os)
                              /sources/glibc/src/glibc-2.37/build/libc_pic.a(check_fds.os) (__libc_errno)
/sources/glibc/src/glibc-2.37/build/libc_pic.a(setjmp.os)
                              /sources/glibc/src/glibc-2.37/build/elf/dl-allobjs.os (__sigsetjmp)
/sources/glibc/src/glibc-2.37/build/libc_pic.a(__longjmp.os)
                              /sources/glibc/src/glibc-2.37/build/elf/dl-allobjs.os (__longjmp)
/sources/glibc/src/glibc-2.37/build/libc_pic.a(lowlevellock.os)
                              /sources/glibc/src/glibc-2.37/build/elf/dl-allobjs.os (__lll_lock_wait_private)
/sources/glibc/src/glibc-2.37/build/libc_pic.a(scratch_buffer_set_array_size.os)
                              /sources/glibc/src/glibc-2.37/build/elf/dl-allobjs.os (__libc_scratch_buffer_set_array_size)
/sources/glibc/src/glibc-2.37/build/libc_pic.a(memchr.os)
                              /sources/glibc/src/glibc-2.37/build/elf/dl-allobjs.os (memchr)
/sources/glibc/src/glibc-2.37/build/libc_pic.a(memcmp.os)
                              /sources/glibc/src/glibc-2.37/build/elf/dl-allobjs.os (memcmp)
/sources/glibc/src/glibc-2.37/build/libc_pic.a(memcpy.os)
                              /sources/glibc/src/glibc-2.37/build/libc_pic.a(check_fds.os) (__GI_memcpy)
/sources/glibc/src/glibc-2.37/build/libc_pic.a(memmove.os)
                              /sources/glibc/src/glibc-2.37/build/elf/dl-allobjs.os (memmove)
/sources/glibc/src/glibc-2.37/build/libc_pic.a(mempcpy.os)
                              /sources/glibc/src/glibc-2.37/build/elf/dl-allobjs.os (__mempcpy)
/sources/glibc/src/glibc-2.37/build/libc_pic.a(memset.os)
                              /sources/glibc/src/glibc-2.37/build/elf/dl-allobjs.os (memset)
/sources/glibc/src/glibc-2.37/build/libc_pic.a(rawmemchr.os)
                              /sources/glibc/src/glibc-2.37/build/elf/dl-allobjs.os (rawmemchr)
/sources/glibc/src/glibc-2.37/build/libc_pic.a(stpcpy.os)
                              /sources/glibc/src/glibc-2.37/build/elf/dl-allobjs.os (__stpcpy)
/sources/glibc/src/glibc-2.37/build/libc_pic.a(strchr.os)
                              /sources/glibc/src/glibc-2.37/build/elf/dl-allobjs.os (strchr)
/sources/glibc/src/glibc-2.37/build/libc_pic.a(strcmp.os)
                              /sources/glibc/src/glibc-2.37/build/elf/dl-allobjs.os (strcmp)
/sources/glibc/src/glibc-2.37/build/libc_pic.a(strcspn.os)
                              /sources/glibc/src/glibc-2.37/build/elf/dl-allobjs.os (strcspn)
/sources/glibc/src/glibc-2.37/build/libc_pic.a(strdup.os)
                              /sources/glibc/src/glibc-2.37/build/elf/dl-allobjs.os (__strdup)
/sources/glibc/src/glibc-2.37/build/libc_pic.a(strerrorname_np.os)
                              /sources/glibc/src/glibc-2.37/build/elf/dl-allobjs.os (strerrorname_np)
/sources/glibc/src/glibc-2.37/build/libc_pic.a(strlen.os)
                              /sources/glibc/src/glibc-2.37/build/elf/dl-allobjs.os (strlen)
/sources/glibc/src/glibc-2.37/build/libc_pic.a(strncmp.os)
                              /sources/glibc/src/glibc-2.37/build/elf/dl-allobjs.os (strncmp)
/sources/glibc/src/glibc-2.37/build/libc_pic.a(strnlen.os)
                              /sources/glibc/src/glibc-2.37/build/elf/dl-allobjs.os (strnlen)
/sources/glibc/src/glibc-2.37/build/libc_pic.a(memchr-avx2.os)
                              /sources/glibc/src/glibc-2.37/build/libc_pic.a(memchr.os) (__memchr_avx2)
/sources/glibc/src/glibc-2.37/build/libc_pic.a(memchr-avx2-rtm.os)
                              /sources/glibc/src/glibc-2.37/build/libc_pic.a(memchr.os) (__memchr_avx2_rtm)
/sources/glibc/src/glibc-2.37/build/libc_pic.a(memchr-evex.os)
                              /sources/glibc/src/glibc-2.37/build/libc_pic.a(memchr.os) (__memchr_evex)
/sources/glibc/src/glibc-2.37/build/libc_pic.a(memchr-evex-rtm.os)
                              /sources/glibc/src/glibc-2.37/build/libc_pic.a(memchr.os) (__memchr_evex_rtm)
/sources/glibc/src/glibc-2.37/build/libc_pic.a(memchr-sse2.os)
                              /sources/glibc/src/glibc-2.37/build/libc_pic.a(memchr.os) (__memchr_sse2)
/sources/glibc/src/glibc-2.37/build/libc_pic.a(memcmp-avx2-movbe.os)
                              /sources/glibc/src/glibc-2.37/build/libc_pic.a(memcmp.os) (__memcmp_avx2_movbe)
/sources/glibc/src/glibc-2.37/build/libc_pic.a(memcmp-avx2-movbe-rtm.os)
                              /sources/glibc/src/glibc-2.37/build/libc_pic.a(memcmp.os) (__memcmp_avx2_movbe_rtm)
/sources/glibc/src/glibc-2.37/build/libc_pic.a(memcmp-evex-movbe.os)
                              /sources/glibc/src/glibc-2.37/build/libc_pic.a(memcmp.os) (__memcmp_evex_movbe)
[...]
Memory Configuration

Name             Origin             Length             Attributes
*default*        0x0000000000000000 0xffffffffffffffff

Linker script and memory map

LOAD /sources/glibc/src/glibc-2.37/build/elf/librtld.mapT.o
START GROUP
LOAD /sources/glibc/src/glibc-2.37/build/elf/dl-allobjs.os
LOAD /sources/glibc/src/glibc-2.37/build/libc_pic.a
LOAD /usr/lib/gcc/x86_64-lfs-linux-gnu/12.2.0/libgcc.a
END GROUP

.interp
 *(.interp)

.note.gnu.property
                0x0000000000000000       0x30
 .note.gnu.property
                0x0000000000000000       0x30 /sources/glibc/src/glibc-2.37/build/elf/librtld.mapT.o

.note.gnu.build-id
 *(.note.gnu.build-id)

.hash
 *(.hash)

.gnu.hash
 *(.gnu.hash)

.dynsym
 *(.dynsym)

.dynstr
 *(.dynstr)

.gnu.version
 *(.gnu.version)

.gnu.version_d
 *(.gnu.version_d)

.gnu.version_r
 *(.gnu.version_r)

.rela.init
 *(.rela.init)

.rela.text
 *(.rela.text)

.rela.fini
 *(.rela.fini)

.rela.rodata
 *(.rela.rodata)

.rela.data.rel.ro
 *(.rela.data.rel.ro)

.rela.data
 *(.rela.data)

.rela.tdata
 *(.rela.tdata)

.rela.tbss
 *(.rela.tbss)

.rela.ctors
 *(.rela.ctors)

.rela.dtors
 *(.rela.dtors)

.rela.got
 *(.rela.got)

.rela.bss
 *(.rela.bss)

.rela.ldata
 *(.rela.ldata)

.rela.lbss
 *(.rela.lbss)

.rela.lrodata
 *(.rela.lrodata)

.rela.ifunc
 *(.rela.ifunc)

.rela.plt
 *(.rela.plt)

.relr.dyn
 *(.relr.dyn)

.init
 *(SORT_NONE(.init))

.plt
 *(.plt)

.plt.got
 *(.plt.got)

.plt.sec
 *(.plt.sec)

.text           0x0000000000000000    0x255d4
 *(.text .stub)
 .text          0x0000000000000000        0x0 /sources/glibc/src/glibc-2.37/build/elf/librtld.mapT.o
                0x0000000000000000                __stack_chk_fail_local
                0x0000000000000000                malloc
                0x0000000000000000                __libc_assert_fail
                0x0000000000000000                __stack_chk_fail
                0x0000000000000000                calloc
                0x0000000000000000                __GI___pthread_enable_asynccancel
                0x0000000000000000                realloc
                0x0000000000000000                __GI___pthread_disable_asynccancel
                0x0000000000000000                __pthread_enable_asynccancel
                0x0000000000000000                __pthread_disable_asynccancel
                0x0000000000000000                free
 .text          0x0000000000000000    0x1e88d /sources/glibc/src/glibc-2.37/build/elf/dl-allobjs.os
                0x0000000000000000                _dl_call_libc_early_init
                0x0000000000000080                _dl_call_fini
                0x00000000000001b0                _dl_signal_exception
                0x00000000000001b0                __GI__dl_signal_exception
                0x0000000000000210                __GI__dl_signal_error
                0x0000000000000210                _dl_signal_error
                0x0000000000000280                _dl_signal_cexception
                0x0000000000000300                _dl_signal_cerror
                0x0000000000000380                _dl_receive_error
                0x0000000000000410                _dl_catch_exception
                0x0000000000000410                __GI__dl_catch_exception
                0x0000000000000590                _dl_catch_error
                0x00000000000006f0                _dl_close_worker
                0x0000000000001460                _dl_close
                0x00000000000014d0                _dl_debug_state
                0x00000000000014d0                __GI__dl_debug_state
                0x00000000000014e0                _dl_debug_update
                0x0000000000001530                _dl_debug_initialize
                0x00000000000016e0                _dl_map_object_deps
                0x00000000000026b0                _dl_error_free
                0x00000000000026d0                _dl_exception_create
                0x00000000000026d0                __GI__dl_exception_create
                0x00000000000027a0                __GI__dl_exception_create_format
                0x00000000000027a0                _dl_exception_create_format
                0x0000000000002c10                _dl_exception_free
                0x0000000000002c10                __GI__dl_exception_free
                0x0000000000002c30                _dl_make_stacks_executable
                0x0000000000002da0                __GI___nptl_change_stack_perm
                0x0000000000002da0                __nptl_change_stack_perm
                0x0000000000002fe0                __GI__dl_find_object
                0x0000000000002fe0                _dl_find_object
                0x0000000000003320                _dlfo_sort_mappings
                0x00000000000033c0                _dl_find_object_init
                0x0000000000003570                _dl_find_object_update
                0x0000000000003a60                _dl_find_object_dlclose
                0x0000000000003b30                _dl_find_object_freeres
                0x0000000000003ba0                _dl_fini
                0x0000000000003f50                _dl_init
                0x0000000000004de0                _dl_dst_count
                0x0000000000004e80                _dl_dst_substitute
                0x00000000000055e0                _dl_init_paths
                0x0000000000005910                _dl_process_pt_gnu_property
                0x0000000000007250                _dl_map_object
                0x0000000000007d60                _dl_rtld_di_serinfo
                0x0000000000008cd0                _dl_lookup_symbol_x
                0x00000000000098a0                _dl_lookup_direct
                0x0000000000009a40                __minimal_malloc
                0x0000000000009b60                __minimal_calloc
                0x0000000000009ba0                __minimal_free
                0x0000000000009be0                __minimal_realloc
                0x0000000000009c70                _dl_sysdep_read_whole_file
                0x0000000000009d00                _dl_name_match_p
                0x0000000000009d60                _dl_higher_prime_number
                0x0000000000009db0                _dl_strtoul
                0x0000000000009f10                _dl_add_to_namespace_list
                0x0000000000009fb0                _dl_new_object
                0x000000000000a7f0                __GI__dl_find_dso_for_object
                0x000000000000a7f0                _dl_find_dso_for_object
                0x000000000000a8c0                _dl_open
                0x000000000000abb0                _dl_show_scope
                0x000000000000b730                _dl_get_origin
                0x000000000000bf50                _dl_debug_printf
                0x000000000000c000                _dl_debug_printf_c
                0x000000000000c0b0                _dl_dprintf
                0x000000000000c150                _dl_printf
                0x000000000000c1f0                _dl_error_printf
                0x000000000000c290                _dl_fatal_printf
                0x000000000000c290                __GI__dl_fatal_printf
                0x000000000000c330                _dl_start_profile
                0x000000000000ca80                __GI__dl_mcount
                0x000000000000ca80                _dl_mcount
                0x000000000000cc60                _dl_try_allocate_static_tls
                0x000000000000cd80                _dl_allocate_static_tls
                0x000000000000cdb0                _dl_protect_relro
                0x000000000000ce10                _dl_reloc_bad_type
                0x000000000000cee0                _dl_relocate_object
                0x000000000000f0d0                _dl_fixup
                0x000000000000f370                _dl_profile_fixup
                0x000000000000f6a0                _dl_scope_free
                0x000000000000f770                _dl_setup_hash
                0x000000000000f910                _dl_sort_maps_init
                0x000000000000f940                _dl_sort_maps
                0x000000000000fda0                __thread_gscope_wait
                0x0000000000010230                _dl_tls_static_surplus_init
                0x00000000000102c0                _dl_assign_tls_modid
                0x00000000000103d0                _dl_count_modids
                0x0000000000010440                _dl_determine_tlsoffset
                0x0000000000010600                _dl_get_tls_static_info
                0x0000000000010620                _dl_allocate_tls_storage
                0x00000000000106c0                __GI__dl_allocate_tls_init
                0x00000000000106c0                _dl_allocate_tls_init
                0x0000000000010960                __GI__dl_allocate_tls
                0x0000000000010960                _dl_allocate_tls
                0x00000000000109a0                _dl_deallocate_tls
                0x00000000000109a0                __GI__dl_deallocate_tls
                0x0000000000010a20                _dl_update_slotinfo
                0x0000000000010c80                __GI___tls_get_addr
                0x0000000000010c80                ___tls_get_addr
                0x0000000000010cc0                _dl_tls_get_addr_soft
                0x0000000000010d40                _dl_add_to_slotinfo
                0x0000000000010e60                _dl_init_static_tls
                0x0000000000010f90                __tls_get_addr_slow
                0x0000000000010fd0                __tls_pre_init_tp
                0x0000000000011030                __tls_init_tp
                0x0000000000011160                _dl_runtime_profile_sse
                0x00000000000112f0                _dl_runtime_resolve_fxsave
                0x0000000000011370                _dl_runtime_resolve_xsave
                0x0000000000011440                _dl_runtime_resolve_xsavec
                0x0000000000011500                _dl_check_map_versions
                0x0000000000011de0                _dl_check_all_versions
                0x0000000000011e50                _dl_write
                0x0000000000011e60                _dl_cache_libcmp
                0x0000000000012670                _dl_load_cache_lookup
                0x00000000000129b0                _dl_unload_cache
                0x0000000000012b00                __GI___tunable_set_val
                0x0000000000012b20                __GI___tunables_init
                0x00000000000130f0                __GI___tunables_print
                0x0000000000013200                __tunable_get_val
                0x0000000000013200                __GI___tunable_get_val
                0x0000000000013270                _dl_make_tlsdesc_dynamic
                0x0000000000013520                _dl_unmap
                0x00000000000135a0                _dl_tlsdesc_return
                0x00000000000135b0                _dl_tlsdesc_undefweak
                0x00000000000135c0                _dl_tlsdesc_dynamic
                0x0000000000013660                __tls_get_addr
                0x00000000000157a0                __x86_cpu_features
                0x00000000000157c0                _dl_x86_init_cpu_features
                0x00000000000157e0                _dl_x86_get_cpu_features
                0x00000000000157f0                _dl_audit_activity_map
                0x0000000000015890                _dl_audit_activity_nsid
                0x00000000000158d0                _dl_audit_objsearch
                0x00000000000159a0                _dl_audit_objopen
                0x0000000000015a70                _dl_audit_objclose
                0x0000000000015b20                _dl_audit_preinit
                0x0000000000015bb0                _dl_audit_symbind_alt
                0x0000000000015bb0                __GI__dl_audit_symbind_alt
                0x0000000000015d90                _dl_audit_symbind
                0x0000000000016050                _dl_audit_pltenter
                0x0000000000016290                _dl_audit_pltexit
                0x0000000000016490                _dl_diagnostics_print_string
                0x0000000000016510                _dl_diagnostics_print_labeled_string
                0x0000000000016550                _dl_diagnostics_print_labeled_value
                0x0000000000016570                _dl_print_diagnostics
                0x0000000000016970                _dl_diagnostics_cpu
                0x0000000000017070                _dl_diagnostics_kernel
                0x0000000000017110                _dl_next_ld_env_entry
                0x0000000000017160                unsetenv
                0x0000000000017280                _dl_important_hwcaps
                0x0000000000017610                _dl_hwcaps_subdirs_active
                0x00000000000176f0                _dl_hwcaps_split
                0x0000000000017790                _dl_hwcaps_contains
                0x0000000000017840                _dl_hwcaps_split_masked
                0x0000000000017880                __rtld_libc_freeres
                0x0000000000017890                __rtld_malloc_init_stubs
                0x00000000000178d0                __sigjmp_save
                0x00000000000178e0                __strerror_r
                0x00000000000179d0                __GI___libc_fatal
                0x00000000000179d0                __libc_fatal
                0x00000000000179f0                __GI___chk_fail
                0x00000000000179f0                __chk_fail
                0x0000000000017a00                __GI___assert_fail
                0x0000000000017a00                __assert_fail
                0x0000000000017a30                __rtld_malloc_is_complete
                0x0000000000017b40                __rtld_malloc_init_real
                0x0000000000017c30                __GI___assert_perror_fail
                0x0000000000017c30                __assert_perror_fail
                0x0000000000017c90                _itoa
                0x0000000000017cf0                __strsep
                0x0000000000017cf0                strsep
                0x0000000000017cf0                __strsep_g
                0x0000000000017d80                __rtld_mutex_init
                0x0000000000018000                _dl_tunable_set_hwcaps
                0x00000000000189e0                _dl_sysdep_start
                0x0000000000018aa0                _dl_sysdep_start_cleanup
                0x0000000000018ab0                _dl_show_auxv
                0x0000000000018d00                _dl_usage
                0x0000000000018d50                _dl_version
                0x0000000000018d70                _dl_help
                0x0000000000019020                _start
                0x0000000000019028                _dl_start_user
                0x000000000001a350                handle_preload_list
                0x000000000001e030                __brk
                0x000000000001e030                brk
                0x000000000001e060                sbrk
                0x000000000001e060                __sbrk
                0x000000000001e0e0                __getcwd
                0x000000000001e0e0                getcwd
                0x000000000001e6d0                openat64
                0x000000000001e730                __alloc_dir
                0x000000000001e800                __opendir
                0x000000000001e800                opendir
 *fill*         0x000000000001e88d        0x3 
 .text          0x000000000001e890       0xe2 /sources/glibc/src/glibc-2.37/build/libc_pic.a(check_fds.os)
                0x000000000001e940                __libc_check_standard_fds
 .text          0x000000000001e972        0x0 /sources/glibc/src/glibc-2.37/build/libc_pic.a(errno.os)
 *fill*         0x000000000001e972        0xe 
 .text          0x000000000001e980       0x57 /sources/glibc/src/glibc-2.37/build/libc_pic.a(setjmp.os)
                0x000000000001e980                __sigsetjmp
                0x000000000001e980                __GI___sigsetjmp
 *fill*         0x000000000001e9d7        0x9 
 .text          0x000000000001e9e0       0x50 /sources/glibc/src/glibc-2.37/build/libc_pic.a(__longjmp.os)
                0x000000000001e9e0                __longjmp
 .text          0x000000000001ea30       0xe4 /sources/glibc/src/glibc-2.37/build/libc_pic.a(lowlevellock.os)
                0x000000000001ea30                __GI___lll_lock_wait_private
                0x000000000001ea30                __lll_lock_wait_private
                0x000000000001ea80                __lll_lock_wait
                0x000000000001ea80                __GI___lll_lock_wait
                0x000000000001eae0                __lll_lock_wake_private
                0x000000000001eae0                __GI___lll_lock_wake_private
                0x000000000001eb00                __lll_lock_wake
                0x000000000001eb00                __GI___lll_lock_wake
 *fill*         0x000000000001eb14        0xc 
 .text          0x000000000001eb20       0xa5 /sources/glibc/src/glibc-2.37/build/libc_pic.a(scratch_buffer_set_array_size.os)
                0x000000000001eb20                __libc_scratch_buffer_set_array_size
                0x000000000001eb20                __GI___libc_scratch_buffer_set_array_size
 *fill*         0x000000000001ebc5        0xb 
 .text          0x000000000001ebd0       0x7d /sources/glibc/src/glibc-2.37/build/libc_pic.a(memchr.os)
                0x000000000001ebd0                __GI_memchr
                0x000000000001ebd0                memchr
                0x000000000001ebd0                __memchr
 *fill*         0x000000000001ec4d        0x3 
 .text          0x000000000001ec50       0x71 /sources/glibc/src/glibc-2.37/build/libc_pic.a(memcmp.os)
                0x000000000001ec50                bcmp
                0x000000000001ec50                __GI_memcmp
                0x000000000001ec50                memcmp
 *fill*         0x000000000001ecc1        0xf 
 .text          0x000000000001ecd0      0x109 /sources/glibc/src/glibc-2.37/build/libc_pic.a(memcpy.os)
                0x000000000001ecd0                __GI_memcpy
                0x000000000001ecd0                __new_memcpy
                0x000000000001ecd0                memcpy@@GLIBC_2.14
 *fill*         0x000000000001edd9        0x7 
 .text          0x000000000001ede0      0x109 /sources/glibc/src/glibc-2.37/build/libc_pic.a(memmove.os)
                0x000000000001ede0                memmove
                0x000000000001ede0                __GI_memmove
                0x000000000001ede0                __libc_memmove
 *fill*         0x000000000001eee9        0x7 
 .text          0x000000000001eef0      0x109 /sources/glibc/src/glibc-2.37/build/libc_pic.a(mempcpy.os)
                0x000000000001eef0                mempcpy
                0x000000000001eef0                __GI_mempcpy
                0x000000000001eef0                __mempcpy
                0x000000000001eef0                __GI___mempcpy
 *fill*         0x000000000001eff9        0x7 
 .text          0x000000000001f000       0xf1 /sources/glibc/src/glibc-2.37/build/libc_pic.a(memset.os)
                0x000000000001f000                __GI_memset
                0x000000000001f000                memset
 *fill*         0x000000000001f0f1        0xf 
 .text          0x000000000001f100       0x7d /sources/glibc/src/glibc-2.37/build/libc_pic.a(rawmemchr.os)
                0x000000000001f100                __GI___rawmemchr
                0x000000000001f100                __rawmemchr
                0x000000000001f100                rawmemchr
 *fill*         0x000000000001f17d        0x3 
 .text          0x000000000001f180       0x71 /sources/glibc/src/glibc-2.37/build/libc_pic.a(stpcpy.os)
                0x000000000001f180                stpcpy
                0x000000000001f180                __GI_stpcpy
                0x000000000001f180                __stpcpy
                0x000000000001f180                __GI___stpcpy
 *fill*         0x000000000001f1f1        0xf 
 .text          0x000000000001f200       0x78 /sources/glibc/src/glibc-2.37/build/libc_pic.a(strchr.os)
                0x000000000001f200                __GI_strchr
                0x000000000001f200                index
                0x000000000001f200                strchr
 *fill*         0x000000000001f278        0x8 
 .text          0x000000000001f280       0x88 /sources/glibc/src/glibc-2.37/build/libc_pic.a(strcmp.os)
                0x000000000001f280                __GI_strcmp
                0x000000000001f280                strcmp
 *fill*         0x000000000001f308        0x8 
 .text          0x000000000001f310       0x21 /sources/glibc/src/glibc-2.37/build/libc_pic.a(strcspn.os)
                0x000000000001f310                strcspn
                0x000000000001f310                __GI_strcspn
 *fill*         0x000000000001f331        0xf 
 .text          0x000000000001f340       0x39 /sources/glibc/src/glibc-2.37/build/libc_pic.a(strdup.os)
                0x000000000001f340                __GI___strdup
                0x000000000001f340                __strdup
                0x000000000001f340                strdup
 *fill*         0x000000000001f379        0x7 
 .text          0x000000000001f380        0x5 /sources/glibc/src/glibc-2.37/build/libc_pic.a(strerrorname_np.os)
                0x000000000001f380                strerrorname_np
 *fill*         0x000000000001f385        0xb 
 .text          0x000000000001f390       0x81 /sources/glibc/src/glibc-2.37/build/libc_pic.a(strlen.os)
                0x000000000001f390                strlen
                0x000000000001f390                __GI_strlen
 *fill*         0x000000000001f411        0xf 
 .text          0x000000000001f420       0x91 /sources/glibc/src/glibc-2.37/build/libc_pic.a(strncmp.os)
                0x000000000001f420                __GI_strncmp
                0x000000000001f420                strncmp
 *fill*         0x000000000001f4b1        0xf 
 .text          0x000000000001f4c0       0x81 /sources/glibc/src/glibc-2.37/build/libc_pic.a(strnlen.os)
                0x000000000001f4c0                __strnlen
                0x000000000001f4c0                strnlen
                0x000000000001f4c0                __GI___strnlen
                0x000000000001f4c0                __GI_strnlen
 .text          0x000000000001f541        0x0 /sources/glibc/src/glibc-2.37/build/libc_pic.a(memchr-avx2.os)
 .text          0x000000000001f541        0x0 /sources/glibc/src/glibc-2.37/build/libc_pic.a(memchr-avx2-rtm.os)
 .text          0x000000000001f541        0x0 /sources/glibc/src/glibc-2.37/build/libc_pic.a(memchr-evex.os)
 .text          0x000000000001f541        0x0 /sources/glibc/src/glibc-2.37/build/libc_pic.a(memchr-evex-rtm.os)
 *fill*         0x000000000001f541        0xf 
 .text          0x000000000001f550      0x323 /sources/glibc/src/glibc-2.37/build/libc_pic.a(memchr-sse2.os)
                0x000000000001f550                __memchr_sse2
 .text          0x000000000001f873        0x0 /sources/glibc/src/glibc-2.37/build/libc_pic.a(memcmp-avx2-movbe.os)
 .text          0x000000000001f873        0x0 /sources/glibc/src/glibc-2.37/build/libc_pic.a(memcmp-avx2-movbe-rtm.os)
 .text          0x000000000001f873        0x0 /sources/glibc/src/glibc-2.37/build/libc_pic.a(memcmp-evex-movbe.os)
 *fill*         0x000000000001f873        0xd 
 .text          0x000000000001f880      0x2d0 /sources/glibc/src/glibc-2.37/build/libc_pic.a(memcmp-sse2.os)
                0x000000000001f880                __memcmp_sse2
 .text          0x000000000001fb50        0x0 /sources/glibc/src/glibc-2.37/build/libc_pic.a(memmove-avx-unaligned-erms.os)
 .text          0x000000000001fb50        0x0 /sources/glibc/src/glibc-2.37/build/libc_pic.a(memmove-avx-unaligned-erms-rtm.os)
 .text          0x000000000001fb50        0x0 /sources/glibc/src/glibc-2.37/build/libc_pic.a(memmove-avx512-no-vzeroupper.os)
 .text          0x000000000001fb50        0x0 /sources/glibc/src/glibc-2.37/build/libc_pic.a(memmove-avx512-unaligned-erms.os)
 .text          0x000000000001fb50       0x5d /sources/glibc/src/glibc-2.37/build/libc_pic.a(memmove-erms.os)
                0x000000000001fb50                __mempcpy_chk_erms
                0x000000000001fb60                __mempcpy_erms
                0x000000000001fb70                __memcpy_chk_erms
                0x000000000001fb70                __memmove_chk_erms
                0x000000000001fb80                __memmove_erms
                0x000000000001fb80                __memcpy_erms
 .text          0x000000000001fbad        0x0 /sources/glibc/src/glibc-2.37/build/libc_pic.a(memmove-evex-unaligned-erms.os)
 *fill*         0x000000000001fbad       0x13 
 .text          0x000000000001fbc0      0x612 /sources/glibc/src/glibc-2.37/build/libc_pic.a(memmove-sse2-unaligned-erms.os)
                0x000000000001fbc0                __mempcpy_chk_sse2_unaligned
                0x000000000001fbd0                __mempcpy_sse2_unaligned
                0x000000000001fbe0                __memcpy_chk_sse2_unaligned
                0x000000000001fbe0                __memmove_chk_sse2_unaligned
                0x000000000001fbf0                __memmove_sse2_unaligned
                0x000000000001fbf0                __memcpy_sse2_unaligned
                0x000000000001fbf0                memcpy@GLIBC_2.2.5
                0x000000000001fc20                __mempcpy_chk_sse2_unaligned_erms
                0x000000000001fc30                __mempcpy_sse2_unaligned_erms
                0x000000000001fc40                __memmove_chk_sse2_unaligned_erms
                0x000000000001fc40                __memcpy_chk_sse2_unaligned_erms
                0x000000000001fc80                __memmove_sse2_unaligned_erms
                0x000000000001fc80                __memcpy_sse2_unaligned_erms
 .text          0x00000000000201d2        0x0 /sources/glibc/src/glibc-2.37/build/libc_pic.a(memmove-ssse3.os)
 .text          0x00000000000201d2        0x0 /sources/glibc/src/glibc-2.37/build/libc_pic.a(memset-avx2-unaligned-erms.os)
 .text          0x00000000000201d2        0x0 /sources/glibc/src/glibc-2.37/build/libc_pic.a(memset-avx2-unaligned-erms-rtm.os)
 .text          0x00000000000201d2        0x0 /sources/glibc/src/glibc-2.37/build/libc_pic.a(memset-avx512-no-vzeroupper.os)
 .text          0x00000000000201d2        0x0 /sources/glibc/src/glibc-2.37/build/libc_pic.a(memset-avx512-unaligned-erms.os)
 *fill*         0x00000000000201d2        0xe 
 .text          0x00000000000201e0       0x29 /sources/glibc/src/glibc-2.37/build/libc_pic.a(memset-erms.os)
                0x00000000000201e0                __memset_chk_erms
                0x00000000000201f0                __memset_erms
 .text          0x0000000000020209        0x0 /sources/glibc/src/glibc-2.37/build/libc_pic.a(memset-evex-unaligned-erms.os)
 *fill*         0x0000000000020209       0x37 
 .text          0x0000000000020240      0x179 /sources/glibc/src/glibc-2.37/build/libc_pic.a(memset-sse2-unaligned-erms.os)
                0x0000000000020240                __wmemset_chk_sse2_unaligned
                0x0000000000020250                __wmemset_sse2_unaligned
                0x0000000000020270                __memset_chk_sse2_unaligned
                0x0000000000020280                __memset_sse2_unaligned
                0x00000000000202b0                __memset_chk_sse2_unaligned_erms
                0x00000000000202c0                __memset_sse2_unaligned_erms
 .text          0x00000000000203b9        0x0 /sources/glibc/src/glibc-2.37/build/libc_pic.a(rawmemchr-avx2.os)
 .text          0x00000000000203b9        0x0 /sources/glibc/src/glibc-2.37/build/libc_pic.a(rawmemchr-avx2-rtm.os)
 .text          0x00000000000203b9        0x0 /sources/glibc/src/glibc-2.37/build/libc_pic.a(rawmemchr-evex.os)
 .text          0x00000000000203b9        0x0 /sources/glibc/src/glibc-2.37/build/libc_pic.a(rawmemchr-evex-rtm.os)
 *fill*         0x00000000000203b9        0x7 
 .text          0x00000000000203c0      0x1f9 /sources/glibc/src/glibc-2.37/build/libc_pic.a(rawmemchr-sse2.os)
                0x00000000000203c0                __rawmemchr_sse2
 .text          0x00000000000205b9        0x0 /sources/glibc/src/glibc-2.37/build/libc_pic.a(stpcpy-avx2.os)
 .text          0x00000000000205b9        0x0 /sources/glibc/src/glibc-2.37/build/libc_pic.a(stpcpy-avx2-rtm.os)
 .text          0x00000000000205b9        0x0 /sources/glibc/src/glibc-2.37/build/libc_pic.a(stpcpy-evex.os)
 *fill*         0x00000000000205b9        0x7 
 .text          0x00000000000205c0       0xdc /sources/glibc/src/glibc-2.37/build/libc_pic.a(stpcpy-sse2.os)
                0x00000000000205c0                __stpcpy_sse2
 *fill*         0x000000000002069c        0x4 
 .text          0x00000000000206a0      0x6b0 /sources/glibc/src/glibc-2.37/build/libc_pic.a(stpcpy-sse2-unaligned.os)
                0x00000000000206a0                __stpcpy_sse2_unaligned
 .text          0x0000000000020d50        0x0 /sources/glibc/src/glibc-2.37/build/libc_pic.a(strchr-avx2.os)
 .text          0x0000000000020d50        0x0 /sources/glibc/src/glibc-2.37/build/libc_pic.a(strchr-avx2-rtm.os)
 .text          0x0000000000020d50        0x0 /sources/glibc/src/glibc-2.37/build/libc_pic.a(strchr-evex.os)
 .text          0x0000000000020d50      0x21a /sources/glibc/src/glibc-2.37/build/libc_pic.a(strchr-sse2.os)
                0x0000000000020d50                __strchr_sse2
 .text          0x0000000000020f6a        0x0 /sources/glibc/src/glibc-2.37/build/libc_pic.a(strchr-sse2-no-bsf.os)
 .text          0x0000000000020f6a        0x0 /sources/glibc/src/glibc-2.37/build/libc_pic.a(strcmp-avx2.os)
 .text          0x0000000000020f6a        0x0 /sources/glibc/src/glibc-2.37/build/libc_pic.a(strcmp-avx2-rtm.os)
 .text          0x0000000000020f6a        0x0 /sources/glibc/src/glibc-2.37/build/libc_pic.a(strcmp-evex.os)
 *fill*         0x0000000000020f6a        0x6 
 .text          0x0000000000020f70     0x1439 /sources/glibc/src/glibc-2.37/build/libc_pic.a(strcmp-sse2.os)
                0x0000000000020f70                __strcmp_sse2
 *fill*         0x00000000000223a9        0x7 
 .text          0x00000000000223b0      0x2a3 /sources/glibc/src/glibc-2.37/build/libc_pic.a(strcmp-sse2-unaligned.os)
                0x00000000000223b0                __strcmp_sse2_unaligned
 .text          0x0000000000022653        0x0 /sources/glibc/src/glibc-2.37/build/libc_pic.a(strcmp-sse4_2.os)
 .text          0x0000000000022653        0x0 /sources/glibc/src/glibc-2.37/build/libc_pic.a(strcspn-sse4.os)
 .text          0x0000000000022653        0x0 /sources/glibc/src/glibc-2.37/build/libc_pic.a(strlen-avx2.os)
 .text          0x0000000000022653        0x0 /sources/glibc/src/glibc-2.37/build/libc_pic.a(strlen-avx2-rtm.os)
 .text          0x0000000000022653        0x0 /sources/glibc/src/glibc-2.37/build/libc_pic.a(strlen-evex.os)
 *fill*         0x0000000000022653        0xd 
 .text          0x0000000000022660      0x19c /sources/glibc/src/glibc-2.37/build/libc_pic.a(strlen-sse2.os)
                0x0000000000022660                __strlen_sse2
 .text          0x00000000000227fc        0x0 /sources/glibc/src/glibc-2.37/build/libc_pic.a(strncmp-avx2.os)
 .text          0x00000000000227fc        0x0 /sources/glibc/src/glibc-2.37/build/libc_pic.a(strncmp-avx2-rtm.os)
 .text          0x00000000000227fc        0x0 /sources/glibc/src/glibc-2.37/build/libc_pic.a(strncmp-evex.os)
 *fill*         0x00000000000227fc        0x4 
 .text          0x0000000000022800     0x1849 /sources/glibc/src/glibc-2.37/build/libc_pic.a(strncmp-sse2.os)
                0x0000000000022800                __strncmp_sse2
 .text          0x0000000000024049        0x0 /sources/glibc/src/glibc-2.37/build/libc_pic.a(strncmp-sse4_2.os)
 .text          0x0000000000024049        0x0 /sources/glibc/src/glibc-2.37/build/libc_pic.a(strnlen-avx2.os)
 .text          0x0000000000024049        0x0 /sources/glibc/src/glibc-2.37/build/libc_pic.a(strnlen-avx2-rtm.os)
 .text          0x0000000000024049        0x0 /sources/glibc/src/glibc-2.37/build/libc_pic.a(strnlen-evex.os)
 *fill*         0x0000000000024049        0x7 
 .text          0x0000000000024050      0x218 /sources/glibc/src/glibc-2.37/build/libc_pic.a(strnlen-sse2.os)
                0x0000000000024050                __strnlen_sse2
 .text          0x0000000000024268        0x0 /sources/glibc/src/glibc-2.37/build/libc_pic.a(varshift.os)
 *fill*         0x0000000000024268        0x8 
 .text          0x0000000000024270      0x18d /sources/glibc/src/glibc-2.37/build/libc_pic.a(strcspn-generic.os)
                0x0000000000024270                __strcspn_generic
 *fill*         0x00000000000243fd        0x3 
 .text          0x0000000000024400      0x188 /sources/glibc/src/glibc-2.37/build/libc_pic.a(cacheinfo.os)
                0x0000000000024400                __x86_cacheinfo
                0x00000000000244a0                __cache_sysconf
 *fill*         0x0000000000024588        0x8 
 .text          0x0000000000024590       0x29 /sources/glibc/src/glibc-2.37/build/libc_pic.a(closedir.os)
                0x0000000000024590                __closedir
                0x0000000000024590                closedir
 *fill*         0x00000000000245b9        0x7 
 .text          0x00000000000245c0       0x6e /sources/glibc/src/glibc-2.37/build/libc_pic.a(rewinddir.os)
                0x00000000000245c0                rewinddir
                0x00000000000245c0                __rewinddir
                0x00000000000245c0                __GI___rewinddir
 *fill*         0x000000000002462e        0x2 
 .text          0x0000000000024630       0xde /sources/glibc/src/glibc-2.37/build/libc_pic.a(readdir64.os)
                0x0000000000024630                readdir
                0x0000000000024630                __readdir64
                0x0000000000024630                __readdir
                0x0000000000024630                __GI___readdir64
                0x0000000000024630                readdir64
 *fill*         0x000000000002470e        0x2 
 .text          0x0000000000024710       0xb7 /sources/glibc/src/glibc-2.37/build/libc_pic.a(fdopendir.os)
                0x0000000000024710                fdopendir
                0x0000000000024710                __fdopendir
 *fill*         0x00000000000247c7        0x9 
 .text          0x00000000000247d0       0x21 /sources/glibc/src/glibc-2.37/build/libc_pic.a(uname.os)
                0x00000000000247d0                uname
                0x00000000000247d0                __GI_uname
                0x00000000000247d0                __uname
                0x00000000000247d0                __GI___uname
 *fill*         0x00000000000247f1        0xf 
 .text          0x0000000000024800       0x24 /sources/glibc/src/glibc-2.37/build/libc_pic.a(_exit.os)
                0x0000000000024800                _Exit
                0x0000000000024800                __GI__exit
                0x0000000000024800                _exit
 *fill*         0x0000000000024824        0xc 
 .text          0x0000000000024830        0x8 /sources/glibc/src/glibc-2.37/build/libc_pic.a(getpid.os)
                0x0000000000024830                __getpid
                0x0000000000024830                getpid
                0x0000000000024830                __GI_getpid
                0x0000000000024830                __GI___getpid
 .text          0x0000000000024838        0x0 /sources/glibc/src/glibc-2.37/build/libc_pic.a(environ.os)
 *fill*         0x0000000000024838        0x8 
 .text          0x0000000000024840       0x12 /sources/glibc/src/glibc-2.37/build/libc_pic.a(stat64.os)
                0x0000000000024840                stat64
                0x0000000000024840                __stat
                0x0000000000024840                __stat64
                0x0000000000024840                stat
                0x0000000000024840                __GI___stat64
 *fill*         0x0000000000024852        0xe 
 .text          0x0000000000024860       0x34 /sources/glibc/src/glibc-2.37/build/libc_pic.a(fstat64.os)
                0x0000000000024860                __GI___fstat64
                0x0000000000024860                fstat64
                0x0000000000024860                fstat
                0x0000000000024860                __fstat64
                0x0000000000024860                __fstat
 *fill*         0x0000000000024894        0xc 
 .text          0x00000000000248a0       0x15 /sources/glibc/src/glibc-2.37/build/libc_pic.a(lstat64.os)
                0x00000000000248a0                __lstat64
                0x00000000000248a0                lstat
                0x00000000000248a0                lstat64
                0x00000000000248a0                __GI___lstat64
                0x00000000000248a0                __lstat
 *fill*         0x00000000000248b5        0xb 
 .text          0x00000000000248c0       0x2a /sources/glibc/src/glibc-2.37/build/libc_pic.a(fstatat64.os)
                0x00000000000248c0                fstatat
                0x00000000000248c0                __fstatat
                0x00000000000248c0                fstatat64
                0x00000000000248c0                __fstatat64
                0x00000000000248c0                __GI___fstatat
                0x00000000000248c0                __GI___fstatat64
 *fill*         0x00000000000248ea        0x6 
 .text          0x00000000000248f0      0x118 /sources/glibc/src/glibc-2.37/build/libc_pic.a(openat64.os)
                0x00000000000248f0                __openat64
                0x00000000000248f0                __GI___openat
                0x00000000000248f0                __GI___openat64
                0x00000000000248f0                __libc_openat64
                0x00000000000248f0                __openat
                0x00000000000248f0                openat
 *fill*         0x0000000000024a08        0x8 
 .text          0x0000000000024a10       0x24 /sources/glibc/src/glibc-2.37/build/libc_pic.a(lseek64.os)
                0x0000000000024a10                __GI___lseek
                0x0000000000024a10                __lseek64
                0x0000000000024a10                lseek
                0x0000000000024a10                __libc_lseek64
                0x0000000000024a10                llseek@GLIBC_2.2.5
                0x0000000000024a10                __lseek
                0x0000000000024a10                __libc_lseek
                0x0000000000024a10                lseek64
 *fill*         0x0000000000024a34        0xc 
 .text          0x0000000000024a40       0x22 /sources/glibc/src/glibc-2.37/build/libc_pic.a(access.os)
                0x0000000000024a40                __GI___access
                0x0000000000024a40                access
                0x0000000000024a40                __access
 *fill*         0x0000000000024a62        0xe 
 .text          0x0000000000024a70       0x22 /sources/glibc/src/glibc-2.37/build/libc_pic.a(close_nocancel.os)
                0x0000000000024a70                __GI___close_nocancel
                0x0000000000024a70                __close_nocancel
 *fill*         0x0000000000024a92        0xe 
 .text          0x0000000000024aa0      0x130 /sources/glibc/src/glibc-2.37/build/libc_pic.a(fcntl_nocancel.os)
                0x0000000000024aa0                __fcntl64_nocancel
                0x0000000000024aa0                __GI___fcntl64_nocancel
                0x0000000000024b50                __fcntl64_nocancel_adjusted
 .text          0x0000000000024bd0       0xa0 /sources/glibc/src/glibc-2.37/build/libc_pic.a(open64_nocancel.os)
                0x0000000000024bd0                __GI___open_nocancel
                0x0000000000024bd0                __open_nocancel
                0x0000000000024bd0                __GI___open64_nocancel
                0x0000000000024bd0                __open64_nocancel
 .text          0x0000000000024c70       0x24 /sources/glibc/src/glibc-2.37/build/libc_pic.a(read_nocancel.os)
                0x0000000000024c70                __read_nocancel
                0x0000000000024c70                __GI___read_nocancel
 *fill*         0x0000000000024c94        0xc 
 .text          0x0000000000024ca0       0x2c /sources/glibc/src/glibc-2.37/build/libc_pic.a(pread64_nocancel.os)
                0x0000000000024ca0                __GI___pread64_nocancel
                0x0000000000024ca0                __pread64_nocancel
 *fill*         0x0000000000024ccc        0x4 
 .text          0x0000000000024cd0       0x24 /sources/glibc/src/glibc-2.37/build/libc_pic.a(write_nocancel.os)
                0x0000000000024cd0                __GI___write_nocancel
                0x0000000000024cd0                __write_nocancel
 *fill*         0x0000000000024cf4        0xc 
 .text          0x0000000000024d00       0x54 /sources/glibc/src/glibc-2.37/build/libc_pic.a(mmap64.os)
                0x0000000000024d00                __GI___mmap
                0x0000000000024d00                __mmap
                0x0000000000024d00                mmap
                0x0000000000024d00                __GI___mmap64
                0x0000000000024d00                __mmap64
                0x0000000000024d00                mmap64
 *fill*         0x0000000000024d54        0xc 
 .text          0x0000000000024d60       0x21 /sources/glibc/src/glibc-2.37/build/libc_pic.a(munmap.os)
                0x0000000000024d60                munmap
                0x0000000000024d60                __GI___munmap
                0x0000000000024d60                __GI_munmap
                0x0000000000024d60                __munmap
 *fill*         0x0000000000024d81        0xf 
 .text          0x0000000000024d90       0x21 /sources/glibc/src/glibc-2.37/build/libc_pic.a(mprotect.os)
                0x0000000000024d90                __mprotect
                0x0000000000024d90                __GI___mprotect
                0x0000000000024d90                __GI_mprotect
                0x0000000000024d90                mprotect
 .text          0x0000000000024db1        0x0 /sources/glibc/src/glibc-2.37/build/libc_pic.a(single_threaded.os)
 *fill*         0x0000000000024db1        0xf 
 .text          0x0000000000024dc0      0x21f /sources/glibc/src/glibc-2.37/build/libc_pic.a(profil.os)
                0x0000000000024e10                __profil
                0x0000000000024e10                profil
 *fill*         0x0000000000024fdf        0x1 
 .text          0x0000000000024fe0        0xb /sources/glibc/src/glibc-2.37/build/libc_pic.a(prof-freq.os)
                0x0000000000024fe0                __GI___profile_frequency
                0x0000000000024fe0                __profile_frequency
 *fill*         0x0000000000024feb        0x5 
 .text          0x0000000000024ff0       0x7b /sources/glibc/src/glibc-2.37/build/libc_pic.a(dl-addr-obj.os)
                0x0000000000024ff0                _dl_addr_inside_object
 *fill*         0x000000000002506b        0x5 
 .text          0x0000000000025070       0x2c /sources/glibc/src/glibc-2.37/build/libc_pic.a(sigaction.os)
                0x0000000000025070                sigaction
                0x0000000000025070                __GI___sigaction
                0x0000000000025070                __sigaction
 *fill*         0x000000000002509c        0x4 
 .text          0x00000000000250a0      0x1f0 /sources/glibc/src/glibc-2.37/build/libc_pic.a(libc_sigaction.os)
                0x00000000000250c0                __libc_sigaction
                0x00000000000250c0                __GI___libc_sigaction
 .text          0x0000000000025290       0x33 /sources/glibc/src/glibc-2.37/build/libc_pic.a(errname.os)
                0x0000000000025290                __get_errname
 *fill*         0x00000000000252c3        0xd 
 .text          0x00000000000252d0       0x81 /sources/glibc/src/glibc-2.37/build/libc_pic.a(strchrnul.os)
                0x00000000000252d0                __strchrnul
                0x00000000000252d0                strchrnul
 .text          0x0000000000025351        0x0 /sources/glibc/src/glibc-2.37/build/libc_pic.a(strchrnul-avx2.os)
 .text          0x0000000000025351        0x0 /sources/glibc/src/glibc-2.37/build/libc_pic.a(strchrnul-avx2-rtm.os)
 .text          0x0000000000025351        0x0 /sources/glibc/src/glibc-2.37/build/libc_pic.a(strchrnul-evex.os)
 *fill*         0x0000000000025351        0xf 
 .text          0x0000000000025360      0x20a /sources/glibc/src/glibc-2.37/build/libc_pic.a(strchrnul-sse2.os)
                0x0000000000025360                __strchrnul_sse2
 *fill*         0x000000000002556a        0x6 
 .text          0x0000000000025570       0x22 /sources/glibc/src/glibc-2.37/build/libc_pic.a(setitimer.os)
                0x0000000000025570                setitimer
                0x0000000000025570                __setitimer
 *fill*         0x0000000000025592        0xe 
 .text          0x00000000000255a0       0x34 /sources/glibc/src/glibc-2.37/build/libc_pic.a(getdents64.os)
                0x00000000000255a0                __getdents
                0x00000000000255a0                __GI___getdents64
                0x00000000000255a0                getdents64
                0x00000000000255a0                __getdents64
 *(.gnu.warning)

.text.evex512   0x0000000000000000      0xe68
 .text.evex512  0x0000000000000000      0x3f9 /sources/glibc/src/glibc-2.37/build/elf/dl-allobjs.os
                0x0000000000000000                _dl_runtime_profile_avx512
 *fill*         0x00000000000003f9        0x7 
 .text.evex512  0x0000000000000400      0x860 /sources/glibc/src/glibc-2.37/build/libc_pic.a(memmove-avx512-unaligned-erms.os)
                0x0000000000000400                __mempcpy_chk_avx512_unaligned
                0x0000000000000410                __mempcpy_avx512_unaligned
                0x0000000000000420                __memcpy_chk_avx512_unaligned
                0x0000000000000420                __memmove_chk_avx512_unaligned
                0x0000000000000430                __memmove_avx512_unaligned
                0x0000000000000430                __memcpy_avx512_unaligned
                0x0000000000000470                __mempcpy_chk_avx512_unaligned_erms
                0x0000000000000480                __mempcpy_avx512_unaligned_erms
                0x0000000000000490                __memcpy_chk_avx512_unaligned_erms
                0x0000000000000490                __memmove_chk_avx512_unaligned_erms
                0x00000000000004c0                __memmove_avx512_unaligned_erms
                0x00000000000004c0                __memcpy_avx512_unaligned_erms
 *fill*         0x0000000000000c60       0x20 
 .text.evex512  0x0000000000000c80      0x1e8 /sources/glibc/src/glibc-2.37/build/libc_pic.a(memset-avx512-unaligned-erms.os)
                0x0000000000000c80                __wmemset_chk_avx512_unaligned
                0x0000000000000c90                __wmemset_avx512_unaligned
                0x0000000000000cb0                __memset_chk_avx512_unaligned
                0x0000000000000cc0                __memset_avx512_unaligned
                0x0000000000000cf0                __memset_chk_avx512_unaligned_erms
                0x0000000000000d00                __memset_avx512_unaligned_erms

.text.avx       0x0000000000000000     0x2c84
 .text.avx      0x0000000000000000      0x3eb /sources/glibc/src/glibc-2.37/build/elf/dl-allobjs.os
                0x0000000000000000                _dl_runtime_profile_avx
 *fill*         0x00000000000003eb       0x15 
 .text.avx      0x0000000000000400      0x297 /sources/glibc/src/glibc-2.37/build/libc_pic.a(memchr-avx2.os)
                0x0000000000000400                __memchr_avx2
 *fill*         0x0000000000000697        0x9 
 .text.avx      0x00000000000006a0      0x3ff /sources/glibc/src/glibc-2.37/build/libc_pic.a(memcmp-avx2-movbe.os)
                0x00000000000006a0                __memcmp_avx2_movbe
 *fill*         0x0000000000000a9f       0x21 
 .text.avx      0x0000000000000ac0      0x79e /sources/glibc/src/glibc-2.37/build/libc_pic.a(memmove-avx-unaligned-erms.os)
                0x0000000000000ac0                __mempcpy_chk_avx_unaligned
                0x0000000000000ad0                __mempcpy_avx_unaligned
                0x0000000000000ae0                __memcpy_chk_avx_unaligned
                0x0000000000000ae0                __memmove_chk_avx_unaligned
                0x0000000000000af0                __memcpy_avx_unaligned
                0x0000000000000af0                __memmove_avx_unaligned
                0x0000000000000b20                __mempcpy_chk_avx_unaligned_erms
                0x0000000000000b30                __mempcpy_avx_unaligned_erms
                0x0000000000000b40                __memmove_chk_avx_unaligned_erms
                0x0000000000000b40                __memcpy_chk_avx_unaligned_erms
                0x0000000000000b80                __memcpy_avx_unaligned_erms
                0x0000000000000b80                __memmove_avx_unaligned_erms
 *fill*         0x000000000000125e       0x22 
 .text.avx      0x0000000000001280      0x1fd /sources/glibc/src/glibc-2.37/build/libc_pic.a(memset-avx2-unaligned-erms.os)
                0x0000000000001280                __wmemset_chk_avx2_unaligned
                0x0000000000001290                __wmemset_avx2_unaligned
                0x00000000000012c0                __memset_chk_avx2_unaligned
                0x00000000000012d0                __memset_avx2_unaligned
                0x0000000000001300                __memset_chk_avx2_unaligned_erms
                0x0000000000001340                __memset_avx2_unaligned_erms
 *fill*         0x000000000000147d        0x3 
 .text.avx      0x0000000000001480      0x157 /sources/glibc/src/glibc-2.37/build/libc_pic.a(rawmemchr-avx2.os)
                0x0000000000001480                __rawmemchr_avx2
 *fill*         0x00000000000015d7        0x9 
 .text.avx      0x00000000000015e0      0x241 /sources/glibc/src/glibc-2.37/build/libc_pic.a(stpcpy-avx2.os)
                0x00000000000015e0                __stpcpy_avx2
 *fill*         0x0000000000001821       0x1f 
 .text.avx      0x0000000000001840      0x22c /sources/glibc/src/glibc-2.37/build/libc_pic.a(strchr-avx2.os)
                0x0000000000001840                __strchr_avx2
 *fill*         0x0000000000001a6c        0x4 
 .text.avx      0x0000000000001a70      0x555 /sources/glibc/src/glibc-2.37/build/libc_pic.a(strcmp-avx2.os)
                0x0000000000001a70                __strcmp_avx2
 *fill*         0x0000000000001fc5       0x1b 
 .text.avx      0x0000000000001fe0      0x172 /sources/glibc/src/glibc-2.37/build/libc_pic.a(strlen-avx2.os)
                0x0000000000001fe0                __strlen_avx2
 *fill*         0x0000000000002152        0xe 
 .text.avx      0x0000000000002160      0x64e /sources/glibc/src/glibc-2.37/build/libc_pic.a(strncmp-avx2.os)
                0x0000000000002160                __strncmp_avx2
 *fill*         0x00000000000027ae       0x12 
 .text.avx      0x00000000000027c0      0x2ce /sources/glibc/src/glibc-2.37/build/libc_pic.a(strnlen-avx2.os)
                0x00000000000027c0                __strnlen_avx2
 *fill*         0x0000000000002a8e       0x12 
 .text.avx      0x0000000000002aa0      0x1e4 /sources/glibc/src/glibc-2.37/build/libc_pic.a(strchrnul-avx2.os)
                0x0000000000002aa0                __strchrnul_avx2

.text.compat    0x0000000000000000        0x1
 .text.compat   0x0000000000000000        0x1 /sources/glibc/src/glibc-2.37/build/elf/dl-allobjs.os
                0x0000000000000000                __rtld_version_placeholder_1
                0x0000000000000000                __rtld_version_placeholder@GLIBC_2.34

.text.avx.rtm   0x0000000000000000     0x2885
 .text.avx.rtm  0x0000000000000000      0x2b8 /sources/glibc/src/glibc-2.37/build/libc_pic.a(memchr-avx2-rtm.os)
                0x0000000000000000                __memchr_avx2_rtm
 *fill*         0x00000000000002b8        0x8 
 .text.avx.rtm  0x00000000000002c0      0x3ff /sources/glibc/src/glibc-2.37/build/libc_pic.a(memcmp-avx2-movbe-rtm.os)
                0x00000000000002c0                __memcmp_avx2_movbe_rtm
 *fill*         0x00000000000006bf        0x1 
 .text.avx.rtm  0x00000000000006c0      0x79f /sources/glibc/src/glibc-2.37/build/libc_pic.a(memmove-avx-unaligned-erms-rtm.os)
                0x00000000000006c0                __mempcpy_chk_avx_unaligned_rtm
                0x00000000000006d0                __mempcpy_avx_unaligned_rtm
                0x00000000000006e0                __memmove_chk_avx_unaligned_rtm
                0x00000000000006e0                __memcpy_chk_avx_unaligned_rtm
                0x00000000000006f0                __memcpy_avx_unaligned_rtm
                0x00000000000006f0                __memmove_avx_unaligned_rtm
                0x0000000000000720                __mempcpy_chk_avx_unaligned_erms_rtm
                0x0000000000000730                __mempcpy_avx_unaligned_erms_rtm
                0x0000000000000740                __memcpy_chk_avx_unaligned_erms_rtm
                0x0000000000000740                __memmove_chk_avx_unaligned_erms_rtm
                0x0000000000000780                __memmove_avx_unaligned_erms_rtm
                0x0000000000000780                __memcpy_avx_unaligned_erms_rtm
 *fill*         0x0000000000000e5f       0x21 
 .text.avx.rtm  0x0000000000000e80      0x1fd /sources/glibc/src/glibc-2.37/build/libc_pic.a(memset-avx2-unaligned-erms-rtm.os)
                0x0000000000000e80                __wmemset_chk_avx2_unaligned_rtm
                0x0000000000000e90                __wmemset_avx2_unaligned_rtm
                0x0000000000000ec0                __memset_chk_avx2_unaligned_rtm
                0x0000000000000ed0                __memset_avx2_unaligned_rtm
                0x0000000000000f00                __memset_chk_avx2_unaligned_erms_rtm
                0x0000000000000f40                __memset_avx2_unaligned_erms_rtm
 *fill*         0x000000000000107d        0x3 
 .text.avx.rtm  0x0000000000001080      0x168 /sources/glibc/src/glibc-2.37/build/libc_pic.a(rawmemchr-avx2-rtm.os)
                0x0000000000001080                __rawmemchr_avx2_rtm
 *fill*         0x00000000000011e8        0x8 
 .text.avx.rtm  0x00000000000011f0      0x24d /sources/glibc/src/glibc-2.37/build/libc_pic.a(stpcpy-avx2-rtm.os)
                0x00000000000011f0                __stpcpy_avx2_rtm
 *fill*         0x000000000000143d        0x3 
 .text.avx.rtm  0x0000000000001440      0x22f /sources/glibc/src/glibc-2.37/build/libc_pic.a(strchr-avx2-rtm.os)
                0x0000000000001440                __strchr_avx2_rtm
 *fill*         0x000000000000166f        0x1 
 .text.avx.rtm  0x0000000000001670      0x555 /sources/glibc/src/glibc-2.37/build/libc_pic.a(strcmp-avx2-rtm.os)
                0x0000000000001670                __strcmp_avx2_rtm
 *fill*         0x0000000000001bc5       0x1b 
 .text.avx.rtm  0x0000000000001be0      0x16b /sources/glibc/src/glibc-2.37/build/libc_pic.a(strlen-avx2-rtm.os)
                0x0000000000001be0                __strlen_avx2_rtm
 *fill*         0x0000000000001d4b        0x5 
 .text.avx.rtm  0x0000000000001d50      0x66e /sources/glibc/src/glibc-2.37/build/libc_pic.a(strncmp-avx2-rtm.os)
                0x0000000000001d50                __strncmp_avx2_rtm
 *fill*         0x00000000000023be        0x2 
 .text.avx.rtm  0x00000000000023c0      0x2cc /sources/glibc/src/glibc-2.37/build/libc_pic.a(strnlen-avx2-rtm.os)
                0x00000000000023c0                __strnlen_avx2_rtm
 *fill*         0x000000000000268c       0x14 
 .text.avx.rtm  0x00000000000026a0      0x1e5 /sources/glibc/src/glibc-2.37/build/libc_pic.a(strchrnul-avx2-rtm.os)
                0x00000000000026a0                __strchrnul_avx2_rtm

.text.evex      0x0000000000000000     0x2757
 .text.evex     0x0000000000000000      0x24f /sources/glibc/src/glibc-2.37/build/libc_pic.a(memchr-evex.os)
                0x0000000000000000                __memchr_evex
 *fill*         0x000000000000024f       0x31 
 .text.evex     0x0000000000000280      0x2fe /sources/glibc/src/glibc-2.37/build/libc_pic.a(memcmp-evex-movbe.os)
                0x0000000000000280                __memcmp_evex_movbe
 *fill*         0x000000000000057e        0x2 
 .text.evex     0x0000000000000580      0x87b /sources/glibc/src/glibc-2.37/build/libc_pic.a(memmove-evex-unaligned-erms.os)
                0x0000000000000580                __mempcpy_chk_evex_unaligned
                0x0000000000000590                __mempcpy_evex_unaligned
                0x00000000000005a0                __memcpy_chk_evex_unaligned
                0x00000000000005a0                __memmove_chk_evex_unaligned
                0x00000000000005b0                __memmove_evex_unaligned
                0x00000000000005b0                __memcpy_evex_unaligned
                0x00000000000005f0                __mempcpy_chk_evex_unaligned_erms
                0x0000000000000600                __mempcpy_evex_unaligned_erms
                0x0000000000000610                __memcpy_chk_evex_unaligned_erms
                0x0000000000000610                __memmove_chk_evex_unaligned_erms
                0x0000000000000640                __memmove_evex_unaligned_erms
                0x0000000000000640                __memcpy_evex_unaligned_erms
 *fill*         0x0000000000000dfb        0x5 
 .text.evex     0x0000000000000e00      0x1b8 /sources/glibc/src/glibc-2.37/build/libc_pic.a(memset-evex-unaligned-erms.os)
                0x0000000000000e00                __wmemset_chk_evex_unaligned
                0x0000000000000e10                __wmemset_evex_unaligned
                0x0000000000000e30                __memset_chk_evex_unaligned
                0x0000000000000e40                __memset_evex_unaligned
                0x0000000000000e70                __memset_chk_evex_unaligned_erms
                0x0000000000000e80                __memset_evex_unaligned_erms
 *fill*         0x0000000000000fb8        0x8 
 .text.evex     0x0000000000000fc0      0x13a /sources/glibc/src/glibc-2.37/build/libc_pic.a(rawmemchr-evex.os)
                0x0000000000000fc0                __rawmemchr_evex
 *fill*         0x00000000000010fa        0x6 
 .text.evex     0x0000000000001100      0x2d0 /sources/glibc/src/glibc-2.37/build/libc_pic.a(stpcpy-evex.os)
                0x0000000000001100                __stpcpy_evex
 *fill*         0x00000000000013d0       0x30 
 .text.evex     0x0000000000001400      0x1ff /sources/glibc/src/glibc-2.37/build/libc_pic.a(strchr-evex.os)
                0x0000000000001400                __strchr_evex
 *fill*         0x00000000000015ff        0x1 
 .text.evex     0x0000000000001600      0x553 /sources/glibc/src/glibc-2.37/build/libc_pic.a(strcmp-evex.os)
                0x0000000000001600                __strcmp_evex
 *fill*         0x0000000000001b53       0x2d 
 .text.evex     0x0000000000001b80      0x15d /sources/glibc/src/glibc-2.37/build/libc_pic.a(strlen-evex.os)
                0x0000000000001b80                __strlen_evex
 *fill*         0x0000000000001cdd        0x3 
 .text.evex     0x0000000000001ce0      0x64c /sources/glibc/src/glibc-2.37/build/libc_pic.a(strncmp-evex.os)
                0x0000000000001ce0                __strncmp_evex
 *fill*         0x000000000000232c       0x14 
 .text.evex     0x0000000000002340      0x217 /sources/glibc/src/glibc-2.37/build/libc_pic.a(strnlen-evex.os)
                0x0000000000002340                __strnlen_evex
 *fill*         0x0000000000002557       0x29 
 .text.evex     0x0000000000002580      0x1d7 /sources/glibc/src/glibc-2.37/build/libc_pic.a(strchrnul-evex.os)
                0x0000000000002580                __strchrnul_evex

.text.evex.rtm  0x0000000000000000      0x3b7
 .text.evex.rtm
                0x0000000000000000      0x24f /sources/glibc/src/glibc-2.37/build/libc_pic.a(memchr-evex-rtm.os)
                0x0000000000000000                __memchr_evex_rtm
 *fill*         0x000000000000024f       0x31 
 .text.evex.rtm
                0x0000000000000280      0x137 /sources/glibc/src/glibc-2.37/build/libc_pic.a(rawmemchr-evex-rtm.os)
                0x0000000000000280                __rawmemchr_evex_rtm

.text.avx512    0x0000000000000000      0x9f0
 .text.avx512   0x0000000000000000      0x76b /sources/glibc/src/glibc-2.37/build/libc_pic.a(memmove-avx512-no-vzeroupper.os)
                0x0000000000000000                __mempcpy_chk_avx512_no_vzeroupper
                0x0000000000000010                __mempcpy_avx512_no_vzeroupper
                0x0000000000000020                __memcpy_chk_avx512_no_vzeroupper
                0x0000000000000020                __memmove_chk_avx512_no_vzeroupper
                0x0000000000000030                __memcpy_avx512_no_vzeroupper
                0x0000000000000030                __memmove_avx512_no_vzeroupper
 *fill*         0x000000000000076b        0x5 
 .text.avx512   0x0000000000000770      0x280 /sources/glibc/src/glibc-2.37/build/libc_pic.a(memset-avx512-no-vzeroupper.os)
                0x0000000000000770                __memset_chk_avx512_no_vzeroupper
                0x0000000000000780                __memset_avx512_no_vzeroupper

.text.ssse3     0x0000000000000000      0xf7d
 .text.ssse3    0x0000000000000000      0xf7d /sources/glibc/src/glibc-2.37/build/libc_pic.a(memmove-ssse3.os)
                0x0000000000000000                __mempcpy_chk_ssse3
                0x0000000000000010                __mempcpy_ssse3
                0x0000000000000020                __memcpy_chk_ssse3
                0x0000000000000020                __memmove_chk_ssse3
                0x0000000000000040                __memcpy_ssse3
                0x0000000000000040                __memmove_ssse3

.text.atom      0x0000000000000000      0x315
 .text.atom     0x0000000000000000      0x315 /sources/glibc/src/glibc-2.37/build/libc_pic.a(strchr-sse2-no-bsf.os)
                0x0000000000000000                __strchr_sse2_no_bsf

.text.sse4.2    0x0000000000000000     0x1ea9
 .text.sse4.2   0x0000000000000000      0xda9 /sources/glibc/src/glibc-2.37/build/libc_pic.a(strcmp-sse4_2.os)
                0x0000000000000000                __strcmp_sse42
 *fill*         0x0000000000000da9        0x7 
 .text.sse4.2   0x0000000000000db0      0x11b /sources/glibc/src/glibc-2.37/build/libc_pic.a(strcspn-sse4.os)
                0x0000000000000db0                __strcspn_sse42
 *fill*         0x0000000000000ecb        0x5 
 .text.sse4.2   0x0000000000000ed0      0xfd9 /sources/glibc/src/glibc-2.37/build/libc_pic.a(strncmp-sse4_2.os)
                0x0000000000000ed0                __strncmp_sse42

.fini
 *(SORT_NONE(.fini))

.rodata         0x0000000000000000     0x17b5
 *(.rodata)
 .rodata        0x0000000000000000     0x10d2 /sources/glibc/src/glibc-2.37/build/elf/dl-allobjs.os
 .rodata        0x00000000000010d2       0x80 /sources/glibc/src/glibc-2.37/build/libc_pic.a(stpcpy-sse2-unaligned.os)
 *fill*         0x0000000000001152        0x6 
 .rodata        0x0000000000001158       0x40 /sources/glibc/src/glibc-2.37/build/libc_pic.a(strcmp-sse2.os)
 .rodata        0x0000000000001198       0x40 /sources/glibc/src/glibc-2.37/build/libc_pic.a(strncmp-sse2.os)
 *fill*         0x00000000000011d8        0x8 
 .rodata        0x00000000000011e0       0x1f /sources/glibc/src/glibc-2.37/build/libc_pic.a(varshift.os)
                0x00000000000011e0                ___m128i_shift_right
 *fill*         0x00000000000011ff        0x1 
 .rodata        0x0000000000001200       0x34 /sources/glibc/src/glibc-2.37/build/libc_pic.a(cacheinfo.os)
 *fill*         0x0000000000001234        0xc 
 .rodata        0x0000000000001240      0x575 /sources/glibc/src/glibc-2.37/build/libc_pic.a(errname.os)

.rodata.str1.1  0x0000000000000000     0x17bf
 .rodata.str1.1
                0x0000000000000000     0x17aa /sources/glibc/src/glibc-2.37/build/elf/dl-allobjs.os
 .rodata.str1.1
                0x00000000000017aa       0x14 /sources/glibc/src/glibc-2.37/build/libc_pic.a(check_fds.os)
 .rodata.str1.1
                0x00000000000017be        0x1 /sources/glibc/src/glibc-2.37/build/libc_pic.a(fstat64.os)

.rodata.str1.16
                0x0000000000000000      0x525
 .rodata.str1.16
                0x0000000000000000      0x525 /sources/glibc/src/glibc-2.37/build/elf/dl-allobjs.os
                0x0000000000000390                _dl_hwcaps_subdirs
                0x00000000000003f0                __GI__itoa_lower_digits
                0x00000000000003f0                _itoa_lower_digits

.rodata.str1.8  0x0000000000000000     0x2dd7
 .rodata.str1.8
                0x0000000000000000     0x2d99 /sources/glibc/src/glibc-2.37/build/elf/dl-allobjs.os
 *fill*         0x0000000000002d99        0x7 
 .rodata.str1.8
                0x0000000000002da0       0x37 /sources/glibc/src/glibc-2.37/build/libc_pic.a(lowlevellock.os)

.rodata.str1.32
                0x0000000000000000       0x5b
 .rodata.str1.32
                0x0000000000000000       0x5b /sources/glibc/src/glibc-2.37/build/elf/dl-allobjs.os

.rodata.cst4    0x0000000000000000        0x8
 .rodata.cst4   0x0000000000000000        0x8 /sources/glibc/src/glibc-2.37/build/elf/dl-allobjs.os
                0x0000000000000004                __rseq_flags

.rodata.cst2    0x0000000000000000        0x4
 .rodata.cst2   0x0000000000000000        0x4 /sources/glibc/src/glibc-2.37/build/elf/dl-allobjs.os

.rodata.cst16   0x0000000000000000       0x30
 .rodata.cst16  0x0000000000000000       0x30 /sources/glibc/src/glibc-2.37/build/elf/dl-allobjs.os

.rodata.cst8    0x0000000000000000        0x8
 .rodata.cst8   0x0000000000000000        0x8 /sources/glibc/src/glibc-2.37/build/elf/dl-allobjs.os

.rodata.sse4.2  0x0000000000000000       0x80
 .rodata.sse4.2
                0x0000000000000000       0x40 /sources/glibc/src/glibc-2.37/build/libc_pic.a(strcmp-sse4_2.os)
 .rodata.sse4.2
                0x0000000000000040       0x40 /sources/glibc/src/glibc-2.37/build/libc_pic.a(strncmp-sse4_2.os)

.rodata1
 *(.rodata1)

.eh_frame_hdr
 *(.eh_frame_hdr)

.eh_frame       0x0000000000000000     0x4ff4
 *(.eh_frame)
 .eh_frame      0x0000000000000000     0x3218 /sources/glibc/src/glibc-2.37/build/elf/dl-allobjs.os
                                       0x329c (size before relaxing)
 *fill*         0x0000000000003218        0x0 
 .eh_frame      0x0000000000003218       0x68 /sources/glibc/src/glibc-2.37/build/libc_pic.a(check_fds.os)
 .eh_frame      0x0000000000003280       0x30 /sources/glibc/src/glibc-2.37/build/libc_pic.a(setjmp.os)
 .eh_frame      0x00000000000032b0       0x48 /sources/glibc/src/glibc-2.37/build/libc_pic.a(__longjmp.os)
 .eh_frame      0x00000000000032f8       0x70 /sources/glibc/src/glibc-2.37/build/libc_pic.a(lowlevellock.os)
 .eh_frame      0x0000000000003368       0x48 /sources/glibc/src/glibc-2.37/build/libc_pic.a(scratch_buffer_set_array_size.os)
 .eh_frame      0x00000000000033b0       0x30 /sources/glibc/src/glibc-2.37/build/libc_pic.a(memchr.os)
 .eh_frame      0x00000000000033e0       0x30 /sources/glibc/src/glibc-2.37/build/libc_pic.a(memcmp.os)
 .eh_frame      0x0000000000003410       0x30 /sources/glibc/src/glibc-2.37/build/libc_pic.a(memcpy.os)
 .eh_frame      0x0000000000003440       0x30 /sources/glibc/src/glibc-2.37/build/libc_pic.a(memmove.os)
 .eh_frame      0x0000000000003470       0x30 /sources/glibc/src/glibc-2.37/build/libc_pic.a(mempcpy.os)
 .eh_frame      0x00000000000034a0       0x30 /sources/glibc/src/glibc-2.37/build/libc_pic.a(memset.os)
 .eh_frame      0x00000000000034d0       0x30 /sources/glibc/src/glibc-2.37/build/libc_pic.a(rawmemchr.os)
 .eh_frame      0x0000000000003500       0x30 /sources/glibc/src/glibc-2.37/build/libc_pic.a(stpcpy.os)
 .eh_frame      0x0000000000003530       0x30 /sources/glibc/src/glibc-2.37/build/libc_pic.a(strchr.os)
 .eh_frame      0x0000000000003560       0x30 /sources/glibc/src/glibc-2.37/build/libc_pic.a(strcmp.os)
 .eh_frame      0x0000000000003590       0x30 /sources/glibc/src/glibc-2.37/build/libc_pic.a(strcspn.os)
 .eh_frame      0x00000000000035c0       0x50 /sources/glibc/src/glibc-2.37/build/libc_pic.a(strdup.os)
 .eh_frame      0x0000000000003610       0x30 /sources/glibc/src/glibc-2.37/build/libc_pic.a(strerrorname_np.os)
 .eh_frame      0x0000000000003640       0x30 /sources/glibc/src/glibc-2.37/build/libc_pic.a(strlen.os)
 .eh_frame      0x0000000000003670       0x30 /sources/glibc/src/glibc-2.37/build/libc_pic.a(strncmp.os)
 .eh_frame      0x00000000000036a0       0x30 /sources/glibc/src/glibc-2.37/build/libc_pic.a(strnlen.os)
 .eh_frame      0x00000000000036d0       0x30 /sources/glibc/src/glibc-2.37/build/libc_pic.a(memchr-avx2.os)
 .eh_frame      0x0000000000003700       0x30 /sources/glibc/src/glibc-2.37/build/libc_pic.a(memchr-avx2-rtm.os)
 .eh_frame      0x0000000000003730       0x30 /sources/glibc/src/glibc-2.37/build/libc_pic.a(memchr-evex.os)
 .eh_frame      0x0000000000003760       0x30 /sources/glibc/src/glibc-2.37/build/libc_pic.a(memchr-evex-rtm.os)
 .eh_frame      0x0000000000003790       0x30 /sources/glibc/src/glibc-2.37/build/libc_pic.a(memchr-sse2.os)
 .eh_frame      0x00000000000037c0       0x30 /sources/glibc/src/glibc-2.37/build/libc_pic.a(memcmp-avx2-movbe.os)
 .eh_frame      0x00000000000037f0       0x30 /sources/glibc/src/glibc-2.37/build/libc_pic.a(memcmp-avx2-movbe-rtm.os)
 .eh_frame      0x0000000000003820       0x30 /sources/glibc/src/glibc-2.37/build/libc_pic.a(memcmp-evex-movbe.os)
 .eh_frame      0x0000000000003850       0x30 /sources/glibc/src/glibc-2.37/build/libc_pic.a(memcmp-sse2.os)
 .eh_frame      0x0000000000003880       0xb8 /sources/glibc/src/glibc-2.37/build/libc_pic.a(memmove-avx-unaligned-erms.os)
 .eh_frame      0x0000000000003938       0xb8 /sources/glibc/src/glibc-2.37/build/libc_pic.a(memmove-avx-unaligned-erms-rtm.os)
 .eh_frame      0x00000000000039f0       0x68 /sources/glibc/src/glibc-2.37/build/libc_pic.a(memmove-avx512-no-vzeroupper.os)
 .eh_frame      0x0000000000003a58       0xb8 /sources/glibc/src/glibc-2.37/build/libc_pic.a(memmove-avx512-unaligned-erms.os)
 .eh_frame      0x0000000000003b10       0x68 /sources/glibc/src/glibc-2.37/build/libc_pic.a(memmove-erms.os)
 .eh_frame      0x0000000000003b78       0xb8 /sources/glibc/src/glibc-2.37/build/libc_pic.a(memmove-evex-unaligned-erms.os)
 .eh_frame      0x0000000000003c30       0xb8 /sources/glibc/src/glibc-2.37/build/libc_pic.a(memmove-sse2-unaligned-erms.os)
 .eh_frame      0x0000000000003ce8       0x68 /sources/glibc/src/glibc-2.37/build/libc_pic.a(memmove-ssse3.os)
 .eh_frame      0x0000000000003d50       0x90 /sources/glibc/src/glibc-2.37/build/libc_pic.a(memset-avx2-unaligned-erms.os)
 .eh_frame      0x0000000000003de0       0x90 /sources/glibc/src/glibc-2.37/build/libc_pic.a(memset-avx2-unaligned-erms-rtm.os)
 .eh_frame      0x0000000000003e70       0x40 /sources/glibc/src/glibc-2.37/build/libc_pic.a(memset-avx512-no-vzeroupper.os)
 .eh_frame      0x0000000000003eb0       0x90 /sources/glibc/src/glibc-2.37/build/libc_pic.a(memset-avx512-unaligned-erms.os)
 .eh_frame      0x0000000000003f40       0x40 /sources/glibc/src/glibc-2.37/build/libc_pic.a(memset-erms.os)
 .eh_frame      0x0000000000003f80       0x90 /sources/glibc/src/glibc-2.37/build/libc_pic.a(memset-evex-unaligned-erms.os)
 .eh_frame      0x0000000000004010       0x90 /sources/glibc/src/glibc-2.37/build/libc_pic.a(memset-sse2-unaligned-erms.os)
 .eh_frame      0x00000000000040a0       0x30 /sources/glibc/src/glibc-2.37/build/libc_pic.a(rawmemchr-avx2.os)
 .eh_frame      0x00000000000040d0       0x30 /sources/glibc/src/glibc-2.37/build/libc_pic.a(rawmemchr-avx2-rtm.os)
 .eh_frame      0x0000000000004100       0x30 /sources/glibc/src/glibc-2.37/build/libc_pic.a(rawmemchr-evex.os)
 .eh_frame      0x0000000000004130       0x30 /sources/glibc/src/glibc-2.37/build/libc_pic.a(rawmemchr-evex-rtm.os)
 .eh_frame      0x0000000000004160       0x30 /sources/glibc/src/glibc-2.37/build/libc_pic.a(rawmemchr-sse2.os)
 .eh_frame      0x0000000000004190       0x30 /sources/glibc/src/glibc-2.37/build/libc_pic.a(stpcpy-avx2.os)
 .eh_frame      0x00000000000041c0       0x30 /sources/glibc/src/glibc-2.37/build/libc_pic.a(stpcpy-avx2-rtm.os)
 .eh_frame      0x00000000000041f0       0x30 /sources/glibc/src/glibc-2.37/build/libc_pic.a(stpcpy-evex.os)
 .eh_frame      0x0000000000004220       0x30 /sources/glibc/src/glibc-2.37/build/libc_pic.a(stpcpy-sse2.os)
 .eh_frame      0x0000000000004250       0x30 /sources/glibc/src/glibc-2.37/build/libc_pic.a(stpcpy-sse2-unaligned.os)
 .eh_frame      0x0000000000004280       0x30 /sources/glibc/src/glibc-2.37/build/libc_pic.a(strchr-avx2.os)
 .eh_frame      0x00000000000042b0       0x30 /sources/glibc/src/glibc-2.37/build/libc_pic.a(strchr-avx2-rtm.os)
 .eh_frame      0x00000000000042e0       0x30 /sources/glibc/src/glibc-2.37/build/libc_pic.a(strchr-evex.os)
 .eh_frame      0x0000000000004310       0x30 /sources/glibc/src/glibc-2.37/build/libc_pic.a(strchr-sse2.os)
 .eh_frame      0x0000000000004340       0x30 /sources/glibc/src/glibc-2.37/build/libc_pic.a(strchr-sse2-no-bsf.os)
 .eh_frame      0x0000000000004370       0x30 /sources/glibc/src/glibc-2.37/build/libc_pic.a(strcmp-avx2.os)
 .eh_frame      0x00000000000043a0       0x30 /sources/glibc/src/glibc-2.37/build/libc_pic.a(strcmp-avx2-rtm.os)
 .eh_frame      0x00000000000043d0       0x30 /sources/glibc/src/glibc-2.37/build/libc_pic.a(strcmp-evex.os)
 .eh_frame      0x0000000000004400       0x30 /sources/glibc/src/glibc-2.37/build/libc_pic.a(strcmp-sse2.os)
 .eh_frame      0x0000000000004430       0x30 /sources/glibc/src/glibc-2.37/build/libc_pic.a(strcmp-sse2-unaligned.os)
 .eh_frame      0x0000000000004460       0x30 /sources/glibc/src/glibc-2.37/build/libc_pic.a(strcmp-sse4_2.os)
 .eh_frame      0x0000000000004490       0x30 /sources/glibc/src/glibc-2.37/build/libc_pic.a(strcspn-sse4.os)
 .eh_frame      0x00000000000044c0       0x30 /sources/glibc/src/glibc-2.37/build/libc_pic.a(strlen-avx2.os)
 .eh_frame      0x00000000000044f0       0x30 /sources/glibc/src/glibc-2.37/build/libc_pic.a(strlen-avx2-rtm.os)
 .eh_frame      0x0000000000004520       0x30 /sources/glibc/src/glibc-2.37/build/libc_pic.a(strlen-evex.os)
 .eh_frame      0x0000000000004550       0x30 /sources/glibc/src/glibc-2.37/build/libc_pic.a(strlen-sse2.os)
 .eh_frame      0x0000000000004580       0x30 /sources/glibc/src/glibc-2.37/build/libc_pic.a(strncmp-avx2.os)
 .eh_frame      0x00000000000045b0       0x30 /sources/glibc/src/glibc-2.37/build/libc_pic.a(strncmp-avx2-rtm.os)
 .eh_frame      0x00000000000045e0       0x30 /sources/glibc/src/glibc-2.37/build/libc_pic.a(strncmp-evex.os)
 .eh_frame      0x0000000000004610       0x30 /sources/glibc/src/glibc-2.37/build/libc_pic.a(strncmp-sse2.os)
 .eh_frame      0x0000000000004640       0x30 /sources/glibc/src/glibc-2.37/build/libc_pic.a(strncmp-sse4_2.os)
 .eh_frame      0x0000000000004670       0x30 /sources/glibc/src/glibc-2.37/build/libc_pic.a(strnlen-avx2.os)
 .eh_frame      0x00000000000046a0       0x30 /sources/glibc/src/glibc-2.37/build/libc_pic.a(strnlen-avx2-rtm.os)
 .eh_frame      0x00000000000046d0       0x30 /sources/glibc/src/glibc-2.37/build/libc_pic.a(strnlen-evex.os)
 .eh_frame      0x0000000000004700       0x30 /sources/glibc/src/glibc-2.37/build/libc_pic.a(strnlen-sse2.os)
 .eh_frame      0x0000000000004730       0x40 /sources/glibc/src/glibc-2.37/build/libc_pic.a(strcspn-generic.os)
 .eh_frame      0x0000000000004770       0x40 /sources/glibc/src/glibc-2.37/build/libc_pic.a(cacheinfo.os)
 .eh_frame      0x00000000000047b0       0x38 /sources/glibc/src/glibc-2.37/build/libc_pic.a(closedir.os)
 .eh_frame      0x00000000000047e8       0x50 /sources/glibc/src/glibc-2.37/build/libc_pic.a(rewinddir.os)
 .eh_frame      0x0000000000004838       0x58 /sources/glibc/src/glibc-2.37/build/libc_pic.a(readdir64.os)
 .eh_frame      0x0000000000004890       0x48 /sources/glibc/src/glibc-2.37/build/libc_pic.a(fdopendir.os)
 .eh_frame      0x00000000000048d8       0x30 /sources/glibc/src/glibc-2.37/build/libc_pic.a(uname.os)
 .eh_frame      0x0000000000004908       0x30 /sources/glibc/src/glibc-2.37/build/libc_pic.a(_exit.os)
 .eh_frame      0x0000000000004938       0x30 /sources/glibc/src/glibc-2.37/build/libc_pic.a(getpid.os)
 .eh_frame      0x0000000000004968       0x30 /sources/glibc/src/glibc-2.37/build/libc_pic.a(stat64.os)
 .eh_frame      0x0000000000004998       0x30 /sources/glibc/src/glibc-2.37/build/libc_pic.a(fstat64.os)
 .eh_frame      0x00000000000049c8       0x30 /sources/glibc/src/glibc-2.37/build/libc_pic.a(lstat64.os)
 .eh_frame      0x00000000000049f8       0x30 /sources/glibc/src/glibc-2.37/build/libc_pic.a(fstatat64.os)
 .eh_frame      0x0000000000004a28       0x38 /sources/glibc/src/glibc-2.37/build/libc_pic.a(openat64.os)
 .eh_frame      0x0000000000004a60       0x30 /sources/glibc/src/glibc-2.37/build/libc_pic.a(lseek64.os)
 .eh_frame      0x0000000000004a90       0x30 /sources/glibc/src/glibc-2.37/build/libc_pic.a(access.os)
 .eh_frame      0x0000000000004ac0       0x30 /sources/glibc/src/glibc-2.37/build/libc_pic.a(close_nocancel.os)
 .eh_frame      0x0000000000004af0       0x50 /sources/glibc/src/glibc-2.37/build/libc_pic.a(fcntl_nocancel.os)
 .eh_frame      0x0000000000004b40       0x38 /sources/glibc/src/glibc-2.37/build/libc_pic.a(open64_nocancel.os)
 .eh_frame      0x0000000000004b78       0x30 /sources/glibc/src/glibc-2.37/build/libc_pic.a(read_nocancel.os)
 .eh_frame      0x0000000000004ba8       0x30 /sources/glibc/src/glibc-2.37/build/libc_pic.a(pread64_nocancel.os)
 .eh_frame      0x0000000000004bd8       0x30 /sources/glibc/src/glibc-2.37/build/libc_pic.a(write_nocancel.os)
 .eh_frame      0x0000000000004c08       0x30 /sources/glibc/src/glibc-2.37/build/libc_pic.a(mmap64.os)
 .eh_frame      0x0000000000004c38       0x30 /sources/glibc/src/glibc-2.37/build/libc_pic.a(munmap.os)
 .eh_frame      0x0000000000004c68       0x30 /sources/glibc/src/glibc-2.37/build/libc_pic.a(mprotect.os)
 .eh_frame      0x0000000000004c98       0x88 /sources/glibc/src/glibc-2.37/build/libc_pic.a(profil.os)
 .eh_frame      0x0000000000004d20       0x30 /sources/glibc/src/glibc-2.37/build/libc_pic.a(prof-freq.os)
 .eh_frame      0x0000000000004d50       0x30 /sources/glibc/src/glibc-2.37/build/libc_pic.a(dl-addr-obj.os)
 .eh_frame      0x0000000000004d80       0x30 /sources/glibc/src/glibc-2.37/build/libc_pic.a(sigaction.os)
 .eh_frame      0x0000000000004db0       0xc8 /sources/glibc/src/glibc-2.37/build/libc_pic.a(libc_sigaction.os)
                                         0xd0 (size before relaxing)
 .eh_frame      0x0000000000004e78       0x30 /sources/glibc/src/glibc-2.37/build/libc_pic.a(errname.os)
 .eh_frame      0x0000000000004ea8       0x30 /sources/glibc/src/glibc-2.37/build/libc_pic.a(strchrnul.os)
 .eh_frame      0x0000000000004ed8       0x30 /sources/glibc/src/glibc-2.37/build/libc_pic.a(strchrnul-avx2.os)
 .eh_frame      0x0000000000004f08       0x30 /sources/glibc/src/glibc-2.37/build/libc_pic.a(strchrnul-avx2-rtm.os)
 .eh_frame      0x0000000000004f38       0x30 /sources/glibc/src/glibc-2.37/build/libc_pic.a(strchrnul-evex.os)
 .eh_frame      0x0000000000004f68       0x30 /sources/glibc/src/glibc-2.37/build/libc_pic.a(strchrnul-sse2.os)
 .eh_frame      0x0000000000004f98       0x30 /sources/glibc/src/glibc-2.37/build/libc_pic.a(setitimer.os)
 .eh_frame      0x0000000000004fc8       0x2c /sources/glibc/src/glibc-2.37/build/libc_pic.a(getdents64.os)
                                         0x30 (size before relaxing)

.sframe
 *(.sframe)

.gcc_except_table
 *(.gcc_except_table)

.gnu_extab
 *(.gnu_extab*)

.exception_ranges
 *(.exception_ranges)

.eh_frame
 *(.eh_frame)

.sframe
 *(.sframe)

.gnu_extab
 *(.gnu_extab)

.gcc_except_table
 *(.gcc_except_table)

.exception_ranges
 *(.exception_ranges)

.tdata
 *(.tdata)

.tbss           0x0000000000000000        0x4
 *(.tbss)
 .tbss          0x0000000000000000        0x4 /sources/glibc/src/glibc-2.37/build/libc_pic.a(errno.os)
                0x0000000000000000                errno
                0x0000000000000000                __libc_errno

.jcr
 *(.jcr)

.dynamic
 *(.dynamic)

.got
 *(.got)

.got.plt
 *(.got.plt)

.data           0x0000000000000000     0x1118
 *(.data)
 .data          0x0000000000000000        0x0 /sources/glibc/src/glibc-2.37/build/elf/librtld.mapT.o
 .data          0x0000000000000000     0x10e8 /sources/glibc/src/glibc-2.37/build/elf/dl-allobjs.os
                0x0000000000000000                _rtld_global
                0x0000000000000000                _rtld_local
 .data          0x00000000000010e8        0x0 /sources/glibc/src/glibc-2.37/build/libc_pic.a(check_fds.os)
 .data          0x00000000000010e8        0x0 /sources/glibc/src/glibc-2.37/build/libc_pic.a(errno.os)
 .data          0x00000000000010e8        0x0 /sources/glibc/src/glibc-2.37/build/libc_pic.a(setjmp.os)
 .data          0x00000000000010e8        0x0 /sources/glibc/src/glibc-2.37/build/libc_pic.a(__longjmp.os)
 .data          0x00000000000010e8        0x0 /sources/glibc/src/glibc-2.37/build/libc_pic.a(lowlevellock.os)
 .data          0x00000000000010e8        0x0 /sources/glibc/src/glibc-2.37/build/libc_pic.a(scratch_buffer_set_array_size.os)
 .data          0x00000000000010e8        0x0 /sources/glibc/src/glibc-2.37/build/libc_pic.a(memchr.os)
 .data          0x00000000000010e8        0x0 /sources/glibc/src/glibc-2.37/build/libc_pic.a(memcmp.os)
 .data          0x00000000000010e8        0x0 /sources/glibc/src/glibc-2.37/build/libc_pic.a(memcpy.os)
 .data          0x00000000000010e8        0x0 /sources/glibc/src/glibc-2.37/build/libc_pic.a(memmove.os)
 .data          0x00000000000010e8        0x0 /sources/glibc/src/glibc-2.37/build/libc_pic.a(mempcpy.os)
 .data          0x00000000000010e8        0x0 /sources/glibc/src/glibc-2.37/build/libc_pic.a(memset.os)
 .data          0x00000000000010e8        0x0 /sources/glibc/src/glibc-2.37/build/libc_pic.a(rawmemchr.os)
 .data          0x00000000000010e8        0x0 /sources/glibc/src/glibc-2.37/build/libc_pic.a(stpcpy.os)
 .data          0x00000000000010e8        0x0 /sources/glibc/src/glibc-2.37/build/libc_pic.a(strchr.os)
 .data          0x00000000000010e8        0x0 /sources/glibc/src/glibc-2.37/build/libc_pic.a(strcmp.os)
 .data          0x00000000000010e8        0x0 /sources/glibc/src/glibc-2.37/build/libc_pic.a(strcspn.os)
 .data          0x00000000000010e8        0x0 /sources/glibc/src/glibc-2.37/build/libc_pic.a(strdup.os)
 .data          0x00000000000010e8        0x0 /sources/glibc/src/glibc-2.37/build/libc_pic.a(strerrorname_np.os)
 .data          0x00000000000010e8        0x0 /sources/glibc/src/glibc-2.37/build/libc_pic.a(strlen.os)
 .data          0x00000000000010e8        0x0 /sources/glibc/src/glibc-2.37/build/libc_pic.a(strncmp.os)
 .data          0x00000000000010e8        0x0 /sources/glibc/src/glibc-2.37/build/libc_pic.a(strnlen.os)
 .data          0x00000000000010e8        0x0 /sources/glibc/src/glibc-2.37/build/libc_pic.a(memchr-avx2.os)
 .data          0x00000000000010e8        0x0 /sources/glibc/src/glibc-2.37/build/libc_pic.a(memchr-avx2-rtm.os)
 .data          0x00000000000010e8        0x0 /sources/glibc/src/glibc-2.37/build/libc_pic.a(memchr-evex.os)
 .data          0x00000000000010e8        0x0 /sources/glibc/src/glibc-2.37/build/libc_pic.a(memchr-evex-rtm.os)
 .data          0x00000000000010e8        0x0 /sources/glibc/src/glibc-2.37/build/libc_pic.a(memchr-sse2.os)
 .data          0x00000000000010e8        0x0 /sources/glibc/src/glibc-2.37/build/libc_pic.a(memcmp-avx2-movbe.os)
 .data          0x00000000000010e8        0x0 /sources/glibc/src/glibc-2.37/build/libc_pic.a(memcmp-avx2-movbe-rtm.os)
 .data          0x00000000000010e8        0x0 /sources/glibc/src/glibc-2.37/build/libc_pic.a(memcmp-evex-movbe.os)
 .data          0x00000000000010e8        0x0 /sources/glibc/src/glibc-2.37/build/libc_pic.a(memcmp-sse2.os)
 .data          0x00000000000010e8        0x0 /sources/glibc/src/glibc-2.37/build/libc_pic.a(memmove-avx-unaligned-erms.os)
 .data          0x00000000000010e8        0x0 /sources/glibc/src/glibc-2.37/build/libc_pic.a(memmove-avx-unaligned-erms-rtm.os)
 .data          0x00000000000010e8        0x0 /sources/glibc/src/glibc-2.37/build/libc_pic.a(memmove-avx512-no-vzeroupper.os)
 .data          0x00000000000010e8        0x0 /sources/glibc/src/glibc-2.37/build/libc_pic.a(memmove-avx512-unaligned-erms.os)
 .data          0x00000000000010e8        0x0 /sources/glibc/src/glibc-2.37/build/libc_pic.a(memmove-erms.os)
 .data          0x00000000000010e8        0x0 /sources/glibc/src/glibc-2.37/build/libc_pic.a(memmove-evex-unaligned-erms.os)
 .data          0x00000000000010e8        0x0 /sources/glibc/src/glibc-2.37/build/libc_pic.a(memmove-sse2-unaligned-erms.os)
 .data          0x00000000000010e8        0x0 /sources/glibc/src/glibc-2.37/build/libc_pic.a(memmove-ssse3.os)
 .data          0x00000000000010e8        0x0 /sources/glibc/src/glibc-2.37/build/libc_pic.a(memset-avx2-unaligned-erms.os)
 .data          0x00000000000010e8        0x0 /sources/glibc/src/glibc-2.37/build/libc_pic.a(memset-avx2-unaligned-erms-rtm.os)
 .data          0x00000000000010e8        0x0 /sources/glibc/src/glibc-2.37/build/libc_pic.a(memset-avx512-no-vzeroupper.os)
 .data          0x00000000000010e8        0x0 /sources/glibc/src/glibc-2.37/build/libc_pic.a(memset-avx512-unaligned-erms.os)
 .data          0x00000000000010e8        0x0 /sources/glibc/src/glibc-2.37/build/libc_pic.a(memset-erms.os)
 .data          0x00000000000010e8        0x0 /sources/glibc/src/glibc-2.37/build/libc_pic.a(memset-evex-unaligned-erms.os)
 .data          0x00000000000010e8        0x0 /sources/glibc/src/glibc-2.37/build/libc_pic.a(memset-sse2-unaligned-erms.os)
 .data          0x00000000000010e8        0x0 /sources/glibc/src/glibc-2.37/build/libc_pic.a(rawmemchr-avx2.os)
 .data          0x00000000000010e8        0x0 /sources/glibc/src/glibc-2.37/build/libc_pic.a(rawmemchr-avx2-rtm.os)
 .data          0x00000000000010e8        0x0 /sources/glibc/src/glibc-2.37/build/libc_pic.a(rawmemchr-evex.os)
 .data          0x00000000000010e8        0x0 /sources/glibc/src/glibc-2.37/build/libc_pic.a(rawmemchr-evex-rtm.os)
 .data          0x00000000000010e8        0x0 /sources/glibc/src/glibc-2.37/build/libc_pic.a(rawmemchr-sse2.os)
 .data          0x00000000000010e8        0x0 /sources/glibc/src/glibc-2.37/build/libc_pic.a(stpcpy-avx2.os)
 .data          0x00000000000010e8        0x0 /sources/glibc/src/glibc-2.37/build/libc_pic.a(stpcpy-avx2-rtm.os)
 .data          0x00000000000010e8        0x0 /sources/glibc/src/glibc-2.37/build/libc_pic.a(stpcpy-evex.os)
 .data          0x00000000000010e8        0x0 /sources/glibc/src/glibc-2.37/build/libc_pic.a(stpcpy-sse2.os)
 .data          0x00000000000010e8        0x0 /sources/glibc/src/glibc-2.37/build/libc_pic.a(stpcpy-sse2-unaligned.os)
 .data          0x00000000000010e8        0x0 /sources/glibc/src/glibc-2.37/build/libc_pic.a(strchr-avx2.os)
 .data          0x00000000000010e8        0x0 /sources/glibc/src/glibc-2.37/build/libc_pic.a(strchr-avx2-rtm.os)
 .data          0x00000000000010e8        0x0 /sources/glibc/src/glibc-2.37/build/libc_pic.a(strchr-evex.os)
 .data          0x00000000000010e8        0x0 /sources/glibc/src/glibc-2.37/build/libc_pic.a(strchr-sse2.os)
 .data          0x00000000000010e8        0x0 /sources/glibc/src/glibc-2.37/build/libc_pic.a(strchr-sse2-no-bsf.os)
 .data          0x00000000000010e8        0x0 /sources/glibc/src/glibc-2.37/build/libc_pic.a(strcmp-avx2.os)
 .data          0x00000000000010e8        0x0 /sources/glibc/src/glibc-2.37/build/libc_pic.a(strcmp-avx2-rtm.os)
 .data          0x00000000000010e8        0x0 /sources/glibc/src/glibc-2.37/build/libc_pic.a(strcmp-evex.os)
 .data          0x00000000000010e8        0x0 /sources/glibc/src/glibc-2.37/build/libc_pic.a(strcmp-sse2.os)
 .data          0x00000000000010e8        0x0 /sources/glibc/src/glibc-2.37/build/libc_pic.a(strcmp-sse2-unaligned.os)
 .data          0x00000000000010e8        0x0 /sources/glibc/src/glibc-2.37/build/libc_pic.a(strcmp-sse4_2.os)
 .data          0x00000000000010e8        0x0 /sources/glibc/src/glibc-2.37/build/libc_pic.a(strcspn-sse4.os)
 .data          0x00000000000010e8        0x0 /sources/glibc/src/glibc-2.37/build/libc_pic.a(strlen-avx2.os)
 .data          0x00000000000010e8        0x0 /sources/glibc/src/glibc-2.37/build/libc_pic.a(strlen-avx2-rtm.os)
 .data          0x00000000000010e8        0x0 /sources/glibc/src/glibc-2.37/build/libc_pic.a(strlen-evex.os)
 .data          0x00000000000010e8        0x0 /sources/glibc/src/glibc-2.37/build/libc_pic.a(strlen-sse2.os)
 .data          0x00000000000010e8        0x0 /sources/glibc/src/glibc-2.37/build/libc_pic.a(strncmp-avx2.os)
 .data          0x00000000000010e8        0x0 /sources/glibc/src/glibc-2.37/build/libc_pic.a(strncmp-avx2-rtm.os)
 .data          0x00000000000010e8        0x0 /sources/glibc/src/glibc-2.37/build/libc_pic.a(strncmp-evex.os)
 .data          0x00000000000010e8        0x0 /sources/glibc/src/glibc-2.37/build/libc_pic.a(strncmp-sse2.os)
 .data          0x00000000000010e8        0x0 /sources/glibc/src/glibc-2.37/build/libc_pic.a(strncmp-sse4_2.os)
 .data          0x00000000000010e8        0x0 /sources/glibc/src/glibc-2.37/build/libc_pic.a(strnlen-avx2.os)
 .data          0x00000000000010e8        0x0 /sources/glibc/src/glibc-2.37/build/libc_pic.a(strnlen-avx2-rtm.os)
 .data          0x00000000000010e8        0x0 /sources/glibc/src/glibc-2.37/build/libc_pic.a(strnlen-evex.os)
 .data          0x00000000000010e8        0x0 /sources/glibc/src/glibc-2.37/build/libc_pic.a(strnlen-sse2.os)
 .data          0x00000000000010e8        0x0 /sources/glibc/src/glibc-2.37/build/libc_pic.a(varshift.os)
 .data          0x00000000000010e8        0x0 /sources/glibc/src/glibc-2.37/build/libc_pic.a(strcspn-generic.os)
 .data          0x00000000000010e8       0x30 /sources/glibc/src/glibc-2.37/build/libc_pic.a(cacheinfo.os)
                0x00000000000010e8                __x86_rep_stosb_threshold
                0x00000000000010f0                __x86_rep_movsb_threshold
                0x00000000000010f8                __x86_shared_cache_size
                0x0000000000001100                __x86_shared_cache_size_half
                0x0000000000001108                __x86_data_cache_size
                0x0000000000001110                __x86_data_cache_size_half
 .data          0x0000000000001118        0x0 /sources/glibc/src/glibc-2.37/build/libc_pic.a(closedir.os)
 .data          0x0000000000001118        0x0 /sources/glibc/src/glibc-2.37/build/libc_pic.a(rewinddir.os)
 .data          0x0000000000001118        0x0 /sources/glibc/src/glibc-2.37/build/libc_pic.a(readdir64.os)
 .data          0x0000000000001118        0x0 /sources/glibc/src/glibc-2.37/build/libc_pic.a(fdopendir.os)
 .data          0x0000000000001118        0x0 /sources/glibc/src/glibc-2.37/build/libc_pic.a(uname.os)
 .data          0x0000000000001118        0x0 /sources/glibc/src/glibc-2.37/build/libc_pic.a(_exit.os)
 .data          0x0000000000001118        0x0 /sources/glibc/src/glibc-2.37/build/libc_pic.a(getpid.os)
 .data          0x0000000000001118        0x0 /sources/glibc/src/glibc-2.37/build/libc_pic.a(environ.os)
 .data          0x0000000000001118        0x0 /sources/glibc/src/glibc-2.37/build/libc_pic.a(stat64.os)
 .data          0x0000000000001118        0x0 /sources/glibc/src/glibc-2.37/build/libc_pic.a(fstat64.os)
 .data          0x0000000000001118        0x0 /sources/glibc/src/glibc-2.37/build/libc_pic.a(lstat64.os)
 .data          0x0000000000001118        0x0 /sources/glibc/src/glibc-2.37/build/libc_pic.a(fstatat64.os)
 .data          0x0000000000001118        0x0 /sources/glibc/src/glibc-2.37/build/libc_pic.a(openat64.os)
 .data          0x0000000000001118        0x0 /sources/glibc/src/glibc-2.37/build/libc_pic.a(lseek64.os)
 .data          0x0000000000001118        0x0 /sources/glibc/src/glibc-2.37/build/libc_pic.a(access.os)
 .data          0x0000000000001118        0x0 /sources/glibc/src/glibc-2.37/build/libc_pic.a(close_nocancel.os)
 .data          0x0000000000001118        0x0 /sources/glibc/src/glibc-2.37/build/libc_pic.a(fcntl_nocancel.os)
 .data          0x0000000000001118        0x0 /sources/glibc/src/glibc-2.37/build/libc_pic.a(open64_nocancel.os)
 .data          0x0000000000001118        0x0 /sources/glibc/src/glibc-2.37/build/libc_pic.a(read_nocancel.os)
 .data          0x0000000000001118        0x0 /sources/glibc/src/glibc-2.37/build/libc_pic.a(pread64_nocancel.os)
 .data          0x0000000000001118        0x0 /sources/glibc/src/glibc-2.37/build/libc_pic.a(write_nocancel.os)
 .data          0x0000000000001118        0x0 /sources/glibc/src/glibc-2.37/build/libc_pic.a(mmap64.os)
 .data          0x0000000000001118        0x0 /sources/glibc/src/glibc-2.37/build/libc_pic.a(munmap.os)
 .data          0x0000000000001118        0x0 /sources/glibc/src/glibc-2.37/build/libc_pic.a(mprotect.os)
 .data          0x0000000000001118        0x0 /sources/glibc/src/glibc-2.37/build/libc_pic.a(single_threaded.os)
 .data          0x0000000000001118        0x0 /sources/glibc/src/glibc-2.37/build/libc_pic.a(profil.os)
 .data          0x0000000000001118        0x0 /sources/glibc/src/glibc-2.37/build/libc_pic.a(prof-freq.os)
 .data          0x0000000000001118        0x0 /sources/glibc/src/glibc-2.37/build/libc_pic.a(dl-addr-obj.os)
 .data          0x0000000000001118        0x0 /sources/glibc/src/glibc-2.37/build/libc_pic.a(sigaction.os)
 .data          0x0000000000001118        0x0 /sources/glibc/src/glibc-2.37/build/libc_pic.a(libc_sigaction.os)
 .data          0x0000000000001118        0x0 /sources/glibc/src/glibc-2.37/build/libc_pic.a(errname.os)
 .data          0x0000000000001118        0x0 /sources/glibc/src/glibc-2.37/build/libc_pic.a(strchrnul.os)
 .data          0x0000000000001118        0x0 /sources/glibc/src/glibc-2.37/build/libc_pic.a(strchrnul-avx2.os)
 .data          0x0000000000001118        0x0 /sources/glibc/src/glibc-2.37/build/libc_pic.a(strchrnul-avx2-rtm.os)
 .data          0x0000000000001118        0x0 /sources/glibc/src/glibc-2.37/build/libc_pic.a(strchrnul-evex.os)